WK Sistemas - Demonstração                                         RAZÄO N.    3              DE 20/03/24 ATÉ 20/03/24    PAG.    1
                                                                                                         Data de Emissão : 24/05/24
  DATA   HISTÓRICO                                     CONTRAPARTIDA   CHAVE            DÉBITO           CRÉDITO             SALDO


           81  1.1.01.02              BANCOS                                  
CONTA:    187  1.1.01.02.01           Banco Itau - Junior                                         
         SALDO ANTERIOR                                                                                                   1.678,99C
20/03/24 Valor Ref. Pagto de 7 Almoços (demolição)              5552  116131                              105,00          1.783,99C
         Valor  Ref. Pagto do Uber (Josué) - Mj Peças/ Nestor
         Moreira                                                1755  116149                               15,00          1.798,99C
         Valor  Ref.  Compra  de  gás  de  cozinha  e 3 águas
         minerais                                                     116157                              100,00          1.898,99C
         Valor  Ref.  Compra de sacos de lixo (1 fardo c/ 100
         und)                                                   2721  116181                               25,00          1.923,99C
         Valor Ref. Despesas obras (Serviços Online)            4073  116327                              195,60          2.119,59C
         Valor Ref. Despesas Mecânico                           1666  116335                              100,00          2.219,59C
         Valor Ref. Pagto INSS - Comp. 02/2024                  2826  116343                            1.655,70          3.875,29C
         Valor Ref. Pagto Cartão Hiper (Elza) - Parc. 30/60     3116  116351                              266,72          4.142,01C
         Valor  Ref.  Pagto  Compra  de  bomba  hidráulica na
         Rediesel c/ a NF 1019146 - 3/3                         5842  116360                              171,00          4.313,01C
         Valor   Ref.  Pagto  Compra  de  Kit  reparo,  borda
         cortante,    parafuso   lâmina,porca   sext,   dente
         central,  dente lateral, parafuso sext, porca lâmina
         na MJ Peças c/ a NF 901 - 3/3                           840  116378                            2.560,00          6.873,01C
         Valor Ref. Pagto Tx. IPVA 2024 (NXU6768) - 2/10         796  116386                               66,08          6.939,09C
         Valor Ref. Pagto Financ. Nivus - 4/60                  5701  116394                            2.657,39          9.596,48C
         Valor  Ref.  Abastec.  RE03,  RE04  e Classic na APR
         Combustiveis  c/  as  NFCe 124891, 124896 e 124976 -
         19/03/24                                                     116416                              584,97         10.181,45C
         Valor  Ref.  Abastec.  RE03,  RE04  e Classic na APR
         Combustiveis c/ as NFCe 125315 e 126290 - 20/03/24           116459                              682,71         10.864,16C
         Valor Ref. Transf. entre contas                         158  117196          4.500,00                            6.364,16C
         Valor Ref. Retirada pró-labore                         3174  117218                               90,00          6.454,16C
         Valor Ref. Transf. entre contas                         158  117251          1.000,00                            5.454,16C
         Valor Ref. Pagto produção (CB Badu)                     981  117625                              500,00          5.954,16C
                                                                  TOTAIS =            5.500,00          9.775,17          5.954,16C
*********************
                     **
                       **
                         **
                           **
                             **
                               **
                                 **
                                   **
                                     **
                                       **
                                         **
                                           **
                                             **
                                               **
                                                 **
                                                   **
                                                     **
                                                       **
                                                         **
                                                           **
                                                             **
                                                               **
                                                                 **
                                                                   **
                                                                     **
                                                                       **
                                                                         **
                                                                           **
                                                                             **
                                                                               **
                                                                                 **
                                                                                   **
                                                                                     **
                                                                                       **
                                                                                         **
                                                                                           **
                                                                                             **
                                                                                               **
                                                                                                 **
                                                                                                   **
                                                                                                     **
                                                                                                       **
                                                                                                         **
                                                                                                           **
                                                                                                             **
                                                                                                               *********************
