WK Sistemas - Demonstração                                         RAZÄO N.    3              DE 19/03/24 ATÉ 31/03/24    PAG.    1
                                                                                                         Data de Emissão : 24/05/24
  DATA   HISTÓRICO                                     CONTRAPARTIDA   CHAVE            DÉBITO           CRÉDITO             SALDO


           81  1.1.01.02              BANCOS                                  
CONTA:    187  1.1.01.02.01           Banco Itau - Junior                                         
         SALDO ANTERIOR                                                                                                     911,93C
19/03/24 Valor  Ref.  Compra  de  carro-pipa  c/  6000 litros
         (Luis Carlos)                                          2721  115932                              200,00          1.111,93C
         Valor Ref. Mantimentos                                 1494  115941                               30,61          1.142,54C
         Valor Ref. Mantimentos                                 1494  115959                               14,00          1.156,54C
         Valor Ref. Mantimentos                                 1494  115967                               77,85          1.234,39C
         Valor Ref. Mantimentos                                 1494  115975                                7,99          1.242,38C
         Valor Ref. Mantimentos                                 1494  115983                               22,50          1.264,88C
         Valor Ref. Mantimentos                                 1494  115991                              123,24          1.388,12C
         Valor Ref. Pagto de 7 Almoços (demolição)              5552  116114                              105,00          1.493,12C
         Valor Ref. Mantimentos                                 1494  116122                               21,30          1.514,42C
         Valor Ref. Pagto do Uber (Jessica)                     1755  116190                               15,57          1.529,99C
         Valor Ref. Compra de caixas de chocolates              3257  116301                               55,00          1.584,99C
         Valor  Ref.  Pagto  do  almoço  na  obra  (Antonio e
         Floriano)                                              5919  116319                               87,00          1.671,99C
         Valor Ref. Braspaek                                    2721  135101                                7,00          1.678,99C
20/03/24 Valor Ref. Pagto de 7 Almoços (demolição)              5552  116131                              105,00          1.783,99C
         Valor  Ref. Pagto do Uber (Josué) - Mj Peças/ Nestor
         Moreira                                                1755  116149                               15,00          1.798,99C
         Valor  Ref.  Compra  de  gás  de  cozinha  e 3 águas
         minerais                                                     116157                              100,00          1.898,99C
         Valor  Ref.  Compra de sacos de lixo (1 fardo c/ 100
         und)                                                   2721  116181                               25,00          1.923,99C
         Valor Ref. Despesas obras (Serviços Online)            4073  116327                              195,60          2.119,59C
         Valor Ref. Despesas Mecânico                           1666  116335                              100,00          2.219,59C
         Valor Ref. Pagto INSS - Comp. 02/2024                  2826  116343                            1.655,70          3.875,29C
         Valor Ref. Pagto Cartão Hiper (Elza) - Parc. 30/60     3116  116351                              266,72          4.142,01C
         Valor  Ref.  Pagto  Compra  de  bomba  hidráulica na
         Rediesel c/ a NF 1019146 - 3/3                         5842  116360                              171,00          4.313,01C
         Valor   Ref.  Pagto  Compra  de  Kit  reparo,  borda
         cortante,    parafuso   lâmina,porca   sext,   dente
         central,  dente lateral, parafuso sext, porca lâmina
         na MJ Peças c/ a NF 901 - 3/3                           840  116378                            2.560,00          6.873,01C
         Valor Ref. Pagto Tx. IPVA 2024 (NXU6768) - 2/10         796  116386                               66,08          6.939,09C
         Valor Ref. Pagto Financ. Nivus - 4/60                  5701  116394                            2.657,39          9.596,48C
         Valor  Ref.  Abastec.  RE03,  RE04  e Classic na APR
         Combustiveis  c/  as  NFCe 124891, 124896 e 124976 -
         19/03/24                                                     116416                              584,97         10.181,45C
         Valor  Ref.  Abastec.  RE03,  RE04  e Classic na APR
         Combustiveis c/ as NFCe 125315 e 126290 - 20/03/24           116459                              682,71         10.864,16C
         Valor Ref. Transf. entre contas                         158  117196          4.500,00                            6.364,16C
         Valor Ref. Retirada pró-labore                         3174  117218                               90,00          6.454,16C
         Valor Ref. Transf. entre contas                         158  117251          1.000,00                            5.454,16C
         Valor Ref. Pagto produção (CB Badu)                     981  117625                              500,00          5.954,16C
21/03/24 Valor Ref. Pagto de 8 Almoços (demolição)              5552  116408                              120,00          6.074,16C
         Valor  Ref.  Compra  de  filé  de  frango,  galinha,
         toscana e queijo                                       1494  116483                              176,20          6.250,36C
         Valor  Ref.  Pagto  do  vigia (obra: Baptista Leal -
         Curado)                                                5919  116491                              800,00          7.050,36C
         Valor Ref. Pagto do frete (Montana)                    2039  116505                              200,00          7.250,36C
         Valor Ref. Mantimentos                                 1494  116513                               85,44          7.335,80C
         Valor Ref. Mantimentos                                 1494  116521                               32,80          7.368,60C
         Valor Ref. Pagto Acordo (Santander) - parc 17/20       1258  116530                            1.884,13          9.252,73C
         Valor  Ref.  Pagto Compra de tela plástica p/ tapume
         na Ideal Ferro c/ a NF 33580                           3850  116548                              247,00          9.499,73C
         Valor  Ref.  Pagto  Compra  de cilindro roda, tambor
         freio,pastilha  de freio, pivô dianteiro e sapata de
         freio na Vertical c/ a NF 50442 - 2/3                  2737  116556                              233,30          9.733,03C
         Valor  Ref.  Abastec.  JQR2H64, HVC1036, RE03, RE01,
         RE04,  Moto  na  APR  Combust  c/  as  NFCs  123603,
         123600,   123490,   123983,206676,,123606   -  16  e
         17/03/24                                                     116564                            3.196,16         12.929,19C
         Valor   Ref.   Receb.  bm045/24  fdcx261  tratores  
         monteplan parnamirim                                    448  116955          3.437,22                            9.491,97C
         Valor Ref. Retirada pró-labore                         3174  117200                              500,00          9.991,97C
         Valor  Ref.  Receb. adiant. parcial (01) - demolição
         7 de setembro                                          4966  117226          3.000,00                            6.991,97C
         Valor  Ref.  Receb. adiant. parcial (02) - demolição
         7 de setembro                                          4966  117234          3.000,00                            3.991,97C
         Valor  Ref.  Receb. adiant. parcial (03) - demolição
         7 de setembro                                          4966  117242          3.500,00                              491,97C
22/03/24 Valor Ref. Aluguel de carroça                          6280  116645                               35,00            526,97C
         Valor Ref. Pagto de 4 almoços (demolição)              6333  116653                               60,00            586,97C
         Valor  Ref. Pagto de Uber (Elenilson) - Sto Antonio/
         7 de setembro                                          6333  116661                               28,00            614,97C
         Valor Ref. Caixa p/ despesas                           5671  116670                              300,00            914,97C
         Valor  Ref.  Pagto  do  serviço de lava-jato (Const.
         Santo Antonio)                                         5552  116688                              350,00          1.264,97C
         Valor   Ref.  Pagto  de  Uber  (Elenilson)  -  7  de
         setembro/ Sto Antonio                                  6333  116696                               40,00          1.304,97C
         Valor  Ref.  Pagto  do  saldo.50% do fornecimento de
         BGS (Areia Express)                                    3241  116866                            4.950,00          6.254,97C
WK Sistemas - Demonstração                                         RAZÄO N.    3              DE 19/03/24 ATÉ 31/03/24    PAG.    2
                                                                                                         Data de Emissão : 24/05/24
  DATA   HISTÓRICO                                     CONTRAPARTIDA   CHAVE            DÉBITO           CRÉDITO             SALDO

           81  1.1.01.02              BANCOS                                  
CONTA:    187  1.1.01.02.01           Banco Itau - Junior                                          - continuação
22/03/24 Valor Ref. Pagto dos juros (MJ Peças)                  1459  116874                               52,05          6.307,02C
         Valor  Ref.  Pagto  Tx  CIM  (2014  a 2021) - Negoc.
         (Transp) - parc 26/60                                  2891  116882                              246,07          6.553,09C
         Valor  Ref. Pagto Serviço de recapagem e conserto de
         pneu na Dafonte Pneus c/ a NFSe 121942 - 4/4           5629  116891                              968,00          7.521,09C
         Valor Ref. Pagto de 4 almoços (demolição)              5552  117072                               60,00          7.581,09C
         Valor Ref. Refeições                                   1494  117188                               82,05          7.663,14C
         Valor Ref. Transf. entre contas                         158  117269          2.000,00                            5.663,14C
         Valor Ref. Receb. BM 052/24 - Fokus (Guilherme)        6244  117277         12.934,16                            7.271,02D
23/03/24 Valor Ref. Pagto do almoço (demolição)                 6333  116963                              140,00          7.131,02D
         Valor Ref. Pagto de Uber (Evaldo)                      2721  116971                                8,00          7.123,02D
         Valor Ref. Pagto de Uber (Jorge)                       2721  116980                               10,93          7.112,09D
         Valor Ref. Pagto de Uber (Jorge)                       2721  116998                               23,42          7.088,67D
         Valor Ref. Pagto das compras realizadas p as obras     3241  117030                            3.005,26          4.083,41D
         Valor Ref. Pagto do conserto p/ o mecânico Madson      1614  117064                            1.000,00          3.083,41D
         Valor Ref. Adiant. salarial (Milton)                   1621  117153                              500,00          2.583,41D
         Valor Ref. Pagto das diárias (motorista)               5552  117161                            1.000,00          1.583,41D
         Valor Ref. Pagto de lava-jato                          2721  117170                               45,00          1.538,41D
24/03/24 Valor Ref. Pagto do Uber (Jose Neilson)                6333  117099                               12,00          1.526,41D
         Valor Ref. Alimentação na obra                         6333  117102                               63,30          1.463,11D
         Valor Ref. Alimentação na obra                         6333  117111                               72,00          1.391,11D
         Valor Ref. Pagto das diárias (demolição manual)        6333  117129                            1.265,00            126,11D
         Valor Ref. Alimentação na obra                         6333  117137                               15,00            111,11D
         Valor Ref. Alimentação na obra                         6333  117145                               12,00             99,11D
25/03/24 Valor Ref. Ajuda de custo (esposa de Gabriel)          5552  117081                              100,00              0,89C
         Valor Ref. Mantimentos (filé de frango)                1494  117285                               92,90             93,79C
         Valor Ref. Pagto de 4 almoços (demolição)              5552  117293                               60,00            153,79C
         Valor   Ref.   Pagto  de  3  almoços  (demolição)  +
         despesas de obra                                             117307                               76,90            230,69C
         Valor  Ref.  Compra  de  carro-pipa  c/  6000 litros
         (Luis Carlos)                                          2721  117331                              200,00            430,69C
         Valor Ref. Pagto produção (CB Ailton)                   974  117374                            8.130,50          8.561,19C
         Valor Ref. Pagto da Taxa de removação da CNH (Elza)    2721  117382                              227,36          8.788,55C
         Valor Ref. Compra de 4 garrafões (água mineral)        1347  117391                               20,00          8.808,55C
         Valor Ref. Pagto Fatura CELPE - 02/2024                 751  117404                            1.028,48          9.837,03C
         Valor Ref. Pagto Fatura da TIM - Comp. 02/2024          939  117412                              309,80         10.146,83C
         Valor  Ref.  Pagto  Compra  de  limpa contatos, óleo
         deiton,  óleo  GT  Max e white lub na Vertical c/ NF
         51865 - 1/3                                            2737  117421                              198,02         10.344,85C
         Valor  Ref.  Pagto  IPTU  (Negociação 2017 a 2021) -
         Parc 24/36                                             2884  117439                              171,59         10.516,44C
         Valor  Ref.  Pagto  Compra de basculhamento, tensor,
         polia,  correia e bucha sub fixação na Rediesel c/ a
         NF 1018626 - 3/4                                             117455                              886,00         11.402,44C
         Valor  Ref.  Abastec.  RE02, RE03, RE04 e Classic na
         APR  Combust  c/  as  NFCs  125310,  125805, 125792,
         208613 e 208450 - 20 e 21/03/24                              117471                            3.200,38         14.602,82C
         Valor Ref. Compra de pó de pedra (SJ Transloc)         6280  117536                            2.400,00         17.002,82C
         Valor Ref. Pagto do Uber (demolição manual)            6340  117544                               55,00         17.057,82C
         Valor Ref. tranf. para itau                            4535  118818          7.000,00                           10.057,82C
         Valor Ref. transf. para itau                           4535  118842         50.000,00                           39.942,18D
26/03/24 Valor  Ref.  Pagto  do  serviço  de manutenção do ar
         condicionado (Diretoria) - Luciano                     2721  117366                              140,00         39.802,18D
         Valor Ref. Pagto de 5 almoços (demolição)              5552  117552                               75,00         39.727,18D
         Valor  Ref.  Pagto  Serviço  de Revisão: 100h, 500h,
         1000h, 1500h  e 2000h c/ a NFSe 11315 - 6/8                  117943                              499,47         39.227,71D
         Valor  Ref. Pagto Compra de materiais p/ garantia c/
         a NF 49004 - 6/8                                             117978                            2.803,70         36.424,01D
         Valor Ref. Pagto Negoc. BM 22, BM 23 e BM 24 - 2/2      922  117994                            2.771,25         33.652,76D
         Valor  Ref.  Pagto  Compra do radiador no Palácio do
         Radiador c/ a NF 11520 - 3/3                                 118010                            1.862,75         31.790,01D
         Valor  Ref. Pagto Compra de graxa azul e óleo GT Max
         na Vertical c/ a NF 49180 - 3/3                        2737  118036                              256,09         31.533,92D
         Valor  Ref.  Pagto  Compra de motor de partida na MJ
         Peças c/ a NF 986 - 1/2                                 840  118044                              950,00         30.583,92D
         Valor   Ref.  Abastec.  Nivus,  RE01,  Iveco,  RE03,
         HVC1036,  JQR2h64  e RE04 na APR Combust c/ as NFCs:
         126228,  126302,  126257,  126238, 126233 e 126240 -
         22/03/24                                                     118052                            4.382,77         26.201,15D
         Valor Ref. Pagto produção (CB Jean)                    1130  118150                           13.402,84         12.798,31D
         Valor  Ref. Pagto Partic. João (Vanessa) - De acordo
         c/ BM03 (Curado)                                       6103  118168                            8.424,79          4.373,52D
27/03/24 Valor Ref. Compra de paver (Val Lajes)                 6280  118176                            2.160,00          2.213,52D
         Valor  Ref.  Pagto  do  vigia (obra: Baptista Leal -
         Curado)                                                5919  118184                              800,00          1.413,52D
         Valor  Ref. Compra de sacos de lixo (2 fardos c/ 100
         und)                                                   2721  118192                               50,00          1.363,52D
         Valor Ref. Mantimentos                                 1494  118206                               18,77          1.344,75D
         Valor Ref. Mantimentos                                 1494  118214                              115,26          1.229,49D
         Valor Ref. Pagto de 6 almoços (demolição)              5552  118222                               90,00          1.139,49D
         Valor  Ref.  Adiant parcial da compra de fardamentos
         (Tony Edson)                                           2721  118231                            1.000,00            139,49D
         Valor  Ref.  Pagto do saldo da compra de fardamentos
         (Tony Edson)                                           2721  118257                              630,00            490,51C
WK Sistemas - Demonstração                                         RAZÄO N.    3              DE 19/03/24 ATÉ 31/03/24    PAG.    3
                                                                                                         Data de Emissão : 24/05/24
  DATA   HISTÓRICO                                     CONTRAPARTIDA   CHAVE            DÉBITO           CRÉDITO             SALDO

           81  1.1.01.02              BANCOS                                  
CONTA:    187  1.1.01.02.01           Banco Itau - Junior                                          - continuação
27/03/24 Valor   Ref.   Pagto   do   sinal  dos  bordados  de
         fardamentos (Jailton)                                  2721  118265                              100,00            590,51C
         Valor  Ref.  Pagto  do  sinal  da serigrafia da gola
         careca (Eliel Batista)                                 2721  118273                              100,00            690,51C
         Valor Ref. Devolução Empréstimo (Maynard)              3777  118320                           20.000,00         20.690,51C
         Valor  Ref.  Pagto  Tx CIM (2024) - 1º semestre (AJR
         Transp) - Parc 1/2                                     2891  118338                              787,46         21.477,97C
         Valor  Ref.  Pagto  Tx CIM (2024) - 1º semestre (AJR
         Tratores) - Parc 1/2                                   2891  118346                              503,84         21.981,81C
         Valor  Ref.  Pagto  Serviço  de Revisão: 100h, 500h,
         1000h, 1500h  e 2000h c/ a NFSe 11315 - 7/8            5049  118354                              466,72         22.448,53C
         Valor  Ref. Pagto Compra de materiais p/ garantia c/
         a NF 49004 - 7/8                                       5049  118362                            2.619,83         25.068,36C
         Valor  Ref.  Pagto Compra de cabo PP, tomada macho e
         fêmea e fita isolante na Mafema c/ a NF 147617 - 1/2   6238  118371                              587,65         25.656,01C
         Valor  Ref.  Pagto  Compra  de  filtro  lubrificante
         (RE03) na MJ Peças c/ a NF 1009                         840  118389                              175,00         25.831,01C
         Valor  Ref.  Pagto  Aluguel  da  placa  compactadora
         (Contrato 068319) c/a Fatura 153699                     827  118397                              350,00         26.181,01C
         Valor  Ref.  Abastec.  RE02 e RE04 na APR Combust c/
         as NFCs 125882 e 126932 - 23/03/24                           118401                              692,63         26.873,64C
         Valor  Ref.  Abastec.  RE03,  RE04  e  EH01  na  APR
         Combust  c/  as  NFCs  128227,  128231  e  128246  -
         26/03/24                                                     118435                            2.149,77         29.023,41C
         Valor Ref. receb. bm 057/24 brteno p. madalena          276  118931          4.137,75                           24.885,66C
         Valor Ref. receb. bm 53 breno nestor moreirra           276  118940         31.625,00                            6.739,34D
         Valor Ref. Receb. bm53 breno nestor moreira             276  125423         31.625,00                           38.364,34D
28/03/24 Valor Ref. Despesas Cx                                 5671  118281                               25,00         38.339,34D
         Valor Ref. Pagto de 6 almoços (demolição)              5552  118303                               90,00         38.249,34D
         Valor  Ref. Pagto do serviço de cromagem de cilindro
         na TM Loc c/ a NFSe 3744                               1608  118478                              550,00         37.699,34D
         Valor Ref. Pagto do Financiamento da JCB - Parc 8/57         118494                           11.382,31         26.317,03D
         Valor Ref. Pagto de 11 diárias x R$ 150 (Francisco)    2111  118575                            1.650,00         24.667,03D
         Valor Ref. Pagto das diárias (Edjane)                  3241  118583                              500,00         24.167,03D
         Valor Ref. Pagto das diárias (Wanderson)               3241  118591                              500,00         23.667,03D
         Valor Ref. Pagto das diárias (Leticia)                 3241  118605                            1.000,00         22.667,03D
         Valor Ref. Pagto das diárias (Vinicius)                3241  118613                              500,00         22.167,03D
         Valor Ref. Desp. ADM (Márcia Alexandre)                2721  118621                              126,00         22.041,03D
         Valor Ref. Pagto produção (João Aprigio)                     118630                            4.071,04         17.969,99D
         Valor Ref. Compra na farmácia                          2721  118648                               39,40         17.930,59D
         Valor Ref. Mantimentos                                 1494  118656                              254,38         17.676,21D
         Valor Ref. Mantimentos (peixe)                         1494  118664                              167,00         17.509,21D
         Valor Ref. Mantimentos (2 cocos)                       1494  118672                                8,00         17.501,21D
         Valor Ref. Mantimentos (verduras)                      1494  118681                              103,95         17.397,26D
         Valor Ref. Retirada Pró-labore                         3174  118699                           13.900,00          3.497,26D
         Valor Ref. Pagto produção (CB Nem)                     5322  118702                           10.517,09          7.019,83C
         Valor Ref. Pagto do serviço na Montana (Erildo)        2051  118711                              150,00          7.169,83C
         Valor  Ref.  Pagto  da  compra  de fardamentos (Tony
         Edson)                                                 2721  118729                              200,00          7.369,83C
         Valor  Ref.  Pagto  PGFN  -  SISPAR: 005842235 Comp.
         03/2024 - Parc 26/67                                   3464  118737                              125,65          7.495,48C
         Valor  Ref.  Pagto  Compra  de cilindro roda, tambor
         freio,pastilha  de freio, pivô dianteiro e sapata de
         freio na Vertical c/ a NF 50442 - 3/3                  2737  118745                              233,30          7.728,78C
         Valor  Ref. Pagto BM 25 e Recibo 2651 - Rastreamento
         EMLURB                                                  922  118753                              495,00          8.223,78C
         Valor Ref. Aporte financeiro                           1287  118761          4.000,00                            4.223,78C
         Valor  Ref.  Pagto  do  serviço de lava-jato (Const.
         Santo Antonio)                                         5552  118770                              350,00          4.573,78C
         Valor  Ref.  Pagto  Negoc. da indenização do martelo
         rompedor de 30kg da Locape c/ a Fatura 153491 - 1/5     827  119024                            2.000,00          6.573,78C
         Valor  Ref.  Pagto Compra de kir reparo, oleo eixo e
         oleo de freio da MJ Peças c/ a NF 991 - 1/2             840  119032                              960,00          7.533,78C
         Valor  Ref.  Pagto  BM  25  e  NFSe 1499 - Rastream.
         EMLURB                                                  922  119041                            1.352,50          8.886,28C
         Valor Ref. Aporte financeiro                           1287  119164            500,00                            8.386,28C
         Valor Ref. Pagto do Uber (Manuel)                      5552  119172                               45,31          8.431,59C
         Valor   Ref.  Pagto  do  Saldo  Salarial  -  Mar  24
         (Giselly)                                                    119385                              884,64          9.316,23C
         Valor   Ref.  Pagto  do  Saldo  Salarial  -  Fev  24
         (Giselly)                                                    119393                            1.088,17         10.404,40C
         Valor Ref. Pagto do Saldo Salarial - Mar 24 (Milton)         119415                              884,64         11.289,04C
         Valor Ref. Pagto do Saldo Salarial - Mar 24 (Milton)         119423                            1.128,21         12.417,25C
         Valor   Ref.  Pagto  do  Saldo  Salarial  -  Mar  24
         (Wellington Jose)                                            119440                            1.200,83         13.618,08C
         Valor   Ref.  Pagto  do  Saldo  Salarial  -  Mar  24
         (Wellington Jose)                                            119458                            1.691,74         15.309,82C
         Valor   Ref.  Pagto  do  Saldo  Salarial  -  Mar  24
         (Jamersson)                                                  119474                            1.200,83         16.510,65C
         Valor   Ref.  Pagto  do  Saldo  Salarial  -  Mar  24
         (Jamersson)                                                  119482                            1.339,23         17.849,88C
         Valor   Ref.  Pagto  do  Saldo  Salarial  -  Mar  24
         (Wellington Herc)                                            119504                            1.200,83         19.050,71C
WK Sistemas - Demonstração                                         RAZÄO N.    3              DE 19/03/24 ATÉ 31/03/24    PAG.    4
                                                                                                         Data de Emissão : 24/05/24
  DATA   HISTÓRICO                                     CONTRAPARTIDA   CHAVE            DÉBITO           CRÉDITO             SALDO

           81  1.1.01.02              BANCOS                                  
CONTA:    187  1.1.01.02.01           Banco Itau - Junior                                          - continuação
28/03/24 Valor   Ref.  Pagto  do  Saldo  Salarial  -  Mar  24
         (Wellington Herc)                                            119512                            2.653,46         21.704,17C
29/03/24 Valor Ref. Antonio Pereira da Silva Neto               5919  119113                            5.000,00         26.704,17C
         Valor   Ref.   Pagto   do   serviço   de   motorista
         (Alexsandro)                                                 119121                            2.100,00         28.804,17C
         Valor Ref. Aporte financeiro                           1287  119156          2.500,00                           26.304,17C
30/03/24 Valor Ref. Pagto Refeição (Roseane)                    6333  119059                               98,00         26.402,17C
         Valor Ref. Compra na Palma Parafusos c/ a NFC 204695   4861  119105                              181,44         26.583,61C
         Valor Ref. Compra de areia                             6280  119181                              160,00         26.743,61C
31/03/24 Valor Ref. Aporte financeiro                           1287  119067          1.200,00                           25.543,61C
         Valor  Ref.  Pagto  das diárias e almoços (demolição
         manual)                                                6333  119075                            1.115,00         26.658,61C
         Valor Ref. Refeição                                    6333  119083                                4,00         26.662,61C
         Valor Ref. Refeições                                   6333  119091                               59,20         26.721,81C
                                                                  TOTAIS =          165.959,13        191.769,01         26.721,81C

**
**
  **
    **
      **
        **
          **
            **
              **
                **
                  **
                    **
                      **
                        **
                          **
                            **
                              **
                                **
                                  **
                                    **
                                      **
                                        **
                                          **
                                            **
                                              **
                                                **
                                                  **
                                                    **
                                                      **
                                                        **
                                                          **
                                                            **
                                                              **
                                                                **
                                                                  **
                                                                    **
                                                                      **
                                                                        **
                                                                          **
                                                                            **
                                                                              **
                                                                                **
                                                                                  **
                                                                                    **
                                                                                      **
                                                                                        **
                                                                                          **
                                                                                            **
                                                                                              **
                                                                                                **
                                                                                                  **
                                                                                                    **
                                                                                                      **
                                                                                                        **
                                                                                                          **
                                                                                                            **
                                                                                                              **
                                                                                                                **
                                                                                                                  **
                                                                                                                    **
                                                                                                                      **
                                                                                                                        **
                                                                                                                          **
                                                                                                                            **
                                                                                                                              **
                                                                                                                                **
                                                                                                                                  **
                                                                                                                                    **
                                                                                                                                      
