WK Sistemas - Demonstração                                         RAZÄO N.    3              DE 15/04/24 ATÉ 03/05/24    PAG.    1
                                                                                                         Data de Emissão : 10/05/24
  DATA   HISTÓRICO                                     CONTRAPARTIDA   CHAVE            DÉBITO           CRÉDITO             SALDO


         3151  2.1.02.01              CAÇAMBEIROS                             
CONTA:    974  2.1.02.01.01           CB Ailton                                                   
         SALDO ANTERIOR                                                                                                   8.560,00C
15/04/24 Valor Ref. Pagto produção (CB Ailton)                   187  123986          6.160,00                            2.400,00C
         Valor  Ref.  Prod.  CB  Ailton  05  BF  -  Sto  Ant.
         Jequitinhoha                                           5552  125695                            1.250,00          3.650,00C
16/04/24 Valor  Ref.  Prod.  CB  Ailton  05  BF  -  Sto  Ant.
         Jequitinhoha                                           5552  125687                            1.250,00          4.900,00C
17/04/24 Valor Ref. Prod. Ailton 5 Santo Antonio                5552  127787                            1.250,00          6.150,00C
18/04/24 Valor  Ref.  Prod.  CB  Ailton  06  BF  -  Sto  Ant.
         Jequitinhoha                                           5552  125679                            1.500,00          7.650,00C
19/04/24 Valor  Ref.  Desconto  (Ailton) Rastreamento EMLURB.
         vencto. 19/04/24                                       3241  121746            434,00                            7.216,00C
         Valor  Ref.  Prod.  CB  Ailton  06  BF  -  Sto  Ant.
         Jequitinhoha                                           5552  125661                            1.500,00          8.716,00C
22/04/24 Valor Ref. Prod. CB Ailton to Antonio - 06 Terreno     5552  126349                            1.500,00         10.216,00C
         Valor Ref. Prod. CB Ailton Monteplam - Metralha        4009  126357                              200,00         10.416,00C
         Valor Ref. Pagto produção (CB Ailton)                   187  126403          2.400,00                            8.016,00C
23/04/24 Valor Ref. Prod. cb Ailton 04 - Sto Antonio Jequi.     5552  126802                            1.000,00          9.016,00C
24/04/24 Valor Ref. Prod. CB Ailton 06 - Sto Ant. Jequi         5552  127337                              500,00          9.516,00C
25/04/24 Valor Ref. Prod. CB Ailton 06  Sto Ant. Jeq.           5552  127591                            1.500,00         11.016,00C
26/04/24 Valor Ref. Prod. CB Ailton Azul 7 Santo Antonio        5552  127833                            1.750,00         12.766,00C
         Valor Ref. Pagto produção (CB Ailton)                   187  127981          6.316,00                            6.450,00C
27/04/24 Valor Ref. Prod. CB Ailton 04 AGR Marista              6563  127841                              880,00          7.330,00C
29/04/24 Valor Ref. Prod. CB Ailton Bco 04 AGR Marista          6563  127892                              880,00          8.210,00C
30/04/24 Valor Ref. Prod. CB Ailton 5 AGR - Marista             6563  128813                            1.100,00          9.310,00C
02/05/24 Valor Ref. Prod. CB Ailton 07 Sant. Ant. Jeq.          5552  129470                            1.750,00         11.060,00C
03/05/24 Valor Ref. Prod. CB Ailton 03 Sant. Ant. jequi         5552  129933                              750,00         11.810,00C
                                                                  TOTAIS =           15.310,00         18.560,00         11.810,00C
WK Sistemas - Demonstração                                         RAZÄO N.    3              DE 15/04/24 ATÉ 03/05/24    PAG.    2
                                                                                                         Data de Emissão : 10/05/24
  DATA   HISTÓRICO                                     CONTRAPARTIDA   CHAVE            DÉBITO           CRÉDITO             SALDO


         5316  2.1.02.01.01           CAÇAMBAS DIVERSAS                       
CONTA:   1130  2.1.02.01.01.01        CB HVC-1036 Jean                                            
         SALDO ANTERIOR                                                                                                   6.197,30C
15/04/24 Valor  Ref.  Prod.  CB  Nem/Bco  05  BF  -  Sto Ant.
         Jequitinhoha                                           5552  125768                            1.250,00          7.447,30C
16/04/24 Valor  Ref.  Prod.  CB  Nem/Bco  05  BF  -  Sto Ant.
         Jequitinhoha                                           5552  125750                            1.250,00          8.697,30C
17/04/24 Valor Ref. Prod. CB Nem BCo 5 Santo Antonio            5552  127795                            1.250,00          9.947,30C
18/04/24 Valor  Ref.  Prod.  CB  Nem/Bco  06  BF  -  Sto Ant.
         Jequitinhoha                                           5552  125741                            1.500,00         11.447,30C
19/04/24 Valor  Ref.  Desconto  (Jean)  Rastreamento  EMLURB.
         venc. 19/04/24                                         3241  121754            434,00                           11.013,30C
         Valor  Ref.  Prod.  CB  Nem/Bco  07  BF  -  Sto Ant.
         Jequitinhoha                                           5552  125776                            1.750,00         12.763,30C
20/04/24 Valor Ref. Prod. CB Nem Bco 03 BF - Monteplan          4009  125806                              600,00         13.363,30C
22/04/24 Valor Ref. Pagto produção (CB Jean)                     187  126381          6.197,30                            7.166,00C
23/04/24 Valor Ref. Prod. cb Nem Azul 06 - Sto Antonio Jequi.   5552  126829                            1.500,00          8.666,00C
24/04/24 Valor Ref. Prod. CB Nem Bco 04 - Sto Ant. Jequi        5552  127329                            1.000,00          9.666,00C
25/04/24 Valor Ref. Prod. CB Nem Bco 06  Sto Ant. Jeq.          5552  127582                            1.500,00         11.166,00C
26/04/24 Valor Ref. Prod. CB Nem Bco 7 Santo Antonio            5552  127825                            1.750,00         12.916,00C
         Valor Ref. Pagto produção (CB Jean)                     187  127965          6.566,00                            6.350,00C
         Valor  Ref.  Abastec.  RE04, HVC1036, JQR2H64 e EH01
         na  APR  Combust. c/ as NFCs 141404, 141676 e 141776
         - 24, 25 e 26/04/24                                          128236            579,00                            5.771,00C
27/04/24 Valor Ref. Prod. CB Nem Bco 05 AGR Marista             6563  127850                            1.000,00          6.771,00C
29/04/24 Valor  Ref.  Serviço  de  recapagem  e conserto de 4
         pneus na Dafonte Pneus c/ a NFSe 126722 - 1/4          5629  119539            790,00                            5.981,00C
         Valor Ref. Prod. CB Nem Bco 05 AGR Marista             6563  127884                            1.100,00          7.081,00C
30/04/24 Valor Ref. Prod. CB Nem Bco 4 AGR - Marista            6563  128821                              880,00          7.961,00C
02/05/24 Valor Ref. Prod. CB Nem Bco 06 Sant. Ant. Jeq.         5552  129488                            1.500,00          9.461,00C
         Valor Ref. Prod. CB Nem Bco 01 Areia D.Nora Flor       2476  129500                              200,00          9.661,00C
         Valor Ref. Compra de lonas                                   129879            242,00                            9.419,00C
03/05/24 Valor  Ref. Compra de eixo primario na Rediesel c/ a
         NF 1058663 - 1/4                                       5842  120111            153,00                            9.266,00C
         Valor Ref. Prod. CB Nem Bco 03 Sant. Ant. jequi        5552  129925                              750,00         10.016,00C
                                                                  TOTAIS =           14.961,30         18.780,00         10.016,00C
WK Sistemas - Demonstração                                         RAZÄO N.    3              DE 15/04/24 ATÉ 03/05/24    PAG.    3
                                                                                                         Data de Emissão : 10/05/24
  DATA   HISTÓRICO                                     CONTRAPARTIDA   CHAVE            DÉBITO           CRÉDITO             SALDO


         5316  2.1.02.01.01           CAÇAMBAS DIVERSAS                       
CONTA:   5322  2.1.02.01.01.01        CB JQR-2H64 Nem                                             
         SALDO ANTERIOR                                                                                                   7.020,00C
15/04/24 Valor  Ref.  Prod.  CB  Nem/Azul  05  BF  - Sto Ant.
         Jequitinhoha                                           5552  125717                            1.250,00          8.270,00C
16/04/24 Valor  Ref.  Prod.  CB  Nem/Azul  05  BF  - Sto Ant.
         Jequitinhoha                                           5552  125725                            1.250,00          9.520,00C
17/04/24 Valor Ref. Prod. CB Nem Azul 7 Santo Antonio           5552  127809                            1.750,00         11.270,00C
18/04/24 Valor  Ref.  Prod.  CB  Nem/Azul  05  BF  - Sto Ant.
         Jequitinhoha                                           5552  125733                            1.250,00         12.520,00C
19/04/24 Valor   Ref.  Desconto  (Nem)  Rastreamento  EMLURB.
         venc. 19/04/24                                         3241  121762            434,00                           12.086,00C
         Valor  Ref.  Prod.  CB  Nem/Azul  07  BF  - Sto Ant.
         Jequitinhoha                                           5552  125709                            1.750,00         13.836,00C
20/04/24 Valor Ref. Prod. CB Nem Azul 02 BF - Monteplan         4009  125792                              400,00         14.236,00C
22/04/24 Valor Ref. Prod. Nem Azul - 05 Terreno                 5552  126331                            1.250,00         15.486,00C
         Valor Ref. Prod. CB Nem Azul  - Metralha - Monteplan   4009  126373                              200,00         15.686,00C
         Valor Ref. Pagto produção (CB Nem)                      187  126390          7.020,00                            8.666,00C
23/04/24 Valor Ref. Prod. cb Nem Azul 04 - Sto Antonio Jequi.   5552  126811                            1.000,00          9.666,00C
24/04/24 Valor Ref. Prod. CB Nem Azul 04 - Sto Ant. Jequi       5552  127311                            1.000,00         10.666,00C
25/04/24 Valor Ref. Prod. CB Nem Azul 05  Sto Ant. Jeq.         5552  127574                            1.250,00         11.916,00C
26/04/24 Valor Ref. Prod. CB Nem Azul 8 Santo Antonio           5552  127817                            2.000,00         13.916,00C
         Valor Ref. Pagto produção (CB Nem)                      187  127973          6.816,00                            7.100,00C
         Valor  Ref.  Abastec.  RE04, HVC1036, JQR2H64 e EH01
         na  APR  Combust. c/ as NFCs 141404, 141676 e 141776
         - 24, 25 e 26/04/24                                          128244            579,00                            6.521,00C
27/04/24 Valor Ref. Prod. CB Nem Azul 04 AGR Marista            6563  127868                              880,00          7.401,00C
29/04/24 Valor Ref. Prod. CB Nem Azul 04 AGR Marista            6563  127876                              880,00          8.281,00C
30/04/24 Valor Ref. Prod. CB Nem Azul 5 AGR - Marista           6563  128830                            1.100,00          9.381,00C
02/05/24 Valor Ref. Prod. CB Nem Azul 06 Sant. Ant. Jeq.        5552  129496                            1.500,00         10.881,00C
         Valor Ref. Compra de lonas                                   129887            242,00                           10.639,00C
03/05/24 Valor Ref. Prod. CB Nem Azul 03 Sant. Ant. jequi       5552  129917                              750,00         11.389,00C
                                                                  TOTAIS =           15.091,00         19.460,00         11.389,00C
***************
               **
                 **
                   **
                     **
                       **
                         **
                           **
                             **
                               **
                                 **
                                   **
                                     **
                                       **
                                         **
                                           **
                                             **
                                               **
                                                 **
                                                   **
                                                     **
                                                       **
                                                         **
                                                           **
                                                             **
                                                               **
                                                                 **
                                                                   **
                                                                     **
                                                                       **
                                                                         **
                                                                           **
                                                                             **
                                                                               **
                                                                                 **
                                                                                   **
                                                                                     **
                                                                                       **
                                                                                         **
                                                                                           **
                                                                                             **
                                                                                               **
                                                                                                 **
                                                                                                   **
                                                                                                     **
                                                                                                       **
                                                                                                         **
                                                                                                           **
                                                                                                             **
                                                                                                               **
                                                                                                                 **
                                                                                                                   **
                                                                                                                     ***************
