WK Sistemas - Demonstração                                         RAZÄO N.    3              DE 01/04/24 ATÉ 30/04/24    PAG.    1
                                                                                                         Data de Emissão : 10/05/24
  DATA   HISTÓRICO                                     CONTRAPARTIDA   CHAVE            DÉBITO           CRÉDITO             SALDO


         5316  2.1.02.01.01           CAÇAMBAS DIVERSAS                       
CONTA:   1130  2.1.02.01.01.01        CB HVC-1036 Jean                                            
         SALDO ANTERIOR                                                                                                   2.438,00C
03/04/24 Valor Ref. Despesas c/ Uber                                  120260             40,00                            2.398,00C
05/04/24 Valor Ref. Prod. CB Nem 01 Breno Palacio B;Vista       2312  123188                              200,00          2.598,00C
06/04/24 Valor Ref. Pagto produção (CB Jean)                     187  121070          2.218,00                              380,00C
         Valor Ref. Prod. CB Nem 01 BF Urbaninho                5470  123366                              200,00            580,00C
         Valor Ref. Prod. CB Lourenço 02 BF Breno B.Rio         2387  123447                              400,00            980,00C
07/04/24 Valor Ref. Prod. CB Nem 01 AGR, 02 BF - 7 Setembro     6333  123391                              620,00          1.600,00C
08/04/24 Valor Ref. Prod. CB Nem 03 AGR, Breno Varzea           2418  123242                              660,00          2.260,00C
09/04/24 Valor Ref. Prod. CB Nem 02 AGR, 03 BF Breno Varzea     2418  123234                            1.040,00          3.300,00C
         Valor   Ref.   Pagto   da   Taxa   do  Instituto  de
         Criminalista                                            187  125083            302,70                            2.997,30C
10/04/24 Valor Ref. Prod. CB Nem 04 BF Recibom                  4989  123463                            1.000,00          3.997,30C
         Valor Ref. Prod. CB Nem AGR Atacarejo                  6474  123498                              220,00          4.217,30C
11/04/24 Valor Ref. Prod. CB Nem 01 BF Breno B.Vista            2312  123196                              200,00          4.417,30C
         Valor Ref. Prod. CB Nem 03 AGR Leo Tecla               6356  123293                              660,00          5.077,30C
12/04/24 Valor Ref. Prod. CB Nem 06 Sto Antonio                 5552  123421                            1.500,00          6.577,30C
13/04/24 Valor Ref. Pagto produção (CB Jean)                     187  123960            380,00                            6.197,30C
15/04/24 Valor  Ref.  Prod.  CB  Nem/Bco  05  BF  -  Sto Ant.
         Jequitinhoha                                           5552  125768                            1.250,00          7.447,30C
16/04/24 Valor  Ref.  Prod.  CB  Nem/Bco  05  BF  -  Sto Ant.
         Jequitinhoha                                           5552  125750                            1.250,00          8.697,30C
17/04/24 Valor Ref. Prod. CB Nem BCo 5 Santo Antonio            5552  127795                            1.250,00          9.947,30C
18/04/24 Valor  Ref.  Prod.  CB  Nem/Bco  06  BF  -  Sto Ant.
         Jequitinhoha                                           5552  125741                            1.500,00         11.447,30C
19/04/24 Valor  Ref.  Desconto  (Jean)  Rastreamento  EMLURB.
         venc. 19/04/24                                         3241  121754            434,00                           11.013,30C
         Valor  Ref.  Prod.  CB  Nem/Bco  07  BF  -  Sto Ant.
         Jequitinhoha                                           5552  125776                            1.750,00         12.763,30C
20/04/24 Valor Ref. Prod. CB Nem Bco 03 BF - Monteplan          4009  125806                              600,00         13.363,30C
22/04/24 Valor Ref. Pagto produção (CB Jean)                     187  126381          6.197,30                            7.166,00C
23/04/24 Valor Ref. Prod. cb Nem Azul 06 - Sto Antonio Jequi.   5552  126829                            1.500,00          8.666,00C
24/04/24 Valor Ref. Prod. CB Nem Bco 04 - Sto Ant. Jequi        5552  127329                            1.000,00          9.666,00C
25/04/24 Valor Ref. Prod. CB Nem Bco 06  Sto Ant. Jeq.          5552  127582                            1.500,00         11.166,00C
26/04/24 Valor Ref. Prod. CB Nem Bco 7 Santo Antonio            5552  127825                            1.750,00         12.916,00C
         Valor Ref. Pagto produção (CB Jean)                     187  127965          6.566,00                            6.350,00C
         Valor  Ref.  Abastec.  RE04, HVC1036, JQR2H64 e EH01
         na  APR  Combust. c/ as NFCs 141404, 141676 e 141776
         - 24, 25 e 26/04/24                                          128236            579,00                            5.771,00C
27/04/24 Valor Ref. Prod. CB Nem Bco 05 AGR Marista             6563  127850                            1.100,00          6.871,00C
29/04/24 Valor  Ref.  Serviço  de  recapagem  e conserto de 4
         pneus na Dafonte Pneus c/ a NFSe 126722 - 1/4          5629  119539            790,00                            6.081,00C
         Valor Ref. Prod. CB Nem Bco 05 AGR Marista             6563  127884                            1.100,00          7.181,00C
30/04/24 Valor Ref. Prod. CB Nem Bco 4 AGR - Marista            6563  128821                              880,00          8.061,00C
                                                                  TOTAIS =           17.507,00         23.130,00          8.061,00C
****************************
                            **
                              **
                                **
                                  **
                                    **
                                      **
                                        **
                                          **
                                            **
                                              **
                                                **
                                                  **
                                                    **
                                                      **
                                                        **
                                                          **
                                                            **
                                                              **
                                                                **
                                                                  **
                                                                    **
                                                                      **
                                                                        **
                                                                          **
                                                                            **
                                                                              **
                                                                                **
                                                                                  **
                                                                                    **
                                                                                      **
                                                                                        **
                                                                                          **
                                                                                            **
                                                                                              **
                                                                                                **
                                                                                                  **
                                                                                                    **
                                                                                                      **
                                                                                                        ****************************
