WK Sistemas - Demonstração                                         RAZÄO N.    3              DE 01/01/24 ATÉ 13/05/24    PAG.    1
                                                                                                         Data de Emissão : 13/05/24
  DATA   HISTÓRICO                                     CONTRAPARTIDA   CHAVE            DÉBITO           CRÉDITO             SALDO


          709  2.1.01                 FORNECEDORES                            
CONTA:   4788  2.1.01.01              L&G Contabil                                                
         SALDO ANTERIOR                                                                                                   1.500,00C
10/01/24 Valor Ref. Assessoria Contábil - janeiro/24            3122   88617                            1.500,00          3.000,00C
31/01/24 Valor Ref. Pagto Assessoria Contábil - 13º/23           129  103462          1.500,00                            1.500,00C
10/02/24 Valor Ref. Assessoria Contábil - fevereiro/24          3122   88625                            1.500,00          3.000,00C
05/03/24 Valor Ref. Pagto Assessoria Contábil - janeiro/24       187  112275          1.500,00                            1.500,00C
08/03/24 Valor Ref. Pagto Assessoria Contábil - fevereiro/24     187  113662          1.500,00                                0,00 
10/03/24 Valor Ref. Assessoria Contábil - março/24              3122   88633                            1.500,00          1.500,00C
10/04/24 Valor Ref. Assessoria Contábil - abril/24              3122   88641                            1.500,00          3.000,00C
         Valor Ref. Pagto Assessoria Contábil - abril/24         187  122700          1.500,00                            1.500,00C
30/04/24 Valor  Ref.  Assessoria  Contábil  -  Declarações da
         DCTFS - 1/2                                            3122  121720                            2.250,00          3.750,00C
         Valor  Ref.  Pagto Assessoria Contábil - Declarações
         da DCTFS - 1/2                                          187  128961          2.250,00                            1.500,00C
10/05/24 Valor Ref. Assessoria Contábil - maio/24               3122   88650                            1.500,00          3.000,00C
         Valor Ref. Pagto Assessoria Contábil - maio/24          187  131202          1.500,00                            1.500,00C
                                                                  TOTAIS =            9.750,00          9.750,00          1.500,00C
*******
       **
         **
           **
             **
               **
                 **
                   **
                     **
                       **
                         **
                           **
                             **
                               **
                                 **
                                   **
                                     **
                                       **
                                         **
                                           **
                                             **
                                               **
                                                 **
                                                   **
                                                     **
                                                       **
                                                         **
                                                           **
                                                             **
                                                               **
                                                                 **
                                                                   **
                                                                     **
                                                                       **
                                                                         **
                                                                           **
                                                                             **
                                                                               **
                                                                                 **
                                                                                   **
                                                                                     **
                                                                                       **
                                                                                         **
                                                                                           **
                                                                                             **
                                                                                               **
                                                                                                 **
                                                                                                   **
                                                                                                     **
                                                                                                       **
                                                                                                         **
                                                                                                           **
                                                                                                             **
                                                                                                               **
                                                                                                                 **
                                                                                                                   **
                                                                                                                     **
                                                                                                                       **
                                                                                                                         **
                                                                                                                           **
                                                                                                                             *******
