WK Sistemas - Demonstração                                              BALANCETE     PERÍODO DE 13/09/24 ATÉ 13/09/24   FOLHA    1
                                                                                                         Data de Emissão : 13/09/24
        NOME                                                    SALDO ANTERIOR          DÉBITOS         CRÉDITOS       SALDO ATUAL


PASSIVO                                                      

  CIRCULANTE                                                 

    FORNECEDORES                                             
      AGR Ambiental                                                  46.215,42             0,00             0,00         46.215,42 
      AJ Manutenção/ Adriano Sotreq                                   5.062,50             0,00             0,00          5.062,50 
      APR Combustiveis                                               10.978,29             0,00             0,00         10.978,29 
      BR Peças e Serviços                                             1.995,00             0,00             0,00          1.995,00 
      Bartô Hidráulica                                                4.000,00             0,00             0,00          4.000,00 
      Casa do Ar p/ Autos                                             2.015,00             0,00             0,00          2.015,00 
      Certificado Digital                                               200,00             0,00             0,00            200,00 
      Falcon Vigilância                                                 403,92             0,00             0,00            403,92 
      HS da Silva Com. e Serv. ME                                       978,00             0,00             0,00            978,00 
      MC Gases                                                          930,00             0,00             0,00            930,00 
      Oficina Estrela Diesel                                            645,00             0,00             0,00            645,00 
      Oficina de Molas Bom Jesus                                        506,64             0,00             0,00            506,64 
      Pneubom                                                           315,00             0,00             0,00            315,00 
      RCC Recicladora                                                15.105,58             0,00             0,00         15.105,58 
      Rediesel                                                            0,00             0,00         1.338,00          1.338,00 

    ** Total de FORNECEDORES                                         89.350,35             0,00         1.338,00         90.688,35 

    SERVIÇOS TERCEIRIZADOS                                   

      CAÇAMBEIROS                                            

        CAÇAMBAS DIVERSAS                                    
          CB Ailton                                                   7.940,00             0,00             0,00          7.940,00 
          CB Lourenço                                                 2.490,00             0,00             0,00          2.490,00 

          FLORIANO                                           
            CB HVC-1036 Jean                                          6.217,00             0,00             0,00          6.217,00 
            CB JQR-2H64 Nem                                           7.680,53             0,00             0,00          7.680,53 

          ** Total de FLORIANO                                       13.897,53             0,00             0,00         13.897,53 

          CB Santos & Lins                                   
            CB Santos Lins JJZ-2H88                                  10.830,00             0,00             0,00         10.830,00 

          ** Total de CB Santos & Lins                               10.830,00             0,00             0,00         10.830,00 

        ** Total de CAÇAMBAS DIVERSAS                                35.157,53             0,00             0,00         35.157,53 

      ** Total de CAÇAMBEIROS                                        35.157,53             0,00             0,00         35.157,53 

      OUTROS SERVIÇOS                                        
        Julione                                                       3.000,00             0,00             0,00          3.000,00 

      ** Total de OUTROS SERVIÇOS                                     3.000,00             0,00             0,00          3.000,00 

    ** Total de SERVIÇOS TERCEIRIZADOS                               38.157,53             0,00             0,00         38.157,53 

    EMPRESTIMENTOS E FINANCIAMENTOS                          

      BANCOS                                                 
        Bradesco - Iveco                                               (282,13)            0,00             0,00           (282,13)

      ** Total de BANCOS                                               (282,13)            0,00             0,00           (282,13)

      TERCEIROS                                              
        Antonio Jr                                                  202.637,19             0,00             0,00        202.637,19 
        WR Construções                                               20.000,00             0,00             0,00         20.000,00 

      ** Total de TERCEIROS                                         222.637,19             0,00             0,00        222.637,19 

      CARTOES DE CREDITO                                     
        Hipercard                                                       877,00             0,00             0,00            877,00 

      ** Total de CARTOES DE CREDITO                                    877,00             0,00             0,00            877,00 

    ** Total de EMPRESTIMENTOS E FINANCIAMENTOS                     223.232,06             0,00             0,00        223.232,06 

    ADIANT. RECEBIDOS                                        

      CLIENTES                                               
        Açomais                                                         650,00             0,00             0,00            650,00 
WK Sistemas - Demonstração                                              BALANCETE     PERÍODO DE 13/09/24 ATÉ 13/09/24   FOLHA    2
                                                                                                         Data de Emissão : 13/09/24
        NOME                                                    SALDO ANTERIOR          DÉBITOS         CRÉDITOS       SALDO ATUAL

        BLG Negócios                                                  3.700,00             0,00             0,00          3.700,00 
        CJ Engenharia                                                18.000,00             0,00             0,00         18.000,00 
        Const Santo Antonio                                         120.000,00             0,00             0,00        120.000,00 
        Diogo Sítio                                                  17.000,00             0,00             0,00         17.000,00 
        Domi Construtora                                            110.000,00             0,00             0,00        110.000,00 
        Eletron Watts                                                 8.000,00             0,00             0,00          8.000,00 
        JMA                                                           1.000,00             0,00             0,00          1.000,00 
        Max Aurora - Veiga                                           28.930,97             0,00             0,00         28.930,97 
        Nova Mobi                                                     1.500,00             0,00             0,00          1.500,00 
        Padaria Rosarinho                                            28.000,00             0,00             0,00         28.000,00 
        Parvi segur. Plus Imoveis                                   128.442,42             0,00             0,00        128.442,42 
        Recibom                                                      66.666,66             0,00             0,00         66.666,66 
        Supermix                                                     70.420,36             0,00             0,00         70.420,36 
        São Mateus  - passivo                                        27.628,65             0,00             0,00         27.628,65 
        Vaga Engenharia                                              15.000,00             0,00             0,00         15.000,00 

      ** Total de CLIENTES                                          644.939,06             0,00             0,00        644.939,06 

    ** Total de ADIANT. RECEBIDOS                                   644.939,06             0,00             0,00        644.939,06 

    IMPOSTOS E TRIBUTOS                                      

      MUNICIPAIS                                             
        Foro Olinda - Programação                                       367,17             0,00             0,00            367,17 
        ISS - Programação                                               973,04             0,00             0,00            973,04 

      ** Total de MUNICIPAIS                                          1.340,21             0,00             0,00          1.340,21 

      FEDERAIS                                               
        INSS - Programação                                           96.046,00             0,00             0,00         96.046,00 

      ** Total de FEDERAIS                                           96.046,00             0,00             0,00         96.046,00 

      ESTADUAIS                                              
        SEFAZ                                                        24.970,18             0,00             0,00         24.970,18 

      ** Total de ESTADUAIS                                          24.970,18             0,00             0,00         24.970,18 

    ** Total de IMPOSTOS E TRIBUTOS                                 122.356,39             0,00             0,00        122.356,39 

    SALARIOS/ PROVENTOS                                      
      Pró-labore - programação                                     (156.447,18)            0,00             0,00       (156.447,18)

    ** Total de SALARIOS/ PROVENTOS                                (156.447,18)            0,00             0,00       (156.447,18)

  ** Total de CIRCULANTE                                            961.588,21             0,00         1.338,00        962.926,21 

** Total de PASSIVO                                                 961.588,21             0,00         1.338,00        962.926,21 
