WK Sistemas - Demonstração                                         RAZÄO N.    3              DE 01/02/25 ATÉ 25/02/25    PAG.    1
                                                                                                         Data de Emissão : 27/02/25
  DATA   HISTÓRICO                                     CONTRAPARTIDA   CHAVE            DÉBITO           CRÉDITO             SALDO


           81  1.1.01.02              BANCOS                                  
CONTA:    171  1.1.01.02.01           Banco Inter - Transportes                                   
         SALDO ANTERIOR                                                                                                   2.414,83D
03/02/25 Valor Ref. RECEB. SALDO BM 018 ACLF NF218                    220060          1.222,65                            3.637,48D
         Valor Ref. RECEB.PARCIAL BM 018 ACLF FD237             7597  220078          7.293,00                           10.930,48D
         Valor Ref. TRANSF. ENTRE CONTAS P. ITAU                 187  220132                            8.500,00          2.430,48D
         Valor Ref. transf. do inter transp. para itau           187  222321                            2.400,00             30,48D
04/02/25 Valor  Ref.  receb parc.fd234 bn013/25 hsa 3 est. do
         encanamento Santo Antonio                              6771  220710         10.001,67                           10.032,15D
         Valor  Ref.  Receb.liq.nf215  saldo  bm013/25  Santo
         Antonio Est.. do encanamento Santo Antonio                   220736          1.676,75                           11.708,90D
06/02/25 Valor Ref. transf. entre contasdo inter para itau       187  220949                           11.500,00            208,90D
07/02/25 Valor  Ref.  receb.  saldo    liq.  bm 027 nf215 JMA
         Camaragibe                                                   221805            213,75                              422,65D
         Valor Ref. receb. parc. bm 027 nf215 JMA Camaragibe     402  221821          1.275,00                            1.697,65D
10/02/25 Valor Ref. receb.liq. saldo bm 025/25 aclf nf222             221724          1.222,65                            2.920,30D
         Valor Ref. receb. parcial bm 025/25 aclf fd 242        7597  221741          7.293,00                           10.213,30D
         Valor Ref. transf do inter trensp. p. itau              187  221864                           10.000,00            213,30D
11/02/25 Valor Ref. receb, bm 021 e fd 0239 Santo Antonio       6771  222305            600,00                              813,30D
         Valor  Ref.  receb,parcial  bm  023  e fd 0240 Santo
         Antonio                                                6771  222313         10.469,17                           11.282,47D
12/02/25 Valor Ref. receb. bm 024 ACLF Paulista fd0241          7597  222933          1.277,78                           12.560,25D
14/02/25 Valor Ref. transf. do banco inter  p. itau              187  223212                           12.500,00             60,25D
         Valor   Ref.   Receb.   saldo   bm  33  NF  228  JMA
         Camaragibe_ Residenciais Dois Irmãos                         223701            213,75                              274,00D
         Valor   Ref.   receb.   parcial   bm  33  fd246  JMA
         Camaragibe_ Residenciais Dois Irmãos                    402  223727          1.275,00                            1.549,00D
18/02/25 Valor  Ref.  receb.  liq.  bm 035 saldo nf 230 HSA 3
         Est. do Encanamento                                          224529            695,88                            2.244,88D
         Valor  Ref.  receb.  liq. bm 035 parcial fd248 HSA 3
         Est. do Encanamento                                    6771  224561          4.150,83                            6.395,71D
         Valor Ref. receb. bm 031 e fd 249 santo antoanio       6771  224570          1.200,00                            7.595,71D
20/02/25 Valor Ref. transf. do inter p. itau                     187  224685                            5.500,00          2.095,71D
21/02/25 Valor Ref. transf. para itau                            187  224936                            2.200,00            104,29C
         Valor Ref. receb. bm 038 fd 248 jma várzea                   224944          2.810,00                            2.705,71D
         Valor Ref. receb. liq. bm 038 nf 232 jma várzea              224995            302,10                            3.007,81D
25/02/25 Valor  Ref. receb.  liq .parc. bm 42 nf235 hsa3 est.
         encanmaneto                                                  225703            270,75                            3.278,56D
         Valor  Ref.  receb.  saldo  .  bm 42 fd255 hsa3 est.
         encanmaneto                                            6771  225720          1.615,00                            4.893,56D
         Valor  Ref.  receb.  liq  +  juros . saldo bm 23/25.
         nf225 HSA3 Santo A. Encanamento                              225762          1.791,38                            6.684,94D
         Valor  Ref. receb. parcial bm51 ebm56  fd259 Juliana
         Boa Viagem                                             8214  225789         14.100,00                           20.784,94D
                                                                  TOTAIS =           70.970,11         52.600,00         20.784,94D
**********************************
                                  **
                                    **
                                      **
                                        **
                                          **
                                            **
                                              **
                                                **
                                                  **
                                                    **
                                                      **
                                                        **
                                                          **
                                                            **
                                                              **
                                                                **
                                                                  **
                                                                    **
                                                                      **
                                                                        **
                                                                          **
                                                                            **
                                                                              **
                                                                                **
                                                                                  **
                                                                                    **
                                                                                      **
                                                                                        **
                                                                                          **
                                                                                            **
                                                                                              **
                                                                                                **
                                                                                                  **********************************
