WK Sistemas - Demonstração                                              BALANCETE     PERÍODO DE 13/07/23 ATÉ 21/07/23   FOLHA    1
                                                                                                         Data de Emissão : 12/07/23
        NOME                                                    SALDO ANTERIOR         MOVIMENTO       SALDO ATUAL


PASSIVO                                                      

  CIRCULANTE                                                 

    FORNECEDORES                                             
      BR Peças e Serviços                                             1.995,00              0,00          1.995,00 
      Casa do Ar p/ Autos                                             2.015,00              0,00          2.015,00 
      Escritório Contabil                                             1.800,00              0,00          1.800,00 
      Falcon Vigilância                                                 605,88              0,00            605,88 
      Gráfica Valdemir                                                  450,00              0,00            450,00 
      HS da Silva Com. e Serv. ME                                       337,50              0,00            337,50 
      Ideal Ferro                                                         0,00            931,85            931,85 
      M&J Peças                                                           0,00          3.773,00          3.773,00 
      MC Gases                                                          130,00              0,00            130,00 
      Mercado Eletronico                                                350,00              0,00            350,00 
      RCC Recicladora                                                 7.000,00              0,00          7.000,00 
      Rastreamento EMLURB                                             3.472,00              0,00          3.472,00 
      Vertical Peças                                                      0,00          1.242,86          1.242,86 

    ** Total de FORNECEDORES                                         18.155,38          5.947,71         24.103,09 

    SERVIÇOS TERCEIRIZADOS                                   

      CAÇAMBEIROS                                            
        CB Ailton                                                     8.540,00              0,00          8.540,00 
        CB Antonio Venancio                                           2.353,96              0,00          2.353,96 
        CB Badu                                                         200,00              0,00            200,00 
        CB Fofinho                                                     (600,00)             0,00           (600,00)
        CB Giliard                                                      400,00              0,00            400,00 
        CB Jackson - Jacaré                                             600,00              0,00            600,00 
        CB Jogador                                                    2.600,00              0,00          2.600,00 
        CB Lourenço                                                   9.200,00              0,00          9.200,00 
        CB Nem                                                        7.808,15              0,00          7.808,15 

      ** Total de CAÇAMBEIROS                                        31.102,11              0,00         31.102,11 

      OUTROS SERVIÇOS                                        
        Pedro Arvore                                                  6.000,00              0,00          6.000,00 
        Regi Sucata                                                   2.500,00              0,00          2.500,00 
        Retro - Mario Henrique                                        3.000,00              0,00          3.000,00 
        Samuel Mecânico                                                 800,00              0,00            800,00 

      ** Total de OUTROS SERVIÇOS                                    12.300,00              0,00         12.300,00 

    ** Total de SERVIÇOS TERCEIRIZADOS                               43.402,11              0,00         43.402,11 

    EMPRESTIMENTOS E FINANCIAMENTOS                          

      BANCOS                                                 
        Santander                                                         0,00          1.884,13          1.884,13 

      ** Total de BANCOS                                                  0,00          1.884,13          1.884,13 

      TERCEIROS                                              
        Antonio Jr                                                   55.180,83              0,00         55.180,83 

      ** Total de TERCEIROS                                          55.180,83              0,00         55.180,83 

      CARTOES DE CREDITO                                     
        Cartão Inter - Transp                                           977,26              0,00            977,26 
        HiperCard Elza                                                    0,00            266,72            266,72 
        Hipercard                                                    (1.019,01)             0,00         (1.019,01)

      ** Total de CARTOES DE CREDITO                                    (41,75)           266,72            224,97 

    ** Total de EMPRESTIMENTOS E FINANCIAMENTOS                      55.139,08          2.150,85         57.289,93 

    IMPOSTOS E TRIBUTOS                                      

      MUNICIPAIS                                             
        CIM - Programação                                            13.021,83              0,00         13.021,83 
        Foro Olinda - Programação                                       139,71              0,00            139,71 

      ** Total de MUNICIPAIS                                         13.161,54              0,00         13.161,54 

      FEDERAIS                                               
        COFINS - Programação                                            557,25              0,00            557,25 
        CSLL - Programação                                              770,72              0,00            770,72 
        INSS - Programação                                           80.176,56            652,90         80.829,46 
        IRPJ - Programação                                              727,90              0,00            727,90 
        PIS - Programação                                               120,73              0,00            120,73 

      ** Total de FEDERAIS                                           82.353,16            652,90         83.006,06 

      ESTADUAIS                                              
WK Sistemas - Demonstração                                              BALANCETE     PERÍODO DE 13/07/23 ATÉ 21/07/23   FOLHA    2
                                                                                                         Data de Emissão : 12/07/23
        NOME                                                    SALDO ANTERIOR         MOVIMENTO       SALDO ATUAL

        DETRAN - PE                                                   4.879,91              0,00          4.879,91 
        SEFAZ                                                        24.970,18              0,00         24.970,18 

      ** Total de ESTADUAIS                                          29.850,09              0,00         29.850,09 

      MULTAS                                                 
        Multa por Atraso                                                  0,00            572,80            572,80 

      ** Total de MULTAS                                                  0,00            572,80            572,80 

    ** Total de IMPOSTOS E TRIBUTOS                                 125.364,79          1.225,70        126.590,49 

    SALARIOS/ PROVENTOS                                      
      Folha de Pagamento Salário                                    (18.566,48)         5.262,50        (13.303,98)
      Pró-labore - programação                                       (2.918,01)         3.000,00             81,99 

    ** Total de SALARIOS/ PROVENTOS                                 (21.484,49)         8.262,50        (13.221,99)

  ** Total de CIRCULANTE                                            220.576,87         17.586,76        238.163,63 

** Total de PASSIVO                                                 220.576,87         17.586,76        238.163,63 
