WK Sistemas - Demonstração                                         RAZÄO N.    3              DE 28/03/24 ATÉ 01/04/24    PAG.    1
                                                                                                         Data de Emissão : 02/04/24
  DATA   HISTÓRICO                                     CONTRAPARTIDA   CHAVE            DÉBITO           CRÉDITO             SALDO


         1732  3.2.01.03              RE CAT - 03                             
CONTA:   1749  3.2.01.03.01           Combustiveis - RE CAT - 03                                  
         SALDO ANTERIOR                                                                                                  55.500,24D
01/04/24 Valor  Ref.  Abastec.  RE03,  RE 04, EH01 e Iveco na
         APR  Combust.  c/  as NFCs: 129327, 129322, 129340 e
         129314 - 28/03/24                                            119768            299,41                           55.799,65D
                                                                  TOTAIS =              299,41              0,00         55.799,65D
WK Sistemas - Demonstração                                         RAZÄO N.    3              DE 28/03/24 ATÉ 01/04/24    PAG.    2
                                                                                                         Data de Emissão : 02/04/24
  DATA   HISTÓRICO                                     CONTRAPARTIDA   CHAVE            DÉBITO           CRÉDITO             SALDO


         1821  3.2.01.04              EH CAT - 01                             
CONTA:   1838  3.2.01.04.01           Combustiveis - EH CAT - 01                                  
         SALDO ANTERIOR                                                                                                  95.513,95D
01/04/24 Valor  Ref.  Abastec.  RE03,  RE 04, EH01 e Iveco na
         APR  Combust.  c/  as NFCs: 129327, 129322, 129340 e
         129314 - 28/03/24                                            119784          1.138,00                           96.651,95D
                                                                  TOTAIS =            1.138,00              0,00         96.651,95D
WK Sistemas - Demonstração                                         RAZÄO N.    3              DE 28/03/24 ATÉ 01/04/24    PAG.    3
                                                                                                         Data de Emissão : 02/04/24
  DATA   HISTÓRICO                                     CONTRAPARTIDA   CHAVE            DÉBITO           CRÉDITO             SALDO


         4819  3.2.01.06              RE JCB 04                               
CONTA:   4825  3.2.01.06.01           Combustíveis - RE JCB - 04                                  
         SALDO ANTERIOR                                                                                                  56.726,28D
01/04/24 Valor  Ref.  Abastec. RE04 e Montana na APR Combust.
         c/ as NFCs: 127766 e 127737 - 25/03/24                       119733            529,20                           57.255,48D
         Valor  Ref.  Abastec.  RE03,  RE 04, EH01 e Iveco na
         APR  Combust.  c/  as NFCs: 129327, 129322, 129340 e
         129314 - 28/03/24                                            119776            223,65                           57.479,13D
                                                                  TOTAIS =              752,85              0,00         57.479,13D
WK Sistemas - Demonstração                                         RAZÄO N.    3              DE 28/03/24 ATÉ 01/04/24    PAG.    4
                                                                                                         Data de Emissão : 02/04/24
  DATA   HISTÓRICO                                     CONTRAPARTIDA   CHAVE            DÉBITO           CRÉDITO             SALDO


         1991  3.2.02.03              CB IVECO                                
CONTA:   2074  3.2.02.03.01           Combustiveis - CB Iveco                                     
         SALDO ANTERIOR                                                                                                  59.778,15D
01/04/24 Valor  Ref.  Abastec.  RE03,  RE 04, EH01 e Iveco na
         APR  Combust.  c/  as NFCs: 129327, 129322, 129340 e
         129314 - 28/03/24                                            119792            811,23                           60.589,38D
                                                                  TOTAIS =              811,23              0,00         60.589,38D

**
**
**
**
**
**
 **
   **
     **
       **
         **
           **
             **
               **
                 **
                   **
                     **
                       **
                         **
                           **
                             **
                               **
                                 **
                                   **
                                     **
                                       **
                                         **
                                           **
                                             **
                                               **
                                                 **
                                                   **
                                                     **
                                                       **
                                                         **
                                                           **
                                                             **
                                                               **
                                                                 **
                                                                   **
                                                                     **
                                                                       **
                                                                         **
                                                                           **
                                                                             **
                                                                               **
                                                                                 **
                                                                                   **
                                                                                     **
                                                                                       **
                                                                                         **
                                                                                           **
                                                                                             **
                                                                                               **
                                                                                                 **
                                                                                                   **
                                                                                                     **
                                                                                                       **
                                                                                                         **
                                                                                                           **
                                                                                                             **
                                                                                                               **
                                                                                                                 **
                                                                                                                   **
                                                                                                                     **
                                                                                                                       **
                                                                                                                         **
                                                                                                                           **
                                                                                                                             **
                                                                                                                               **
                                                                                                                                 **
                                                                                                                                   **
                                                                                                                                     **
                                                                                                                                       **
                                                                                                                                         **
                                                                                                                                           **
                                                                                                                                             **
                                                                                                                                               
