WK Sistemas - Demonstração                                              BALANCETE     PERÍODO DE 20/04/23 ATÉ 20/04/23   FOLHA    1
                                                                                                         Data de Emissão : 20/04/23
        NOME                                                    SALDO ANTERIOR          DÉBITOS         CRÉDITOS       SALDO ATUAL


PASSIVO                                                      

  CIRCULANTE                                                 

    FORNECEDORES                                             
      BR Peças e Serviços                                             1.995,00             0,00             0,00          1.995,00 
      CELPE                                                             677,80             0,00             0,00            677,80 
      Casa do Ar p/ Autos                                             2.015,00             0,00             0,00          2.015,00 
      Escritório Contabil                                               900,00             0,00             0,00            900,00 
      Falcon Vigilância                                                 403,92             0,00             0,00            403,92 
      Gráfica Valdemir                                                1.140,00             0,00             0,00          1.140,00 
      Hidraubombas                                                    1.000,00             0,00             0,00          1.000,00 
      MC Gases                                                          130,00             0,00             0,00            130,00 
      Mercado Eletronico                                                350,00             0,00             0,00            350,00 
      Oi Fibra                                                           99,76             0,00             0,00             99,76 
      Rastreamento EMLURB                                             5.208,00             0,00             0,00          5.208,00 
      VHL Comércio                                                      500,00             0,00             0,00            500,00 
      Vertical Peças                                                      0,00           320,00           721,25            401,25 

    ** Total de FORNECEDORES                                         14.419,48           320,00           721,25         14.820,73 

    SERVIÇOS TERCEIRIZADOS                                   

      CAÇAMBEIROS                                            
        CB Ailton                                                     3.945,94             0,00             0,00          3.945,94 
        CB Lourenço                                                     600,00             0,00             0,00            600,00 
        CB Nem                                                        3.886,00             0,00             0,00          3.886,00 

      ** Total de CAÇAMBEIROS                                         8.431,94             0,00             0,00          8.431,94 

      OUTROS SERVIÇOS                                        
        Jeremias Soldador                                            (1.862,40)            0,00             0,00         (1.862,40)
        Pedro Arvore                                                  6.000,00             0,00             0,00          6.000,00 
        Retro - Mario Henrique                                            0,00             0,00         7.112,19          7.112,19 

      ** Total de OUTROS SERVIÇOS                                     4.137,60             0,00         7.112,19         11.249,79 

    ** Total de SERVIÇOS TERCEIRIZADOS                               12.569,54             0,00         7.112,19         19.681,73 

    EMPRESTIMENTOS E FINANCIAMENTOS                          

      TERCEIROS                                              
        Antonio Jr                                                   50.100,00             0,00             0,00         50.100,00 
        WR Construções                                                3.198,00             0,00             0,00          3.198,00 

      ** Total de TERCEIROS                                          53.298,00             0,00             0,00         53.298,00 

      CARTOES DE CREDITO                                     
        HiperCard Elza                                                    0,00             0,00           266,72            266,72 
        Hipercard                                                     4.386,85             0,00             0,00          4.386,85 

      ** Total de CARTOES DE CREDITO                                  4.386,85             0,00           266,72          4.653,57 

    ** Total de EMPRESTIMENTOS E FINANCIAMENTOS                      57.684,85             0,00           266,72         57.951,57 

    IMPOSTOS E TRIBUTOS                                      

      MUNICIPAIS                                             
        CIM - Programação                                            13.021,83             0,00           433,31         13.455,14 
        Foro Olinda - Programação                                       121,30             0,00             0,00            121,30 
        IPTU - Programação                                             (260,69)            0,00             0,00           (260,69)

      ** Total de MUNICIPAIS                                         12.882,44             0,00           433,31         13.315,75 

      FEDERAIS                                               
        INSS - Programação                                           78.500,83             0,00           779,63         79.280,46 
        IRRF - Programação                                                0,00             0,00            96,20             96,20 

      ** Total de FEDERAIS                                           78.500,83             0,00           875,83         79.376,66 

      ESTADUAIS                                              
        DETRAN - PE                                                   6.814,84             0,00             0,00          6.814,84 
        SEFAZ                                                        24.970,18             0,00             0,00         24.970,18 

      ** Total de ESTADUAIS                                          31.785,02             0,00             0,00         31.785,02 

    ** Total de IMPOSTOS E TRIBUTOS                                 123.168,29             0,00         1.309,14        124.477,43 

    SALARIOS/ PROVENTOS                                      
      Pró-labore - programação                                        3.000,00             0,00             0,00          3.000,00 

    ** Total de SALARIOS/ PROVENTOS                                   3.000,00             0,00             0,00          3.000,00 

  ** Total de CIRCULANTE                                            210.842,16           320,00         9.409,30        219.931,46 
WK Sistemas - Demonstração                                              BALANCETE     PERÍODO DE 20/04/23 ATÉ 20/04/23   FOLHA    2
                                                                                                         Data de Emissão : 20/04/23
        NOME                                                    SALDO ANTERIOR          DÉBITOS         CRÉDITOS       SALDO ATUAL


** Total de PASSIVO                                                 210.842,16           320,00         9.409,30        219.931,46 
