WK Sistemas - Demonstração                                         RAZÄO N.    3              DE 08/03/24 ATÉ 08/03/24    PAG.    1
                                                                                                         Data de Emissão : 16/05/24
  DATA   HISTÓRICO                                     CONTRAPARTIDA   CHAVE            DÉBITO           CRÉDITO             SALDO


           81  1.1.01.02              BANCOS                                  
CONTA:    187  1.1.01.02.01           Banco Itau - Junior                                         
         SALDO ANTERIOR                                                                                                   3.592,47C
08/03/24 Valor  Ref.  Compra  de  carro-pipa  c/  6000 litros
         (Luis Carlos)                                          2721  113280                              200,00          3.792,47C
         Valor Ref. Refeições                                   1494  113298                               80,64          3.873,11C
         Valor Ref. Compra de 3 garrafões (água mineral)        1347  113328                               15,00          3.888,11C
         Valor  Ref.  Pagto de 4 Almoços (demolição manual) -
         R$ 20 cada                                             6280  113336                               80,00          3.968,11C
         Valor Ref. Pagto de 5 Almoços (demolição)              5552  113344                               75,00          4.043,11C
         Valor  Ref. Pagto Compra de relé pino, porca, bucha,
         arruela e correia na MJ Peças c/ a NF 960               840  113654                              910,00          4.953,11C
         Valor Ref. Pagto Assessoria Contábil - fevereiro/24    4788  113662                            1.500,00          6.453,11C
         Valor Ref. Pagto do Uber (Rodrigo)                     2081  113671                               37,72          6.490,83C
         Valor  Ref.  Pagto  do  serviço  de  solda  da  RE01
         (Givanildo)                                            1608  113689                               50,00          6.540,83C
         Valor Ref. Pagto de 2 diárias (Fábio)                  1791  113701                              300,00          6.840,83C
         Valor Ref. Pagto do Estacionamento (Nivus)             5731  113719                               15,00          6.855,83C
         Valor Ref. Abastec. Nivus                              5724  113727                              100,00          6.955,83C
         Valor  Ref.  Abastec.  Moto, RE04, RE03 e ADM na APR
         Combust  c/  as NFCe: 119073, 119431, 119998, 119212
         e 119258                                                     113778                            1.040,07          7.995,90C
         Valor Ref. Transf. entre contas                        4535  122939          6.000,00                            1.995,90C
                                                                  TOTAIS =            6.000,00          4.403,43          1.995,90C
******
      **
        **
          **
            **
              **
                **
                  **
                    **
                      **
                        **
                          **
                            **
                              **
                                **
                                  **
                                    **
                                      **
                                        **
                                          **
                                            **
                                              **
                                                **
                                                  **
                                                    **
                                                      **
                                                        **
                                                          **
                                                            **
                                                              **
                                                                **
                                                                  **
                                                                    **
                                                                      **
                                                                        **
                                                                          **
                                                                            **
                                                                              **
                                                                                **
                                                                                  **
                                                                                    **
                                                                                      **
                                                                                        **
                                                                                          **
                                                                                            **
                                                                                              **
                                                                                                **
                                                                                                  **
                                                                                                    **
                                                                                                      **
                                                                                                        **
                                                                                                          **
                                                                                                            **
                                                                                                              **
                                                                                                                **
                                                                                                                  **
                                                                                                                    **
                                                                                                                      **
                                                                                                                        **
                                                                                                                          **
                                                                                                                            **
                                                                                                                              ******
