WK Sistemas - Demonstração                                         RAZÄO N.    3              DE 17/10/25 ATÉ 17/10/25    PAG.    1
                                                                                                         Data de Emissão : 12/11/25
  DATA   HISTÓRICO                                     CONTRAPARTIDA   CHAVE            DÉBITO           CRÉDITO             SALDO


           81  1.1.01.02              BANCOS                                  
CONTA:    187  1.1.01.02.01           Banco Itau - Junior                                         
         SALDO ANTERIOR                                                                                                  41.128,77D
17/10/25 Valor Ref. Pagto dos abastecimentos                    7315  301892                           20.000,00         21.128,77D
         Valor Ref. Papelaria                                   2721  301931                               83,00         21.045,77D
         Valor  Ref.  Pagto Compra de 4 baldes de óleo GT Max
         Turbo e 1 balde de graxa c/ NF 122444 - 1/4            2737  302091                              425,77         20.620,00D
         Valor   Ref.  Pagto  Compra  de  100  porcas  e  100
         parafusos c/ a NF 26585 - 2/2                          4601  302104                              500,00         20.120,00D
         Valor  Ref.  Pagto  Compra  de  mangueira  2781-6  x
         2060mm  x  conexão,  mangueira  2781-10  x  2000mm x
         conexão e mangueira óleo graxa 75 c/ a NF 67321        3719  302112                              309,40         19.810,60D
         Valor  Ref.  Pagto  Compra de bucha meio fixa, bucha
         inferior de giro, arruela pino c/ a NF 2230             840  302121                              480,00         19.330,60D
         Valor Ref. Pagto do topógrafo (Deyvison)               9290  302261                            1.500,00         17.830,60D
         Valor Ref. Pagto produção (Sérgio)                     9308  302279                            1.000,00         16.830,60D
         Valor  Ref.  Pagto  produção (pedreiro e ajudante) -
         13,15,16 e 17/10/25                                    9277  302287                              960,00         15.870,60D
         Valor Ref. Pagto produção (pedreiro) - 14/10/25        9277  302295                              150,00         15.720,60D
         Valor Ref. Compra de 6m³ x R$ 540 na Concrearte        9277  302309                            3.240,00         12.480,60D
         Valor Ref. Pagto produção (CB Santos Lins)             7048  302317                            2.749,08          9.731,52D
         Valor Ref. Pagto da Fatura do cartão de Nem            4794  302325                           12.794,64          3.063,12C
         Valor Ref. Pagto produção CB Nem branco                1130  302333                            6.408,31          9.471,43C
         Valor Ref. Pagto produção CB Nem azul                  5322  302341                            5.110,00         14.581,43C
         Valor  Ref.  Pagtos  das refeições de Severino (07 a
         12/10/25 e 13/10 a 17/10/25)                                 302350                              806,00         15.387,43C
         Valor  Ref.  Receb.  liquido   bm 205/25 Lira Junior
         Cordeiro                                                     303003          7.100,00                            8.287,43C
         Valor Ref. tranf. do inter j. para itau                 171  310212         33.500,00                           25.212,57D
                                                                  TOTAIS =           40.600,00         56.516,20         25.212,57D
*******************
                   **
                     **
                       **
                         **
                           **
                             **
                               **
                                 **
                                   **
                                     **
                                       **
                                         **
                                           **
                                             **
                                               **
                                                 **
                                                   **
                                                     **
                                                       **
                                                         **
                                                           **
                                                             **
                                                               **
                                                                 **
                                                                   **
                                                                     **
                                                                       **
                                                                         **
                                                                           **
                                                                             **
                                                                               **
                                                                                 **
                                                                                   **
                                                                                     **
                                                                                       **
                                                                                         **
                                                                                           **
                                                                                             **
                                                                                               **
                                                                                                 **
                                                                                                   **
                                                                                                     **
                                                                                                       **
                                                                                                         **
                                                                                                           **
                                                                                                             **
                                                                                                               **
                                                                                                                 *******************
