WK Sistemas - Demonstração                                         RAZÄO N.    3              DE 01/02/23 ATÉ 25/02/23    PAG.    1
                                                                                                         Data de Emissão : 25/02/23
  DATA   HISTÓRICO                                     CONTRAPARTIDA   CHAVE            DÉBITO           CRÉDITO             SALDO


         3151  2.1.02.01              CAÇAMBEIROS                             
CONTA:    974  2.1.02.01.01           CB Ailton                                                   
         SALDO ANTERIOR                                                                                                   3.680,00C
01/02/23 Valor  Ref. Pagto (Ailton) - AGR (Carrilho), Lira Jr
         e R. Campos                                             187   11991          1.880,00                            1.800,00C
02/02/23 Valor  Ref.  2 V (Ailton) - Obra; Fabio (Iputinga) -
         Ciclo - 02/02/23                                       3241   12386                              420,00          2.220,00C
07/02/23 Valor  Ref.  Pagto Produção (Ailton) - Lira (28/02),
         Mognos (31/01) e Fabio (02/02)                          187   12815          2.040,00                              180,00C
         Valor  Ref.  Prod.CB Ailton/Eisio Flor de Santana 04
         AGR                                                           13048                              840,00          1.020,00C
         Valor  Ref.  Prod.CB Ailton/Eisio Flor de Santana 01
         AGR                                                           13056                              180,00          1.200,00C
08/02/23 Valor  Ref.  3  V  AGR  (Ailton)  - Edielson/ Elisio
         (FLor de Santana)                                      3547   13102                              630,00          1.830,00C
10/02/23 Valor  Ref.  3 V Innova (BCEI) - Rua Jaticy (Ailton)
         - 10/02/23                                             3599   13749                              780,00          2.610,00C
11/02/23 Valor Ref. 3 V Innova (BCEI) - Ailton - 11/02/23              13773                              780,00          3.390,00C
         Valor Ref. 1 V BF (BCEI) - Ailton - 11/02/23                  13781                              260,00          3.650,00C
         Valor  Ref.  Pagto  da  produção  de Ailton - Elísio
         (Flor de Santana)                                       187   13871            500,00                            3.150,00C
13/02/23 Valor Ref. 1 V BF (Ailton) - Flor de Santana           3547   14109                              180,00          3.330,00C
         Valor Ref. 2 V BF Ailton) - JMA (Graciliano)           3458   14125                              360,00          3.690,00C
14/02/23 Valor Ref. 1 V BF (Ailton) - JMA (Graciliano Ramos)    3458   14257                              180,00          3.870,00C
15/02/23 Valor Ref. Prod. CB Ailton 01 AGR - Breno Mognos       2341   15369                              200,00          4.070,00C
         Valor Ref. Prod. CB Ailton 01 JMA Grasiliano           3458   15423                              180,00          4.250,00C
16/02/23 Valor Ref. Prod. CB Ailton 01 JMA Grasiliano           3458   15415                              180,00          4.430,00C
17/02/23 Valor   Ref.  Pagto  produção  (Ailton)  até  o  dia
         11/02/23 parte                                          187   15148          3.015,00                            1.415,00C
         Valor  Ref.  Prod.  CB  Ailton  04  Ciclo  - Lira Jr
         Antonio Coelho                                                15300                              800,00          2.215,00C
         Valor  Ref.  Prod. CB Ailton 01 BF - Lira Jr Antonio
         Coelho                                                        15318                              180,00          2.395,00C
         Valor Ref. Prod. CB Ailton 01 JMA Grasiliano           3458   15407                              180,00          2.575,00C
18/02/23 Valor Ref. Prod. Ailton 5 V BF-Rui Barbosa             3642   15521                              900,00          3.475,00C
23/02/23 Valor Ref. Pagto parcial de produção (Ailton)           187   15792            500,00                            2.975,00C
         Valor  Ref.  4  V  Ciclo (Ailton) - Lira Jr (Antonio
         Coelho)                                                3613   15938                              800,00          3.775,00C
24/02/23 Valor  Ref.  Produção  Ailton  05  Ciclo  - Lira Jr.
         Antonio Coelho                                                16519                            1.050,00          4.825,00C
         Valor  Ref. Produção Ailton 01 BF - Lira Jr. Antonio
         Coelho                                                        16527                              180,00          5.005,00C
                                                                  TOTAIS =            7.935,00          9.260,00          5.005,00C
*************************
                         **
                           **
                             **
                               **
                                 **
                                   **
                                     **
                                       **
                                         **
                                           **
                                             **
                                               **
                                                 **
                                                   **
                                                     **
                                                       **
                                                         **
                                                           **
                                                             **
                                                               **
                                                                 **
                                                                   **
                                                                     **
                                                                       **
                                                                         **
                                                                           **
                                                                             **
                                                                               **
                                                                                 **
                                                                                   **
                                                                                     **
                                                                                       **
                                                                                         **
                                                                                           **
                                                                                             **
                                                                                               **
                                                                                                 **
                                                                                                   **
                                                                                                     **
                                                                                                       **
                                                                                                         **
                                                                                                           *************************
