WK Sistemas - Demonstração                                              BALANCETE     PERÍODO DE 21/09/24 ATÉ 23/09/24   FOLHA    1
                                                                                                         Data de Emissão : 23/09/24
        NOME                                                    SALDO ANTERIOR          DÉBITOS         CRÉDITOS       SALDO ATUAL


PASSIVO                                                      

  CIRCULANTE                                                 

    FORNECEDORES                                             
      AGR Ambiental                                                  46.215,42             0,00             0,00         46.215,42 
      AJ Manutenção/ Adriano Sotreq                                   3.375,00             0,00             0,00          3.375,00 
      APR Combustiveis                                                8.320,82             0,00             0,00          8.320,82 
      Armazém Laje Central                                              143,31             0,00             0,00            143,31 
      BR Peças e Serviços                                             1.995,00             0,00             0,00          1.995,00 
      Bartô Hidráulica                                                4.000,00             0,00             0,00          4.000,00 
      Casa do Ar p/ Autos                                             2.015,00             0,00             0,00          2.015,00 
      Falcon Vigilância                                                 403,92             0,00             0,00            403,92 
      Gráfica Valdemir                                                  500,00             0,00             0,00            500,00 
      M&J Peças                                                           0,00             0,00         1.015,00          1.015,00 
      MC Gases                                                          930,00             0,00             0,00            930,00 
      Oficina Estrela Diesel                                            645,00             0,00             0,00            645,00 
      Oficina de Molas Bom Jesus                                        506,64             0,00             0,00            506,64 
      Palacio dos Radiadores                                              0,00             0,00           833,33            833,33 
      Pneubom                                                           415,00             0,00             0,00            415,00 
      RCC Recicladora                                                15.105,58             0,00             0,00         15.105,58 
      Vertical Peças                                                      0,00             0,00           666,32            666,32 

    ** Total de FORNECEDORES                                         84.570,69             0,00         2.514,65         87.085,34 

    SERVIÇOS TERCEIRIZADOS                                   

      CAÇAMBEIROS                                            

        CAÇAMBAS DIVERSAS                                    
          CB Ailton                                                  11.140,00             0,00             0,00         11.140,00 
          CB Giliard                                                  1.400,00             0,00             0,00          1.400,00 
          CB Gordo                                                    1.600,00             0,00             0,00          1.600,00 
          CB Lourenço                                                 2.490,00             0,00             0,00          2.490,00 

          FLORIANO                                           
            CB HVC-1036 Nem bco                                       3.542,92             0,00           800,00          4.342,92 
            CB JQR-2H64 Nem azul                                     13.631,84             0,00         2.000,00         15.631,84 

          ** Total de FLORIANO                                       17.174,76             0,00         2.800,00         19.974,76 

          CB Santos & Lins                                   
            CB Santos Lins JJZ-2H88                                  17.830,00             0,00         2.000,00         19.830,00 

          ** Total de CB Santos & Lins                               17.830,00             0,00         2.000,00         19.830,00 

        ** Total de CAÇAMBAS DIVERSAS                                51.634,76             0,00         4.800,00         56.434,76 

      ** Total de CAÇAMBEIROS                                        51.634,76             0,00         4.800,00         56.434,76 

      OUTROS SERVIÇOS                                        
        Julione                                                       3.000,00             0,00             0,00          3.000,00 

      ** Total de OUTROS SERVIÇOS                                     3.000,00             0,00             0,00          3.000,00 

    ** Total de SERVIÇOS TERCEIRIZADOS                               54.634,76             0,00         4.800,00         59.434,76 

    EMPRESTIMENTOS E FINANCIAMENTOS                          

      BANCOS                                                 
        Banco DLL                                                    10.417,09             0,00             0,00         10.417,09 
        Bradesco - Iveco                                               (282,13)            0,00             0,00           (282,13)

      ** Total de BANCOS                                             10.134,96             0,00             0,00         10.134,96 

      TERCEIROS                                              
        Antonio Jr                                                  202.637,19             0,00             0,00        202.637,19 
        WR Construções                                               20.000,00             0,00             0,00         20.000,00 

      ** Total de TERCEIROS                                         222.637,19             0,00             0,00        222.637,19 

      CARTOES DE CREDITO                                     
        Cartão Nem                                                      514,68             0,00             0,00            514,68 
        Hipercard                                                       877,00             0,00             0,00            877,00 

      ** Total de CARTOES DE CREDITO                                  1.391,68             0,00             0,00          1.391,68 

    ** Total de EMPRESTIMENTOS E FINANCIAMENTOS                     234.163,83             0,00             0,00        234.163,83 
WK Sistemas - Demonstração                                              BALANCETE     PERÍODO DE 21/09/24 ATÉ 23/09/24   FOLHA    2
                                                                                                         Data de Emissão : 23/09/24
        NOME                                                    SALDO ANTERIOR          DÉBITOS         CRÉDITOS       SALDO ATUAL


    ADIANT. RECEBIDOS                                        

      CLIENTES                                               
        Açomais                                                         650,00             0,00             0,00            650,00 
        BLG Negócios                                                  3.700,00             0,00             0,00          3.700,00 
        CJ Engenharia                                                18.000,00             0,00             0,00         18.000,00 
        Const Santo Antonio                                         120.000,00             0,00             0,00        120.000,00 
        Diogo Sítio                                                  17.000,00             0,00             0,00         17.000,00 
        Domi Construtora                                            110.000,00             0,00             0,00        110.000,00 
        Eletron Watts                                                 8.000,00             0,00             0,00          8.000,00 
        JMA                                                           1.000,00             0,00             0,00          1.000,00 
        Max Aurora - Veiga                                           28.930,97             0,00             0,00         28.930,97 
        Nova Mobi                                                     1.500,00             0,00             0,00          1.500,00 
        Padaria Rosarinho                                            28.000,00             0,00             0,00         28.000,00 
        Parvi segur. Plus Imoveis                                   128.442,42             0,00             0,00        128.442,42 
        Recibom                                                      66.666,66             0,00             0,00         66.666,66 
        Supermix                                                     70.420,36             0,00             0,00         70.420,36 
        São Mateus  - passivo                                        27.628,65             0,00             0,00         27.628,65 
        Vaga Engenharia                                              15.000,00             0,00             0,00         15.000,00 

      ** Total de CLIENTES                                          644.939,06             0,00             0,00        644.939,06 

    ** Total de ADIANT. RECEBIDOS                                   644.939,06             0,00             0,00        644.939,06 

    IMPOSTOS E TRIBUTOS                                      

      MUNICIPAIS                                             
        Foro Olinda - Programação                                       367,17             0,00             0,00            367,17 
        ISS - Programação                                               973,04             0,00             0,00            973,04 

      ** Total de MUNICIPAIS                                          1.340,21             0,00             0,00          1.340,21 

      FEDERAIS                                               
        INSS - Programação                                           96.046,00             0,00             0,00         96.046,00 

      ** Total de FEDERAIS                                           96.046,00             0,00             0,00         96.046,00 

      ESTADUAIS                                              
        SEFAZ                                                        24.970,18             0,00             0,00         24.970,18 

      ** Total de ESTADUAIS                                          24.970,18             0,00             0,00         24.970,18 

    ** Total de IMPOSTOS E TRIBUTOS                                 122.356,39             0,00             0,00        122.356,39 

    SALARIOS/ PROVENTOS                                      
      Pró-labore - programação                                     (157.244,47)            0,00             0,00       (157.244,47)

    ** Total de SALARIOS/ PROVENTOS                                (157.244,47)            0,00             0,00       (157.244,47)

  ** Total de CIRCULANTE                                            983.420,26             0,00         7.314,65        990.734,91 

** Total de PASSIVO                                                 983.420,26             0,00         7.314,65        990.734,91 
