WK Sistemas - Demonstração                                         RAZÄO N.    3              DE 01/07/24 ATÉ 10/07/24    PAG.    1
                                                                                                         Data de Emissão : 10/07/24
  DATA   HISTÓRICO                                     CONTRAPARTIDA   CHAVE            DÉBITO           CRÉDITO             SALDO


         5316  2.1.02.01.01           CAÇAMBAS DIVERSAS                       
CONTA:   7048  2.1.02.01.01.02        CB Santos Lins JJZ-2H88                                     
         SALDO ANTERIOR                                                                                                   8.890,00C
01/07/24 Valor Ref. prod.cb jjz-2h88 03agr breno graças         7172  146196                              660,00          9.550,00C
         Valor  Ref.  prod.cb  jjz-2h88  02bf  ab  corte real
         olinda                                                 7166  146226                              400,00          9.950,00C
02/07/24 Valor Ref. prod. cb jjz-2h88 04agr breno s.leme        7172  146706                              880,00         10.830,00C
03/07/24 Valor   Ref.   prod.  cb  jjz-2h88  06agr  breno  v.
         albuquerque                                            7189  146714                            1.320,00         12.150,00C
04/07/24 Valor   Ref.   prod.   cb   jjz-2h88   02agr   breno
         v.albuquerque                                          7189  147613                              440,00         12.590,00C
         Valor Ref. prod. cb jjz-2h88 01bf sao mateus           7150  147681                              200,00         12.790,00C
         Valor Ref. prod. cb jjz-2h88 02rcc poupec              7108  147699                              500,00         13.290,00C
05/07/24 Valor Ref. Pagto produção (CB Santos Lins Transp)       187  147991          8.090,00                            5.200,00C
         Valor Ref. prod.cb jjz-2h88 02bf sao mateus            7150  148652                              400,00          5.600,00C
06/07/24 Valor Ref. prod. cb jjz-2h88 05 bf sto imberibera      6735  148865                            1.250,00          6.850,00C
08/07/24 Valor Ref. prod. cb jjz-2h88 05 bf navera escola       7210  148873                            1.000,00          7.850,00C
09/07/24 Valor Ref. prod cb jjz-2h88 06bf recibom bv            4989  149225                            1.500,00          9.350,00C
10/07/24 Valor Ref. prod cb jjz-2h88 01bf palacio boa vista     2312  149403                              200,00          9.550,00C
         Valor Ref. prod cb jjz-2h88 05bf ab corte real         7166  149438                            1.000,00         10.550,00C
                                                                  TOTAIS =            8.090,00          9.750,00         10.550,00C
**********
          **
            **
              **
                **
                  **
                    **
                      **
                        **
                          **
                            **
                              **
                                **
                                  **
                                    **
                                      **
                                        **
                                          **
                                            **
                                              **
                                                **
                                                  **
                                                    **
                                                      **
                                                        **
                                                          **
                                                            **
                                                              **
                                                                **
                                                                  **
                                                                    **
                                                                      **
                                                                        **
                                                                          **
                                                                            **
                                                                              **
                                                                                **
                                                                                  **
                                                                                    **
                                                                                      **
                                                                                        **
                                                                                          **
                                                                                            **
                                                                                              **
                                                                                                **
                                                                                                  **
                                                                                                    **
                                                                                                      **
                                                                                                        **
                                                                                                          **
                                                                                                            **
                                                                                                              **
                                                                                                                **
                                                                                                                  **
                                                                                                                    **
                                                                                                                      **
                                                                                                                        **
                                                                                                                          **********
