WK Sistemas - Demonstração                                         RAZÄO N.    3              DE 01/06/24 ATÉ 26/07/24    PAG.    1
                                                                                                         Data de Emissão : 27/07/24
  DATA   HISTÓRICO                                     CONTRAPARTIDA   CHAVE            DÉBITO           CRÉDITO             SALDO


         5316  2.1.02.01.01           CAÇAMBAS DIVERSAS                       
CONTA:   5322  2.1.02.01.01.01        CB JQR-2H64 Nem                                             
         SALDO ANTERIOR                                                                                                   4.445,36C
03/06/24 Valor Ref. Prod. CB em Azul Parve 01 BF 03, AGR        6379  138363                              860,00          5.305,36C
04/06/24 Valor Ref. Proc. CB Nem Azul 06 AGR Parvi              6379  138827                            1.320,00          6.625,36C
05/06/24 Valor Ref. Prod. CB Nem Azul 06 AGR - Parvi            6379  139262                            1.320,00          7.945,36C
06/06/24 Valor Ref. Prod. CB Nem Azul 03 AGR - Parvi            6379  139327                              660,00          8.605,36C
07/06/24 Valor Ref. Prod. CB Nem - Azul 01 AGR 01 BF - Parvi    6379  140899                              420,00          9.025,36C
         Valor Ref. Prod. CB Nem Azul 02 AGR - Inconcal         6758  140953                              440,00          9.465,36C
08/06/24 Valor Ref. Prod. CB Nem - Azul 01 Barro Max Derby6     6221  140929                              200,00          9.665,36C
10/06/24 Valor Ref. Prod. CB Nem - Azul 01 AGR - Parvi          6379  140881                              220,00          9.885,36C
         Valor Ref. Prod. CB Nem Azul 02 AGR - Marista          6563  140988                              440,00         10.325,36C
11/06/24 Valor  Ref. <Montagem de 3 pneus (2 PET e 1 JQR) e 1
         remendo (RE02)                                               140783             35,00                           10.290,36C
         Valor Ref. Prod. CB Nem - Azul 01 AGR 04 BF - Parvi    6379  140848                            1.020,00         11.310,36C
12/06/24 Valor Ref. Prod. CB Nem Azul - 05 BF - Parvi           6379  141569                            1.000,00         12.310,36C
13/06/24 Valor  Ref.  Abastec.  Iveco,  EH01, JQR, HVC, RE05,
         RE04   na  APR  Combustiveis  c/  as  NFCs:  239082,
         159118,  159089,  159082,  157025,  159395, 239081 -
         12/06/24                                                     142328            906,89                           11.403,47C
         Valor Ref. Prod. CB Nem Azul 02 RCC Poupoec            7108  143227                              500,00         11.903,47C
         Valor Ref. Prod. CB Nem Azul BGS Recibom Piedade       5961  143235                              250,00         12.153,47C
14/06/24 Valor Ref. Pagto produção (CB Nem)                      187  142981          9.465,36                            2.688,11C
         Valor Ref. Prod. CB Nem Azul 01 Poupoec                7108  143219                              250,00          2.938,11C
17/06/24 Valor Ref. Prod. CB Nem Azul 04 BF - Marista           6563  143260                              800,00          3.738,11C
18/06/24 Valor Ref. Prod. CB Nem Azul 05 BF - Marista           6563  143952                            1.000,00          4.738,11C
19/06/24 Valor Ref. Prod. CB Nem Azul 03 BF - Marista           6563  143944                              600,00          5.338,11C
20/06/24 Valor Ref. Prod. CB Nem Azul 03 AGR - Marista          6563  144291                              660,00          5.998,11C
         Valor Ref. Prod. CB Nem Azul 01 RCC - Poupec           7108  144312                              250,00          6.248,11C
21/06/24 Valor Ref. Prod. CB Nem Azul 01 BF 02 AGR - Marista    6563  144371                              640,00          6.888,11C
         Valor Ref. Pagto produção (CB Nem)                      129  144436          2.900,00                            3.988,11C
25/06/24 Valor Ref. Prod. CB.Nem Azul 03 BF AB Corte - Olinda   7166  145157                              600,00          4.588,11C
26/06/24 Valor Ref. Prod. CB Nem Azul 02BF,03AGR S.Mateus       7150  145220                            1.060,00          5.648,11C
27/06/24 Valor Ref. Prod. CB.Nem Azul 02BF,03AGR S. Mateus      7150  145335                            1.060,00          6.708,11C
28/06/24 Valor Ref. Prod. CB Nem Azul 03BF,02AGR - S. Mateus    7150  145955                            1.040,00          7.748,11C
29/06/24 Valor Ref. Proed. CB Nem Azul 05 BF S.Mateus           7150  146030                            1.000,00          8.748,11C
01/07/24 Valor  Ref.  Serviço  de recauchutagem de 2 pneus na
         Dafonte Pneus c/ a NFSe 127964 - 2/3                   5629  130257            527,00                            8.221,11C
         Valor  Ref.  Desconto  proporcional 01.04 a 23.04.24
         (CB Nem) Rastreamento EMLURB. venc. 01/07/24           3241  144711            332,73                            7.888,38C
         Valor Ref. prod.cb nem azul 02agr breno graças         7172  146200                              440,00          8.328,38C
         Valor  Ref.  prod.cb  nem  azul  02bf  ab corte real
         olinda                                                 7166  146234                              400,00          8.728,38C
02/07/24 Valor  Ref.  Abastec.  RE01, RE05, EH01 e JQR2H64 na
         APR  Combust  c/  as  NFCs: 163347, 243650, 163346 -
         26/06/24                                                     146641            986,00                            7.742,38C
         Valor Ref. prod. cb nem azul 06agr breno s.leme        7172  146684                            1.320,00          9.062,38C
03/07/24 Valor   Ref.  prod.  cb  nem  azul  04agr  breno  v.
         albuquerque                                            7189  146731                              880,00          9.942,38C
         Valor Ref. prod. cb nem azul 01bgs recibom             4989  146773                              500,00         10.442,38C
04/07/24 Valor  Ref.  prod.  cb  nem  azul  02agr,01bf  breno
         v.albuquerque                                          7189  147621                              640,00         11.082,38C
         Valor Ref. prod. cb nem azul 02bf sao mateus           7150  147672                              400,00         11.482,38C
05/07/24 Valor Ref. Pagto produção (CB Nem)                      187  147982          7.748,11                            3.734,27C
         Valor  Ref.  Abastec. RE05, JQR2H64 e Nivus Cinza na
         APR  Combust  c/  as  NFCs: 164782, 164787, 245570 -
         01/07/24                                                     148423          1.102,95                            2.631,32C
         Valor  Ref.  Abastec.  EH01, RE05, HVC, JJZ e JQR na
         APR  Combust  c/  as  NFCs:  165303, 165618, 165350,
         165426, 165400 - 04/07/24                                    148628            936,09                            1.695,23C
         Valor Ref. prod.cb nem azul 02bf sao mateus            7150  148636                              400,00          2.095,23C
06/07/24 Valor Ref. prod. cb nem azul 04bf sto imberibera       6735  148849                            1.000,00          3.095,23C
08/07/24 Valor Ref. prod. cb nem azul 05 bf navera escola       7210  148881                            1.000,00          4.095,23C
09/07/24 Valor Ref. prod cb nem azul 03bf escola navera         7210  149209                              600,00          4.695,23C
10/07/24 Valor  Ref. Compra de pneus 375/80R 32.5 na Drive c/
         a NF 69400 - 1/10                                            140457            355,10                            4.340,13C
         Valor Ref. prod cb nem azul 01bf escola navera         7210  149381                              200,00          4.540,13C
         Valor Ref. prod cb nem azul 03bf ab corte real         7166  149420                              600,00          5.140,13C
11/07/24 Valor Ref. prod cb nem azul 01bf posto assis pedrosa   5612  149683                              500,00          5.640,13C
12/07/24 Valor Ref. Pagto da taxa de renovação da EMLURB              149799             95,31                            5.544,82C
         Valor Ref. Pagto produção (CB Nem)                      187  149918          2.095,23                            3.449,59C
         Valor  Ref.  Abastec.  Saveiro,  JQR2H64,  HVC1036 e
         CM25370  na  APR Combust c/ as NFCs: 167117, 167097,
         248990, 167168 - 11/07/24                                    150070            802,68                            2.646,91C
         Valor  Ref.  prod  cb  nem azul 02 bf 02agr todo dia
         afogados                                               7114  150398                              840,00          3.486,91C
13/07/24 Valor Ref. PROD CB NEM AZUL 03BF PALACIO BOA VISTA     2312  150436                              600,00          4.086,91C
WK Sistemas - Demonstração                                         RAZÄO N.    3              DE 01/06/24 ATÉ 26/07/24    PAG.    2
                                                                                                         Data de Emissão : 27/07/24
  DATA   HISTÓRICO                                     CONTRAPARTIDA   CHAVE            DÉBITO           CRÉDITO             SALDO

         5316  2.1.02.01.01           CAÇAMBAS DIVERSAS                       
CONTA:   5322  2.1.02.01.01.01        CB JQR-2H64 Nem                                              - continuação
13/07/24 Valor Ref. PROD CB NEM AZUL 01BF DOM SEBASTIAO         7172  150461                              200,00          4.286,91C
15/07/24 Valor Ref. PROD CB NEM azul 05RCC 01BF POUPEC          7108  150525                            1.500,00          5.786,91C
16/07/24 Valor Ref. pro cb nem  azul 04bf pressa dlp            7249  150550                              800,00          6.586,91C
17/07/24 Valor Ref. pro cb nem azul 02bf pressa dlp             7249  150592                              400,00          6.986,91C
         Valor Ref. pro cb nem azul 04bf escola navera          7210  150606                              800,00          7.786,91C
18/07/24 Valor Ref. prod cb nem azul 04bf conselheiro aguiar    4989  150975                            1.000,00          8.786,91C
19/07/24 Valor Ref. prod cb nem azul 02bf estrada de belem      7261  151301                              440,00          9.226,91C
         Valor Ref. prod cb nem azul 01bgs dlp                  7249  151424                              500,00          9.726,91C
20/07/24 Valor  Ref.  Prod  cb  nem  azul  01diaria  todo dia
         afogados                                               7114  151459                              800,00         10.526,91C
22/07/24 Valor Ref. prod cb nem azul 04bf mangabeira            6267  151718                              800,00         11.326,91C
23/07/24 Valor Ref. prod  cb nem azul 01bgs dlp pressa          7249  152412                              500,00         11.826,91C
         Valor Ref. prod  cb nem  azul01bgs caxanga             4044  152455                              500,00         12.326,91C
         Valor Ref. prod  cb nem  azul01bf nicaragua            2453  152463                              200,00         12.526,91C
24/07/24 Valor Ref. prod cb nem azul 03bf todo dia afogados     7114  152633                              600,00         13.126,91C
25/07/24 Valor Ref. prod cb nem azul 02bf todo dia afogados     7114  152781                              400,00         13.526,91C
         Valor Ref. prod cb  nem azul 02bf terraço beira rio    2387  152820                              400,00         13.926,91C
         Valor   Ref.   Abastec.   RE01,  RE03,  RE04,  RE05,
         Mecânico,   JJZ2H88,  JQR2H64,  HVC1036,  PET5522  e
         Nivus Azul na APR Combustiveis - 12 a 18/07/24               152919            968,09                           12.958,82C
26/07/24 Valor Ref. Pagto produção (CB Nem)                      187  153371          9.726,91                            3.231,91C
         Valor Ref. prod cb nem azul 01bf todo dia afogados     7114  153401                              200,00          3.431,91C
                                                                  TOTAIS =           38.983,45         37.970,00          3.431,91C
*************
             **
               **
                 **
                   **
                     **
                       **
                         **
                           **
                             **
                               **
                                 **
                                   **
                                     **
                                       **
                                         **
                                           **
                                             **
                                               **
                                                 **
                                                   **
                                                     **
                                                       **
                                                         **
                                                           **
                                                             **
                                                               **
                                                                 **
                                                                   **
                                                                     **
                                                                       **
                                                                         **
                                                                           **
                                                                             **
                                                                               **
                                                                                 **
                                                                                   **
                                                                                     **
                                                                                       **
                                                                                         **
                                                                                           **
                                                                                             **
                                                                                               **
                                                                                                 **
                                                                                                   **
                                                                                                     **
                                                                                                       **
                                                                                                         **
                                                                                                           **
                                                                                                             **
                                                                                                               **
                                                                                                                 **
                                                                                                                   **
                                                                                                                     **
                                                                                                                       *************
