WK Sistemas - Demonstração                                              BALANCETE     PERÍODO DE 06/05/23 ATÉ 08/05/23   FOLHA    1
                                                                                                         Data de Emissão : 08/05/23
        NOME                                                    SALDO ANTERIOR         MOVIMENTO       SALDO ATUAL


PASSIVO                                                      

  CIRCULANTE                                                 

    FORNECEDORES                                             
      BR Peças e Serviços                                             1.995,00              0,00          1.995,00 
      CELPE                                                             726,87              0,00            726,87 
      Casa do Ar p/ Autos                                             2.015,00              0,00          2.015,00 
      Escritório Contabil                                             1.800,00              0,00          1.800,00 
      Falcon Vigilância                                                 403,92              0,00            403,92 
      Gráfica Valdemir                                                  450,00              0,00            450,00 
      HS da Silva Com. e Serv. ME                                         0,00            433,34            433,34 
      Hidraubombas                                                    1.000,00              0,00          1.000,00 
      Locape                                                              0,00            250,00            250,00 
      M&J Peças                                                           0,00          2.725,00          2.725,00 
      MC Gases                                                          130,00              0,00            130,00 
      Mercado Eletronico                                                350,00              0,00            350,00 
      Oi Fibra                                                           99,76             99,77            199,53 
      RCC Recicladora                                                 7.000,00              0,00          7.000,00 
      Rastreamento EMLURB                                             3.472,00              0,00          3.472,00 
      TIM Celular                                                       257,28              0,00            257,28 

    ** Total de FORNECEDORES                                         19.699,83          3.508,11         23.207,94 

    SERVIÇOS TERCEIRIZADOS                                   

      CAÇAMBEIROS                                            
        CB Ailton                                                     8.121,94          1.150,00          9.271,94 
        CB Lourenço                                                     750,00              0,00            750,00 
        CB Nem                                                        7.272,00          1.150,00          8.422,00 

      ** Total de CAÇAMBEIROS                                        16.143,94          2.300,00         18.443,94 

      OUTROS SERVIÇOS                                        
        Jeremias Soldador                                            (1.862,40)             0,00         (1.862,40)
        Pedro Arvore                                                  6.000,00              0,00          6.000,00 
        Retro - Mario Henrique                                        3.000,19              0,00          3.000,19 
        Samuel Mecânico                                               1.400,00              0,00          1.400,00 

      ** Total de OUTROS SERVIÇOS                                     8.537,79              0,00          8.537,79 

    ** Total de SERVIÇOS TERCEIRIZADOS                               24.681,73          2.300,00         26.981,73 

    EMPRESTIMENTOS E FINANCIAMENTOS                          

      BANCOS                                                 
        Bradesco - Capital de Giro                                      170,34              0,00            170,34 
        Bradesco - Caçamba MGS                                          255,50              0,00            255,50 
        Bradesco - EH 01                                              1.611,29              0,00          1.611,29 
        Bradesco - Iveco                                              1.392,62              0,00          1.392,62 

      ** Total de BANCOS                                              3.429,75              0,00          3.429,75 

      TERCEIROS                                              
        Antonio Jr                                                   50.100,00              0,00         50.100,00 

      ** Total de TERCEIROS                                          50.100,00              0,00         50.100,00 

      CARTOES DE CREDITO                                     
        Hipercard                                                     7.619,02              0,00          7.619,02 

      ** Total de CARTOES DE CREDITO                                  7.619,02              0,00          7.619,02 

    ** Total de EMPRESTIMENTOS E FINANCIAMENTOS                      61.148,77              0,00         61.148,77 

    IMPOSTOS E TRIBUTOS                                      

      MUNICIPAIS                                             
        CIM - Programação                                            13.021,83              0,00         13.021,83 
        Foro Olinda - Programação                                       121,30              0,00            121,30 

      ** Total de MUNICIPAIS                                         13.143,13              0,00         13.143,13 

      FEDERAIS                                               
        CSLL - Programação                                              770,72              0,00            770,72 
        INSS - Programação                                           80.176,56              0,00         80.176,56 
        IRPJ - Programação                                              727,90              0,00            727,90 
        PGFN - SISPAR                                                   229,50              0,00            229,50 

      ** Total de FEDERAIS                                           81.904,68              0,00         81.904,68 

      ESTADUAIS                                              
        DETRAN - PE                                                   4.645,13              0,00          4.645,13 
        SEFAZ                                                        24.970,18              0,00         24.970,18 
WK Sistemas - Demonstração                                              BALANCETE     PERÍODO DE 06/05/23 ATÉ 08/05/23   FOLHA    2
                                                                                                         Data de Emissão : 08/05/23
        NOME                                                    SALDO ANTERIOR         MOVIMENTO       SALDO ATUAL


      ** Total de ESTADUAIS                                          29.615,31              0,00         29.615,31 

    ** Total de IMPOSTOS E TRIBUTOS                                 124.663,12              0,00        124.663,12 

    SALARIOS/ PROVENTOS                                      
      Folha de Pagamento Salário                                      5.262,50              0,00          5.262,50 
      Pró-labore - programação                                        6.000,00              0,00          6.000,00 

    ** Total de SALARIOS/ PROVENTOS                                  11.262,50              0,00         11.262,50 

  ** Total de CIRCULANTE                                            241.455,95          5.808,11        247.264,06 

** Total de PASSIVO                                                 241.455,95          5.808,11        247.264,06 
