WK Sistemas - Demonstração                                              BALANCETE     PERÍODO DE 25/09/24 ATÉ 25/09/24   FOLHA    1
                                                                                                         Data de Emissão : 25/09/24
        NOME                                                    SALDO ANTERIOR          DÉBITOS         CRÉDITOS       SALDO ATUAL


CUSTOS E DESPESAS                                            

  DESPESAS ADMINISTRATIVAS                                   
    Assessoria Contabil                                             (35.100,00)            0,00             0,00        (35.100,00)
    Assessoria Jurídica                                             (10.575,00)            0,00             0,00        (10.575,00)
    Bombeiros                                                        (1.556,61)            0,00             0,00         (1.556,61)
    CIM                                                             (12.548,24)            0,00             0,00        (12.548,24)
    Capacitação Funcionarios                                         (3.378,90)            0,00             0,00         (3.378,90)
    Contrib Previd Patronal                                          (2.526,36)            0,00             0,00         (2.526,36)
    Despesas Diversas - ADM                                        (294.393,14)            0,00             0,00       (294.393,14)
    Energia                                                         (19.276,16)            0,00             0,00        (19.276,16)
    FGTS                                                            (56.565,53)            0,00             0,00        (56.565,53)
    Financiamentos - ADM                                           (149.808,24)        3.427,48             0,00       (153.235,72)
    Gás                                                              (1.377,99)            0,00             0,00         (1.377,99)
    ICMS                                                            (22.084,72)            0,00             0,00        (22.084,72)
    INSS                                                           (133.096,44)            0,00             0,00       (133.096,44)
    IPTU                                                             (9.584,21)          171,59             0,00         (9.755,80)
    ISS                                                              (6.801,94)            0,00             0,00         (6.801,94)
    Impostos Federais                                               (35.903,73)            0,00             0,00        (35.903,73)
    Juros de Financiamento                                          (42.682,63)            0,00             0,00        (42.682,63)
    Juros e Despesas Bancárias                                      (12.082,11)            0,00             0,00        (12.082,11)
    Material de Expediente                                             (996,95)            0,00             0,00           (996,95)
    Passagens                                                          (116,40)            0,00             0,00           (116,40)
    Pro-labore                                                     (107.777,00)            0,00             0,00       (107.777,00)
    Refeições                                                       (61.476,94)            0,00             0,00        (61.476,94)
    SEFAZ                                                           (11.056,74)            0,00             0,00        (11.056,74)
    Salários                                                        (56.813,04)            0,00             0,00        (56.813,04)
    Serv. Prestados                                                  (8.896,79)            0,00             0,00         (8.896,79)
    Telefone                                                         (7.775,66)          306,67             0,00         (8.082,33)
    Água                                                             (1.744,50)            0,00             0,00         (1.744,50)

  ** Total de DESPESAS ADMINISTRATIVAS                           (1.105.995,97)        3.905,74             0,00     (1.109.901,71)

  DESP. C/ MAQUINAS/VEICULOS/EQUIP.                          

    MAQUINAS                                                 

      RE CAT - 01                                            
        Combustiveis - RE CAT - 01                                  (39.683,58)            0,00             0,00        (39.683,58)
        Diversos - RE CAT - 01                                      (10.500,44)            0,00             0,00        (10.500,44)
        Encargos Sociais - RE CAT - 01                               (1.911,05)            0,00             0,00         (1.911,05)
        Lubrificantes - RE CAT - 01                                 (12.411,03)            0,00             0,00        (12.411,03)
        Manutenção - RE CAT - 01                                    (83.944,15)            0,00             0,00        (83.944,15)
        Mão de obra - RE CAT - 01                                   (61.817,36)            0,00             0,00        (61.817,36)
        Serviços Prestados - RE CAT - 01                            (17.159,76)            0,00             0,00        (17.159,76)

      ** Total de RE CAT - 01                                      (227.427,37)            0,00             0,00       (227.427,37)

      RE CAT - 02                                            
        Combustiveis - RE CAT - 02                                  (60.007,62)            0,00             0,00        (60.007,62)
        Diversos - RE CAT - 02                                       (4.546,11)            0,00             0,00         (4.546,11)
        Encargos Sociais - RE CAT - 02                              (10.028,70)            0,00             0,00        (10.028,70)
        Lubrificantes - RE CAT - 02                                 (11.929,95)            0,00             0,00        (11.929,95)
        Manutenção - RE CAT - 02                                   (137.526,52)          393,75             0,00       (137.920,27)
        Mão de obra - RE CAT - 02                                   (70.589,62)            0,00             0,00        (70.589,62)
        Produção - RE CAT - 02                                         (112,00)            0,00             0,00           (112,00)
        Serviços Prestados - RE CAT - 02                            (46.773,54)            0,00             0,00        (46.773,54)

      ** Total de RE CAT - 02                                      (341.514,06)          393,75             0,00       (341.907,81)

      RE CAT - 03                                            
        Combustiveis - RE CAT - 03                                  (72.985,97)            0,00             0,00        (72.985,97)
        Diversos - RE CAT - 03                                       (3.063,80)            0,00             0,00         (3.063,80)
        Encargos Sociais - RE CAT - 03                                 (576,79)            0,00             0,00           (576,79)
        Lubrificantes - RE CAT - 03                                 (11.842,69)            0,00             0,00        (11.842,69)
        Manutenção - RE CAT - 03                                   (124.324,73)          715,00             0,00       (125.039,73)
        Mão de obra - RE CAT - 03                                   (95.180,33)            0,00             0,00        (95.180,33)
        Produção - RE CAT - 03                                         (743,59)            0,00             0,00           (743,59)
        Serviços Prestados - RE CAT - 03                            (23.606,42)            0,00             0,00        (23.606,42)

      ** Total de RE CAT - 03                                      (332.324,32)          715,00             0,00       (333.039,32)

      EH CAT - 01                                            
        Combustiveis - EH CAT - 01                                 (166.413,27)            0,00             0,00       (166.413,27)
        Diversos - EH CAT - 01                                      (21.356,99)            0,00             0,00        (21.356,99)
        Encargos Sociais - EH CAT - 01                                 (521,13)            0,00             0,00           (521,13)
        Lubrificantes - EH CAT - 01                                  (6.216,17)            0,00             0,00         (6.216,17)
WK Sistemas - Demonstração                                              BALANCETE     PERÍODO DE 25/09/24 ATÉ 25/09/24   FOLHA    2
                                                                                                         Data de Emissão : 25/09/24
        NOME                                                    SALDO ANTERIOR          DÉBITOS         CRÉDITOS       SALDO ATUAL

        Manutenção - EH CAT - 01                                   (104.124,18)        1.173,75             0,00       (105.297,93)
        Mão de obra - EH CAT - 01                                   (91.474,83)            0,00             0,00        (91.474,83)
        Produção - EH CAT - 01                                         (387,02)            0,00             0,00           (387,02)
        Serviços Prestados - EH CAT - 01                            (72.862,44)            0,00             0,00        (72.862,44)

      ** Total de EH CAT - 01                                      (463.356,03)        1.173,75             0,00       (464.529,78)

      RE CAT SAMUEL                                          
        Combustiveis - RE Samuel                                     (4.936,09)            0,00             0,00         (4.936,09)
        Diversos - RE Samuel                                         (4.081,50)            0,00             0,00         (4.081,50)
        Lubrificantes - RE Samuel                                    (1.168,84)            0,00             0,00         (1.168,84)
        Manutenção - RE Samuel                                       (1.983,36)            0,00             0,00         (1.983,36)
        Mão de Obra - RE Samuel                                        (450,00)            0,00             0,00           (450,00)
        Serviços Prestados - RE Samuel                               (2.005,00)            0,00             0,00         (2.005,00)

      ** Total de RE CAT SAMUEL                                     (14.624,79)            0,00             0,00        (14.624,79)

      RE JCB 04                                              
        Combustíveis - RE JCB - 04                                  (97.002,95)            0,00             0,00        (97.002,95)
        Diversos - RE JCB - 04                                       (2.371,71)            0,00             0,00         (2.371,71)
        Lubrificantes - RE JCB - 04                                    (460,13)            0,00             0,00           (460,13)
        Manutenção - RE JCB - 04                                    (35.533,46)        1.142,50             0,00        (36.675,96)
        Mão de obra - RE JCB - 04                                   (54.966,39)            0,00             0,00        (54.966,39)
        Serviços Prestados - RE JCB - 04                             (1.000,00)            0,00             0,00         (1.000,00)

      ** Total de RE JCB 04                                        (191.334,64)        1.142,50             0,00       (192.477,14)

      RE JCB 05                                              
        Combustiveis - RE JCB - 05                                  (41.304,05)            0,00             0,00        (41.304,05)
        Diversos - RE JCB - 05                                         (346,79)            0,00             0,00           (346,79)
        Lubrificantes - RE JCB - 05                                    (153,73)            0,00             0,00           (153,73)
        Manutenção - RE JCB - 05                                    (14.655,04)        3.590,81             0,00        (18.245,85)
        Mão de obra - RE JCB - 05                                   (15.516,70)            0,00             0,00        (15.516,70)

      ** Total de RE JCB 05                                         (71.976,31)        3.590,81             0,00        (75.567,12)

    ** Total de MAQUINAS                                         (1.642.557,52)        7.015,81             0,00     (1.649.573,33)

    VEICULOS                                                 

      FIAT GRAN SIENA                                        
        Combustiveis - Gran Siena                                    (9.299,79)            0,00             0,00         (9.299,79)
        Diversos - Gran Siena                                          (532,90)            0,00             0,00           (532,90)
        Licenciamento - Gran Siena                                   (1.331,42)            0,00             0,00         (1.331,42)
        Manutenção - Gran Siena                                      (5.783,66)            0,00             0,00         (5.783,66)
        Serviços Prestados - Gran Siena                              (2.852,50)            0,00             0,00         (2.852,50)

      ** Total de FIAT GRAN SIENA                                   (19.800,27)            0,00             0,00        (19.800,27)

      GM MONTANA                                             
        Combustiveis - GM Montana                                   (18.180,97)            0,00             0,00        (18.180,97)
        Diversos - GM Montana                                          (490,28)            0,00             0,00           (490,28)
        Licenciamento - GM Montana                                   (1.479,06)            0,00             0,00         (1.479,06)
        Manutenção - GM Montana                                     (13.259,72)            0,00             0,00        (13.259,72)
        Serviços Prestados - GM Montana                              (1.658,45)            0,00             0,00         (1.658,45)

      ** Total de GM MONTANA                                        (35.068,48)            0,00             0,00        (35.068,48)

      CB IVECO                                               
        Combustiveis - CB Iveco                                     (88.500,91)            0,00             0,00        (88.500,91)
        Diversos - CB Iveco                                          (2.380,72)            0,00             0,00         (2.380,72)
        Licenciamento - CB Iveco                                     (5.986,97)            0,00             0,00         (5.986,97)
        Lubrificantes - CB Iveco                                     (2.399,09)            0,00             0,00         (2.399,09)
        Manutenção - CB Iveco                                       (95.418,17)          211,00             0,00        (95.629,17)
        Serviços Prestados - CB Iveco                               (70.110,90)            0,00             0,00        (70.110,90)

      ** Total de CB IVECO                                         (264.796,76)          211,00             0,00       (265.007,76)

      CM 25370                                               
        Combustiveis - CM 25370                                        (239,60)            0,00             0,00           (239,60)
        Diversos - CM 25370                                          (1.125,00)            0,00             0,00         (1.125,00)
        Licenciamento - CM 25370                                    (12.291,69)            0,00             0,00        (12.291,69)
        Manutenção - CM 25370                                           (55,00)            0,00             0,00            (55,00)

      ** Total de CM 25370                                          (13.711,29)            0,00             0,00        (13.711,29)

      PB MGS                                                 
        Licenciamento - PB MGS                                         (486,67)            0,00             0,00           (486,67)
WK Sistemas - Demonstração                                              BALANCETE     PERÍODO DE 25/09/24 ATÉ 25/09/24   FOLHA    3
                                                                                                         Data de Emissão : 25/09/24
        NOME                                                    SALDO ANTERIOR          DÉBITOS         CRÉDITOS       SALDO ATUAL

        Manutenção - PB MGS                                          (1.642,48)            0,00             0,00         (1.642,48)
        Serviços Prestados - PB MGS                                    (800,00)            0,00             0,00           (800,00)

      ** Total de PB MGS                                             (2.929,15)            0,00             0,00         (2.929,15)

      VW NIVUS                                               
        Combustíveis - VW Nivus                                      (9.791,03)            0,00             0,00         (9.791,03)
        Diversos - VW Nivus                                            (898,31)            0,00             0,00           (898,31)
        Licenciamento - VW Nivus                                     (2.580,43)            0,00             0,00         (2.580,43)
        Manutenção - VW Nivus                                           (25,00)            0,00             0,00            (25,00)
        Seguro - VW Nivus                                            (4.505,90)            0,00             0,00         (4.505,90)

      ** Total de VW NIVUS                                          (17.800,67)            0,00             0,00        (17.800,67)

      VW SAVEIRO                                             
        Combustível - VW Saveiro                                     (4.604,94)            0,00             0,00         (4.604,94)
        Diversos - VW Saveiro                                        (5.000,00)            0,00             0,00         (5.000,00)

      ** Total de VW SAVEIRO                                         (9.604,94)            0,00             0,00         (9.604,94)

      CB SANTOS LINS                                         
        Combustiveis - CB Santos Lins                               (19.170,90)            0,00             0,00        (19.170,90)
        Diversos - CB Santos Lins                                      (125,31)            0,00             0,00           (125,31)
        Licenciamento - CB Santos Lins                               (1.070,72)            0,00             0,00         (1.070,72)
        Manutenção - CB Santos Lins                                  (9.744,11)            0,00             0,00         (9.744,11)
        Serviços Prestados - CB Santos Lins                         (12.375,00)            0,00             0,00        (12.375,00)

      ** Total de CB SANTOS LINS                                    (42.486,04)            0,00             0,00        (42.486,04)

    ** Total de VEICULOS                                           (406.197,60)          211,00             0,00       (406.408,60)

    EQUIPAMENTOS/FERRAMENTAS                                 
      Equipamentos/Ferramentas-Oficina                                  (74,80)            0,00             0,00            (74,80)

    ** Total de EQUIPAMENTOS/FERRAMENTAS                                (74,80)            0,00             0,00            (74,80)

    OBRAS POR ADMINISTRAÇAO                                  

      BRENO CAMPOS                                           
        Av. Afonso Olindense                                         (7.520,00)            0,00             0,00         (7.520,00)
        Av. Camarão                                                  (5.600,00)            0,00             0,00         (5.600,00)
        Av. Visc. de Albuquerque                                     (9.980,00)            0,00             0,00         (9.980,00)
        Clube Náutico Capibaribe                                       (400,00)            0,00             0,00           (400,00)
        Espinheiro                                                  (20.420,00)            0,00             0,00        (20.420,00)
        Luiz Vauthier                                               (24.540,00)            0,00             0,00        (24.540,00)
        Padre Anchieta                                              (25.337,80)            0,00             0,00        (25.337,80)
        Palacio Boa Vista                                           (11.047,00)            0,00             0,00        (11.047,00)
        Palacio Madalena                                             (6.141,75)            0,00             0,00         (6.141,75)
        Palacio Rosarinho                                            (6.220,00)            0,00             0,00         (6.220,00)
        Praça das Auroras                                           (17.000,00)            0,00             0,00        (17.000,00)
        Praça das Hortensias                                         (7.157,80)            0,00             0,00         (7.157,80)
        Praça das Seringueiras                                      (13.840,00)            0,00             0,00        (13.840,00)
        Praça dos Jacarandas                                        (10.743,30)            0,00             0,00        (10.743,30)
        Praça dos Jatobás                                           (11.050,00)            0,00             0,00        (11.050,00)
        Praça dos Mognos                                            (12.080,00)            0,00             0,00        (12.080,00)
        Rua 48, 423                                                  (8.040,00)            0,00             0,00         (8.040,00)
        Rua Dom Sebastião Leme                                      (12.640,00)            0,00             0,00        (12.640,00)
        Rua Joaquim Nabuco                                          (37.582,00)            0,00             0,00        (37.582,00)
        Rua Nestor Moreira                                          (15.180,00)            0,00             0,00        (15.180,00)
        Rua Nicaragua                                               (22.080,00)            0,00             0,00        (22.080,00)
        Rua Real da Torre                                            (3.020,00)            0,00             0,00         (3.020,00)
        Rua das Pernambucanas                                        (1.800,00)            0,00             0,00         (1.800,00)
        Terraço Beira Rio                                            (6.860,00)            0,00             0,00         (6.860,00)

      ** Total de BRENO CAMPOS                                     (296.279,65)            0,00             0,00       (296.279,65)

      DALLA NORA                                             
        D. Anuciada                                                  (1.600,00)            0,00             0,00         (1.600,00)
        IOR                                                          (9.310,00)            0,00             0,00         (9.310,00)
        Rua Flor de Santana                                         (59.960,66)            0,00             0,00        (59.960,66)
        Rua Vigario Barreto                                            (540,00)            0,00             0,00           (540,00)

      ** Total de DALLA NORA                                        (71.410,66)            0,00             0,00        (71.410,66)

      COND. PARK JARDIM                                      
        Acesso Cond. Park Jardim                                     (1.800,00)            0,00             0,00         (1.800,00)

      ** Total de COND. PARK JARDIM                                  (1.800,00)            0,00             0,00         (1.800,00)
WK Sistemas - Demonstração                                              BALANCETE     PERÍODO DE 25/09/24 ATÉ 25/09/24   FOLHA    4
                                                                                                         Data de Emissão : 25/09/24
        NOME                                                    SALDO ANTERIOR          DÉBITOS         CRÉDITOS       SALDO ATUAL


      LOJAO DO PRESENTE                                      
        Terreno Janga                                                (4.540,00)            0,00             0,00         (4.540,00)

      ** Total de LOJAO DO PRESENTE                                  (4.540,00)            0,00             0,00         (4.540,00)

      CONSORCIO RF ENG/ WR CONST/ AJR                        
        Acesso Eng. São Fco - BR 408                                 (9.655,00)            0,00             0,00         (9.655,00)

      ** Total de CONSORCIO RF ENG/ WR CONST/ AJR                    (9.655,00)            0,00             0,00         (9.655,00)

      RODRIGO CAMPOS                                         
        Delegacia do Cordeiro                                        (2.760,00)            0,00             0,00         (2.760,00)
        Rodrigo - Cons. Silveira                                     (2.860,00)            0,00             0,00         (2.860,00)
        Rua Antônio Coelho                                           (3.761,24)            0,00             0,00         (3.761,24)

      ** Total de RODRIGO CAMPOS                                     (9.381,24)            0,00             0,00         (9.381,24)

      LIRA JUNIOR                                            
        Amoras                                                         (600,00)            0,00             0,00           (600,00)
        Antonio Coelho                                               (9.378,94)            0,00             0,00         (9.378,94)
        R. Ribeirão                                                  (4.139,99)            0,00             0,00         (4.139,99)

      ** Total de LIRA JUNIOR                                       (14.118,93)            0,00             0,00        (14.118,93)

      AB CORTE REAL                                          
        AB Corte Real Olinda                                         (7.800,00)            0,00             0,00         (7.800,00)
        Tamarineira                                                  (2.700,00)            0,00             0,00         (2.700,00)

      ** Total de AB CORTE REAL                                     (10.500,00)            0,00             0,00        (10.500,00)

      JMA CONSTRUÇÕES                                        
        Boa Viagem                                                   (2.400,00)            0,00             0,00         (2.400,00)
        Piedade                                                      (6.850,00)            0,00             0,00         (6.850,00)
        Rua Graciliano Ramos                                         (6.220,00)            0,00             0,00         (6.220,00)
        Todo Dia (Afogados)                                         (43.095,48)            0,00             0,00        (43.095,48)

      ** Total de JMA CONSTRUÇÕES                                   (58.565,48)            0,00             0,00        (58.565,48)

      AGR AMBIENTAL                                          
        Atacarejo - Olinda                                           (2.860,00)            0,00             0,00         (2.860,00)
        Carrilho                                                     (1.820,00)            0,00             0,00         (1.820,00)
        Casa Forte                                                   (4.660,00)            0,00             0,00         (4.660,00)
        Hotel Tecla                                                    (500,00)            0,00             0,00           (500,00)
        Queiroz Galvão - 17 Agosto                                   (5.720,00)            0,00             0,00         (5.720,00)

      ** Total de AGR AMBIENTAL                                     (15.560,00)            0,00             0,00        (15.560,00)

      EDEILSON - ELISIO EMPREENDIMENTOS                      
        Edeilson - Rui Barbosa                                       (2.500,00)            0,00             0,00         (2.500,00)
        Flor de Santana                                             (11.332,62)            0,00             0,00        (11.332,62)

      ** Total de EDEILSON - ELISIO EMPREENDIMENTOS                 (13.832,62)            0,00             0,00        (13.832,62)

      BCEI                                                   
        Hosp. São João Escócia                                       (7.271,59)            0,00             0,00         (7.271,59)
        Rua Jaticy                                                  (10.565,24)            0,00             0,00        (10.565,24)
        Rua Joaquim Carneiro da Silva                               (57.373,89)            0,00             0,00        (57.373,89)
        Rua Luiz de Farias                                           (6.800,00)            0,00             0,00         (6.800,00)
        Rua Paulo Setubal                                           (23.034,58)            0,00             0,00        (23.034,58)

      ** Total de BCEI                                             (105.045,30)            0,00             0,00       (105.045,30)

      IGREJA ADVENTISTA                                      
        Brasilia Teimosa                                             (9.944,31)            0,00             0,00         (9.944,31)

      ** Total de IGREJA ADVENTISTA                                  (9.944,31)            0,00             0,00         (9.944,31)

      LM SARAIVA                                             
        Sá Pereira                                                   (3.960,00)            0,00             0,00         (3.960,00)

      ** Total de LM SARAIVA                                         (3.960,00)            0,00             0,00         (3.960,00)

      UNIVERSO                                               
        Fragoso                                                      (2.300,00)            0,00             0,00         (2.300,00)
        RE Case Universo                                            (15.002,15)            0,00             0,00        (15.002,15)
        RE Case Universo 2                                           (9.725,46)            0,00             0,00         (9.725,46)
        Santo Amaro                                                  (3.400,00)            0,00             0,00         (3.400,00)
WK Sistemas - Demonstração                                              BALANCETE     PERÍODO DE 25/09/24 ATÉ 25/09/24   FOLHA    5
                                                                                                         Data de Emissão : 25/09/24
        NOME                                                    SALDO ANTERIOR          DÉBITOS         CRÉDITOS       SALDO ATUAL

        Unilock                                                        (600,00)            0,00             0,00           (600,00)

      ** Total de UNIVERSO                                          (31.027,61)            0,00             0,00        (31.027,61)

      NAVERA                                                 
        CBTU                                                           (500,00)            0,00             0,00           (500,00)
        Colegio Dinamico                                            (14.400,00)            0,00             0,00        (14.400,00)
        SENAI Santo Amaro                                            (6.000,00)            0,00             0,00         (6.000,00)

      ** Total de NAVERA                                            (20.900,00)            0,00             0,00        (20.900,00)

      VAGA ENGENHARIA                                        
        Shineray Boa Viagem                                          (3.000,00)            0,00             0,00         (3.000,00)
        Shineray Imbiribeira                                         (4.660,00)            0,00             0,00         (4.660,00)
        São Lourenço                                                 (3.400,00)            0,00             0,00         (3.400,00)

      ** Total de VAGA ENGENHARIA                                   (11.060,00)            0,00             0,00        (11.060,00)

      REFORMA RECIFE                                         
        Reforma Recife - Pina                                        (8.133,00)            0,00             0,00         (8.133,00)

      ** Total de REFORMA RECIFE                                     (8.133,00)            0,00             0,00         (8.133,00)

      NORTESUL                                               
        Rua Amaro Lafayete                                          (59.466,61)            0,00             0,00        (59.466,61)

      ** Total de NORTESUL                                          (59.466,61)            0,00             0,00        (59.466,61)

      DR BOIA CTI                                            
        Caxangá                                                     (13.069,80)            0,00             0,00        (13.069,80)

      ** Total de DR BOIA CTI                                       (13.069,80)            0,00             0,00        (13.069,80)

      GIROS - DISNOVE                                        
        Disnove - Arruda                                             (7.728,42)            0,00             0,00         (7.728,42)
        Disnove - Casa 64                                           (16.314,85)            0,00             0,00        (16.314,85)
        Disnove - Caxangá                                          (122.569,15)            0,00             0,00       (122.569,15)

      ** Total de GIROS - DISNOVE                                  (146.612,42)            0,00             0,00       (146.612,42)

      RELOC                                                  
        Reloc - Bode do Nô                                           (1.400,00)            0,00             0,00         (1.400,00)
        Reloc - Hermano Nascimento                                  (16.750,00)            0,00             0,00        (16.750,00)
        Reloc - Hipodromo                                            (1.980,00)            0,00             0,00         (1.980,00)
        Reloc - Master Boi                                           (6.160,00)            0,00             0,00         (6.160,00)
        Reloc - Olinda                                                 (120,00)            0,00             0,00           (120,00)
        Reloc - Tecla                                               (14.700,00)            0,00             0,00        (14.700,00)

      ** Total de RELOC                                             (41.110,00)            0,00             0,00        (41.110,00)

      SALVIO                                                 
        João Ribeiro                                                 (9.000,00)            0,00             0,00         (9.000,00)
        Rua Maria Ramos                                              (9.800,00)            0,00             0,00         (9.800,00)
        Rua Prof Candido Pessoa                                      (8.200,00)            0,00             0,00         (8.200,00)

      ** Total de SALVIO                                            (27.000,00)            0,00             0,00        (27.000,00)

      PRISMA                                                 
        Av. Cons. Aguiar                                            (51.652,11)            0,00             0,00        (51.652,11)

      ** Total de PRISMA                                            (51.652,11)            0,00             0,00        (51.652,11)

      SUPERMIX                                               
        Supermix Abreu e Lima                                       (15.226,00)            0,00             0,00        (15.226,00)
        Supermix Rio Formoso                                        (64.360,50)            0,00             0,00        (64.360,50)

      ** Total de SUPERMIX                                          (79.586,50)            0,00             0,00        (79.586,50)

      AÇOMAIS                                                
        Peixinhos                                                      (200,00)            0,00             0,00           (200,00)

      ** Total de AÇOMAIS                                              (200,00)            0,00             0,00           (200,00)

      HBR ENNGENHARIA                                        
        Av. Bernardo Vieira de Melo                                  (2.815,00)            0,00             0,00         (2.815,00)

      ** Total de HBR ENNGENHARIA                                    (2.815,00)            0,00             0,00         (2.815,00)

      RECIBOM                                                
WK Sistemas - Demonstração                                              BALANCETE     PERÍODO DE 25/09/24 ATÉ 25/09/24   FOLHA    6
                                                                                                         Data de Emissão : 25/09/24
        NOME                                                    SALDO ANTERIOR          DÉBITOS         CRÉDITOS       SALDO ATUAL

        Av. Cons. Aguiar 1950                                        (4.000,00)            0,00             0,00         (4.000,00)
        Av. Cons. Aguiar 2229                                       (75.371,61)            0,00             0,00        (75.371,61)
        Piedade                                                      (4.500,40)            0,00             0,00         (4.500,40)
        Rua Félix de Brito                                          (59.153,56)            0,00             0,00        (59.153,56)

      ** Total de RECIBOM                                          (143.025,57)            0,00             0,00       (143.025,57)

      CONTREL                                                
        Rua 07 de setembro                                          (16.563,76)            0,00             0,00        (16.563,76)
        Rua Maria Carolina 264                                      (15.786,62)            0,00             0,00        (15.786,62)

      ** Total de CONTREL                                           (32.350,38)            0,00             0,00        (32.350,38)

      BARBOSA PINTO                                          
        Apipucos                                                     (4.040,00)            0,00             0,00         (4.040,00)

      ** Total de BARBOSA PINTO                                      (4.040,00)            0,00             0,00         (4.040,00)

      ELETRON WATTS                                          
        Atacadão - Av. Recife                                        (2.750,00)            0,00             0,00         (2.750,00)
        Atacadão - Boa Viagem                                        (2.650,00)            0,00             0,00         (2.650,00)
        Atacadão - Jaboatão                                          (2.765,07)            0,00             0,00         (2.765,07)

      ** Total de ELETRON WATTS                                      (8.165,07)            0,00             0,00         (8.165,07)

      PARTICIPAÇAO - JOAO / WR                               

        JOAO - CONLUSA                                       
          João - Conlusa / Av. Norte                                (14.999,98)            0,00             0,00        (14.999,98)

        ** Total de JOAO - CONLUSA                                  (14.999,98)            0,00             0,00        (14.999,98)

        JOAO - CONTREL                                       
          João - Contrel / Maria Carolina                            (3.500,00)            0,00             0,00         (3.500,00)

        ** Total de JOAO - CONTREL                                   (3.500,00)            0,00             0,00         (3.500,00)

        JOAO - RECIBOM                                       
          João - Recibom / Cons Aguiar 2229                         (10.019,69)            0,00             0,00        (10.019,69)

        ** Total de JOAO - RECIBOM                                  (10.019,69)            0,00             0,00        (10.019,69)

        JOAO - DALLA NORA                                    
          João - Dalla Nora / Av. Flor de Santana                    (4.200,00)            0,00             0,00         (4.200,00)

        ** Total de JOAO - DALLA NORA                                (4.200,00)            0,00             0,00         (4.200,00)

        JOAO - JULIO                                         
          João - Júlio / 17 de agosto                                (3.200,00)            0,00             0,00         (3.200,00)

        ** Total de JOAO - JULIO                                     (3.200,00)            0,00             0,00         (3.200,00)

        JOAO - SHINERAY                                      
          João - Shineray                                            (8.487,82)            0,00             0,00         (8.487,82)

        ** Total de JOAO - SHINERAY                                  (8.487,82)            0,00             0,00         (8.487,82)

        JOAO - CONST SANTO ANTONIO                           
          João - Const Santo Antonio                                (45.000,00)            0,00             0,00        (45.000,00)
          João - Santo Antonio / Encanamento                        (21.856,88)            0,00             0,00        (21.856,88)

        ** Total de JOAO - CONST SANTO ANTONIO                      (66.856,88)            0,00             0,00        (66.856,88)

        JOAO - VAGA ENGENHARIA                               
          Vaga Eng - São Lourenço                                      (900,00)            0,00             0,00           (900,00)

        ** Total de JOAO - VAGA ENGENHARIA                             (900,00)            0,00             0,00           (900,00)

        JOAO - BAPTISTA LEAL                                 
          João - Baptista Leal                                      (37.785,39)            0,00             0,00        (37.785,39)

        ** Total de JOAO - BAPTISTA LEAL                            (37.785,39)            0,00             0,00        (37.785,39)

        JOAO - MARISTA                                       
          João - Marista                                             (8.000,00)            0,00             0,00         (8.000,00)

        ** Total de JOAO - MARISTA                                   (8.000,00)            0,00             0,00         (8.000,00)

        JOAO - MAXPLURAL                                     
WK Sistemas - Demonstração                                              BALANCETE     PERÍODO DE 25/09/24 ATÉ 25/09/24   FOLHA    7
                                                                                                         Data de Emissão : 25/09/24
        NOME                                                    SALDO ANTERIOR          DÉBITOS         CRÉDITOS       SALDO ATUAL

          João - Maxplural (Derby)                                  (10.000,00)            0,00             0,00        (10.000,00)

        ** Total de JOAO - MAXPLURAL                                (10.000,00)            0,00             0,00        (10.000,00)

        JOAO - INCORP SAO MATEUS                             
          João - Incorp Sao Mateus                                   (6.078,29)            0,00             0,00         (6.078,29)

        ** Total de JOAO - INCORP SAO MATEUS                         (6.078,29)            0,00             0,00         (6.078,29)

        JOAO - MOREIRA                                       
          João - Moreira                                             (2.100,00)            0,00             0,00         (2.100,00)

        ** Total de JOAO - MOREIRA                                   (2.100,00)            0,00             0,00         (2.100,00)

        JOAO - TONDELLO                                      
          João - Tondello                                            (3.000,00)            0,00             0,00         (3.000,00)

        ** Total de JOAO - TONDELLO                                  (3.000,00)            0,00             0,00         (3.000,00)

        JOAO - HUMAYTÁ                                       
          Joao - Humaytá Boa Viagem                                    (864,42)            0,00             0,00           (864,42)

        ** Total de JOAO - HUMAYTÁ                                     (864,42)            0,00             0,00           (864,42)

        JOAO - BCEI                                          
          João - BCEI Tejipio                                       (10.000,00)            0,00             0,00        (10.000,00)

        ** Total de JOAO - BCEI                                     (10.000,00)            0,00             0,00        (10.000,00)

      ** Total de PARTICIPAÇAO - JOAO / WR                         (189.992,47)            0,00             0,00       (189.992,47)

      CONLUSA                                                
        Belmiro Correia                                             (67.157,06)            0,00             0,00        (67.157,06)
        Eneas de Lucena                                              (1.400,00)            0,00             0,00         (1.400,00)

      ** Total de CONLUSA                                           (68.557,06)            0,00             0,00        (68.557,06)

      URBANINHO                                              
        Casa Amarela                                                 (3.400,00)            0,00             0,00         (3.400,00)

      ** Total de URBANINHO                                          (3.400,00)            0,00             0,00         (3.400,00)

      JULIO - SANTA MARIA                                    
        Casa Forte                                                  (15.345,44)            0,00             0,00        (15.345,44)

      ** Total de JULIO - SANTA MARIA                               (15.345,44)            0,00             0,00        (15.345,44)

      POUPEC                                                 
        Muro de arrimo                                              (40.644,58)            0,00             0,00        (40.644,58)
        Poupec - Boa Viagem                                         (16.063,60)            0,00             0,00        (16.063,60)
        Poupec II                                                      (500,00)            0,00             0,00           (500,00)

      ** Total de POUPEC                                            (57.208,18)            0,00             0,00        (57.208,18)

      CONST SANTO ANTONIO                                    
        Sto Antonio - Humaytá                                       (22.493,36)            0,00             0,00        (22.493,36)
        Sto Antonio - Imbiribeira                                    (7.282,54)            0,00             0,00         (7.282,54)
        Sto Antonio - João Cardoso Aires                            (25.095,04)            0,00             0,00        (25.095,04)
        Sto Antonio - Tamarineira                                       (80,00)            0,00             0,00            (80,00)
        Sto Antonio - Visc de Jequitinhonha                        (233.927,04)            0,00             0,00       (233.927,04)

      ** Total de CONST SANTO ANTONIO                              (288.877,98)            0,00             0,00       (288.877,98)

      POSTO ASSIS PEDROSA                                    
        Posto Assis Pedrosa                                          (7.500,00)            0,00             0,00         (7.500,00)

      ** Total de POSTO ASSIS PEDROSA                                (7.500,00)            0,00             0,00         (7.500,00)

      BAPTISTA LEAL                                          
        BL - Barro / Curado                                         (83.386,25)            0,00             0,00        (83.386,25)
        BL - Cabo de Sto Agostinho                                  (22.153,40)            0,00             0,00        (22.153,40)

      ** Total de BAPTISTA LEAL                                    (105.539,65)            0,00             0,00       (105.539,65)

      COQUEIRAL PARK                                         
        Coqueiral Park                                                 (800,00)            0,00             0,00           (800,00)

      ** Total de COQUEIRAL PARK                                       (800,00)            0,00             0,00           (800,00)
WK Sistemas - Demonstração                                              BALANCETE     PERÍODO DE 25/09/24 ATÉ 25/09/24   FOLHA    8
                                                                                                         Data de Emissão : 25/09/24
        NOME                                                    SALDO ANTERIOR          DÉBITOS         CRÉDITOS       SALDO ATUAL


      MONTEPLAN                                              
        Encruzilhada                                                 (6.189,28)            0,00             0,00         (6.189,28)
        Monteplan                                                    (7.800,00)            0,00             0,00         (7.800,00)

      ** Total de MONTEPLAN                                         (13.989,28)            0,00             0,00        (13.989,28)

      RODRIGO VAZ                                            
        Rodrigo Vaz                                                  (4.800,00)            0,00             0,00         (4.800,00)

      ** Total de RODRIGO VAZ                                        (4.800,00)            0,00             0,00         (4.800,00)

      MAX PLURAL                                             
        Max Plural - Derby                                          (23.714,08)            0,00             0,00        (23.714,08)
        Max Plural - Rua do Veiga                                   (62.549,04)            0,00             0,00        (62.549,04)

      ** Total de MAX PLURAL                                        (86.263,12)            0,00             0,00        (86.263,12)

      CONSTRUTORA FOX                                        
        Guilherme                                                   (16.400,00)            0,00             0,00        (16.400,00)

      ** Total de CONSTRUTORA FOX                                   (16.400,00)            0,00             0,00        (16.400,00)

      PADARIA ROSARINHO                                      
        Padaria Rosarinho                                           (61.641,04)            0,00             0,00        (61.641,04)

      ** Total de PADARIA ROSARINHO                                 (61.641,04)            0,00             0,00        (61.641,04)

      G J ENGENHARIA                                         
        Padaria Triunfo                                              (5.344,97)            0,00             0,00         (5.344,97)

      ** Total de G J ENGENHARIA                                     (5.344,97)            0,00             0,00         (5.344,97)

      CONSTRUTORA DOMINI                                     
        Marista 17 de Agosto                                        (51.508,00)            0,00             0,00        (51.508,00)

      ** Total de CONSTRUTORA DOMINI                                (51.508,00)            0,00             0,00        (51.508,00)

      PARVI                                                  
        Av Norte                                                       (800,00)            0,00             0,00           (800,00)
        Parvi - Av. João de Barros                                  (86.837,80)            0,00             0,00        (86.837,80)
        Parvi - R. São Salvador                                      (7.277,04)            0,00             0,00         (7.277,04)

      ** Total de PARVI                                             (94.914,84)            0,00             0,00        (94.914,84)

      INCONCAL                                               
        Inconcal Torre                                              (14.460,00)            0,00             0,00        (14.460,00)

      ** Total de INCONCAL                                          (14.460,00)            0,00             0,00        (14.460,00)

      INCORP. SAO MATEUS                                     
        Rua Prof Barreto Campelo                                    (27.900,50)            0,00             0,00        (27.900,50)

      ** Total de INCORP. SAO MATEUS                                (27.900,50)            0,00             0,00        (27.900,50)

      PRESSA ENGENHARIA                                      
        Pressa - DLP                                                (10.870,74)            0,00             0,00        (10.870,74)

      ** Total de PRESSA ENGENHARIA                                 (10.870,74)            0,00             0,00        (10.870,74)

      CONSTRUTORA ACLF                                       
        ACLF - Estrada de Belem                                     (12.720,00)            0,00             0,00        (12.720,00)

      ** Total de CONSTRUTORA ACLF                                  (12.720,00)            0,00             0,00        (12.720,00)

      IGREJA BATISTA NACIONAL                                
        Igreja Batista Nacional                                         (57,07)            0,00             0,00            (57,07)

      ** Total de IGREJA BATISTA NACIONAL                               (57,07)            0,00             0,00            (57,07)

      MOREIRA                                                
        Moreira (Prazeres)                                          (12.160,00)            0,00             0,00        (12.160,00)

      ** Total de MOREIRA                                           (12.160,00)            0,00             0,00        (12.160,00)

      TONDELLO                                               
        Jd. São Paulo                                               (15.164,02)            0,00             0,00        (15.164,02)

      ** Total de TONDELLO                                          (15.164,02)            0,00             0,00        (15.164,02)
WK Sistemas - Demonstração                                              BALANCETE     PERÍODO DE 25/09/24 ATÉ 25/09/24   FOLHA    9
                                                                                                         Data de Emissão : 25/09/24
        NOME                                                    SALDO ANTERIOR          DÉBITOS         CRÉDITOS       SALDO ATUAL


      FORME PROPAGANDAS                                      
        Forme - Vila Popupal                                         (8.200,00)            0,00             0,00         (8.200,00)

      ** Total de FORME PROPAGANDAS                                  (8.200,00)            0,00             0,00         (8.200,00)

      Construtora Humautá                                    
        Humaytá - Aviador Serv. Lins                                (14.419,80)            0,00             0,00        (14.419,80)

      ** Total de Construtora Humautá                               (14.419,80)            0,00             0,00        (14.419,80)

      OBRAS DIVERSAS                                         
        Caminhão de Marcio                                           (4.200,00)            0,00             0,00         (4.200,00)
        Despesas Obras Diversas                                    (319.630,14)            0,00             0,00       (319.630,14)
        Reforma Caçamba Nem                                          (1.009,70)            0,00             0,00         (1.009,70)

      ** Total de OBRAS DIVERSAS                                   (324.839,84)            0,00             0,00       (324.839,84)

    ** Total de OBRAS POR ADMINISTRAÇAO                          (2.817.681,26)            0,00             0,00     (2.817.681,26)

    OUTRAS DESPESAS                                          
      Acordo Marcosa/ Sotreq                                        (30.000,00)            0,00             0,00        (30.000,00)
      Despesas Promocionais                                         (44.874,25)            0,00             0,00        (44.874,25)
      Despesas exercicio anterior                                    (5.601,12)            0,00             0,00         (5.601,12)

    ** Total de OUTRAS DESPESAS                                     (80.475,37)            0,00             0,00        (80.475,37)

  ** Total de DESP. C/ MAQUINAS/VEICULOS/EQUIP.                  (4.946.986,55)        7.226,81             0,00     (4.954.213,36)

** Total de CUSTOS E DESPESAS                                    (6.052.982,52)       11.132,55             0,00     (6.064.115,07)
