WK Sistemas - Demonstração                                              BALANCETE     PERÍODO DE 13/04/24 ATÉ 15/04/24   FOLHA    1
                                                                                                         Data de Emissão : 08/04/24
        NOME                                                    SALDO ANTERIOR          DÉBITOS         CRÉDITOS       SALDO ATUAL


PASSIVO                                                      

  CIRCULANTE                                                 

    FORNECEDORES                                             
      BR Peças e Serviços                                             1.995,00             0,00             0,00          1.995,00 
      Bartô Hidráulica                                                4.000,00             0,00             0,00          4.000,00 
      CELPE                                                           1.140,35             0,00             0,00          1.140,35 
      Casa do Ar p/ Autos                                             2.015,00             0,00             0,00          2.015,00 
      Drive Auto                                                        218,50             0,00             0,00            218,50 
      Falcon Vigilância                                                 403,92             0,00             0,00            403,92 
      Gráfica Valdemir                                                  280,00             0,00             0,00            280,00 
      L&G Contabil                                                    3.000,00             0,00             0,00          3.000,00 
      Levi Salustiano Advogados                                         500,00             0,00             0,00            500,00 
      Locape                                                          1.300,00             0,00           952,00          2.252,00 
      M&J Peças                                                           0,00             0,00         1.470,00          1.470,00 
      MC Gases                                                        1.630,00             0,00             0,00          1.630,00 
      Oficina de Molas Bom Jesus                                       (199,00)            0,00             0,00           (199,00)
      Oi Fibra                                                          428,49             0,00             0,00            428,49 
      Pneubom                                                          (715,00)            0,00             0,00           (715,00)
      RCC Recicladora                                                 7.000,00             0,00             0,00          7.000,00 
      Silvia Fardamentos                                              1.000,00             0,00             0,00          1.000,00 
      VS Papeis                                                         245,00             0,00             0,00            245,00 
      Vertical Peças                                                    670,77             0,00           855,65          1.526,42 

    ** Total de FORNECEDORES                                         24.913,03             0,00         3.277,65         28.190,68 

    SERVIÇOS TERCEIRIZADOS                                   

      CAÇAMBEIROS                                            

        CAÇAMBAS DIVERSAS                                    
          CB Ailton                                                   3.520,00             0,00             0,00          3.520,00 
          CB Lourenço                                                 1.400,00             0,00             0,00          1.400,00 

          FLORIANO                                           
            CB HVC-1036 Jean                                            180,00             0,00             0,00            180,00 
            CB JQR-2H64 Nem                                           1.540,00             0,00             0,00          1.540,00 

          ** Total de FLORIANO                                        1.720,00             0,00             0,00          1.720,00 

        ** Total de CAÇAMBAS DIVERSAS                                 6.640,00             0,00             0,00          6.640,00 

      ** Total de CAÇAMBEIROS                                         6.640,00             0,00             0,00          6.640,00 

      OUTROS SERVIÇOS                                        
        Diogo Alves                                                   1.000,00             0,00             0,00          1.000,00 
        João Aprigio                                                 12.500,00             0,00             0,00         12.500,00 
        Regi Demolição                                              (14.374,00)            0,00             0,00        (14.374,00)
        Roberto Pedreiro                                               (680,00)            0,00             0,00           (680,00)
        Samuel Mecânico                                               1.500,00             0,00             0,00          1.500,00 

      ** Total de OUTROS SERVIÇOS                                       (54,00)            0,00             0,00            (54,00)

    ** Total de SERVIÇOS TERCEIRIZADOS                                6.586,00             0,00             0,00          6.586,00 

    EMPRESTIMENTOS E FINANCIAMENTOS                          

      BANCOS                                                 
        Bradesco - Capital de Giro                                      340,68             0,00             0,00            340,68 
        Bradesco - Caçamba MGS                                          253,23             0,00             0,00            253,23 
        Bradesco - EH 01                                              3.222,58             0,00             0,00          3.222,58 
        Bradesco - Iveco                                              2.552,27             0,00             0,00          2.552,27 

      ** Total de BANCOS                                              6.368,76             0,00             0,00          6.368,76 

      TERCEIROS                                              
        Antonio Jr                                                  122.438,14             0,00             0,00        122.438,14 

      ** Total de TERCEIROS                                         122.438,14             0,00             0,00        122.438,14 

      CARTOES DE CREDITO                                     
        Cartão Inter - Transp                                         1.952,31             0,00             0,00          1.952,31 
        Cartão Inter Jr                                                  82,00             0,00             0,00             82,00 
        Cartão Nem                                                     (183,32)            0,00         2.080,59          1.897,27 
        Hipercard                                                   (10.558,88)            0,00             0,00        (10.558,88)

      ** Total de CARTOES DE CREDITO                                 (8.707,89)            0,00         2.080,59         (6.627,30)

      ACORDOS FORNECEDORES                                   
        Marcosa/ Sotreq                                               2.000,00             0,00             0,00          2.000,00 

      ** Total de ACORDOS FORNECEDORES                                2.000,00             0,00             0,00          2.000,00 

    ** Total de EMPRESTIMENTOS E FINANCIAMENTOS                     122.099,01             0,00         2.080,59        124.179,60 
WK Sistemas - Demonstração                                              BALANCETE     PERÍODO DE 13/04/24 ATÉ 15/04/24   FOLHA    2
                                                                                                         Data de Emissão : 08/04/24
        NOME                                                    SALDO ANTERIOR          DÉBITOS         CRÉDITOS       SALDO ATUAL


    ADIANT. RECEBIDOS                                        

      CLIENTES                                               
        Açomais                                                         650,00             0,00             0,00            650,00 
        BLG Negócios                                                  3.700,00             0,00             0,00          3.700,00 
        Const Santo Antonio                                         120.000,00             0,00             0,00        120.000,00 
        Diogo Sítio                                                  17.000,00             0,00             0,00         17.000,00 
        Eletron Watts                                                 8.000,00             0,00             0,00          8.000,00 
        JMA                                                           1.000,00             0,00             0,00          1.000,00 
        Nova Mobi                                                     1.500,00             0,00             0,00          1.500,00 
        Recibom                                                      66.666,66             0,00             0,00         66.666,66 
        Vaga Engenharia                                              15.000,00             0,00             0,00         15.000,00 

      ** Total de CLIENTES                                          233.516,66             0,00             0,00        233.516,66 

    ** Total de ADIANT. RECEBIDOS                                   233.516,66             0,00             0,00        233.516,66 

    IMPOSTOS E TRIBUTOS                                      

      MUNICIPAIS                                             
        CIM - Programação                                            13.021,83             0,00             0,00         13.021,83 
        Foro Olinda - Programação                                       367,17             0,00             0,00            367,17 
        IPTU - Programação                                              239,37             0,00             0,00            239,37 
        ISS - Programação                                               973,04             0,00             0,00            973,04 

      ** Total de MUNICIPAIS                                         14.601,41             0,00             0,00         14.601,41 

      FEDERAIS                                               
        COFINS - Programação                                            604,12             0,00             0,00            604,12 
        CSLL - Programação                                            2.829,69             0,00             0,00          2.829,69 
        FGTS - Programação                                            1.650,06             0,00             0,00          1.650,06 
        INSS - Programação                                           96.046,00             0,00             0,00         96.046,00 
        IRPJ - Programação                                              927,90             0,00             0,00            927,90 
        PIS - Programação                                               130,89             0,00             0,00            130,89 

      ** Total de FEDERAIS                                          102.188,66             0,00             0,00        102.188,66 

      ESTADUAIS                                              
        DETRAN - PE                                                   5.203,18             0,00           170,14          5.373,32 
        SEFAZ                                                        24.970,18             0,00             0,00         24.970,18 

      ** Total de ESTADUAIS                                          30.173,36             0,00           170,14         30.343,50 

      MULTAS                                                 
        Multa por Atraso                                                702,86             0,00             0,00            702,86 

      ** Total de MULTAS                                                702,86             0,00             0,00            702,86 

    ** Total de IMPOSTOS E TRIBUTOS                                 147.666,29             0,00           170,14        147.836,43 

    SALARIOS/ PROVENTOS                                      
      Pró-labore - programação                                      (94.730,44)            0,00             0,00        (94.730,44)

    ** Total de SALARIOS/ PROVENTOS                                 (94.730,44)            0,00             0,00        (94.730,44)

  ** Total de CIRCULANTE                                            440.050,55             0,00         5.528,38        445.578,93 

** Total de PASSIVO                                                 440.050,55             0,00         5.528,38        445.578,93 
