WK Sistemas - Demonstração                                         RAZÄO N.    3              DE 01/01/23 ATÉ 24/01/23    PAG.    1
                                                                                                         Data de Emissão : 26/01/23
  DATA   HISTÓRICO                                     CONTRAPARTIDA   CHAVE            DÉBITO           CRÉDITO             SALDO


         1331  3.1                    DESPESAS ADMINISTRATIVAS                
CONTA:   2507  3.1.01                 Pro-labore                                                  
05/01/23 Valor Ref. Pagto óculos (Antonio) - parc 10/10         2654     272            110,00                              110,00D
07/01/23 Valor Ref. Oi Fibra - comp. dez/22                      885    6131            105,21                              215,21D
10/01/23 Valor Ref. Compra na Taco (sócios) - Parc 02/04        2677    5568            125,00                              340,21D
         Valor Ref. Compra na Unigames (sócios) - Parc 03/05    2677    5592             56,00                              396,21D
         Valor  Ref.  Compra  na  Brasil  Dona Sil (sócios) -
         Parc 03/04                                             2677    5622             33,70                              429,91D
         Valor  Ref.  Compra  na PKK Calçados (sócios) - Parc
         03/05                                                  2677    5649             33,98                              463,89D
         Valor  Ref.  Compra  na Yes Cosmetic (sócios) - Parc
         02/03                                                  2677    5673             40,00                              503,89D
         Valor  Ref.  Compra  na Cia do Terno (sócios) - Parc
         01/03                                                  2677    5711             33,24                              537,13D
         Valor Ref. Compra sócios cartão                        2677    6661             63,93                              601,06D
13/01/23 Valor Ref. Adiant. Pró-labore - Jan/2023               3174    6696          3.000,00                            3.601,06D
         Valor Ref. Pró-labore (sócios)                          135    8320             44,33                            3.645,39D
16/01/23 Valor Ref. Despesas (Pró-labore)                        135    8834             25,00                            3.670,39D
21/01/23 Valor Ref. Despesas sócios                              129    9695            300,00                            3.970,39D
                                                                  TOTAIS =            3.970,39              0,00          3.970,39D
**
  **
    **
      **
        **
          **
            **
              **
                **
                  **
                    **
                      **
                        **
                          **
                            **
                              **
                                **
                                  **
                                    **
                                      **
                                        **
                                          **
                                            **
                                              **
                                                **
                                                  **
                                                    **
                                                      **
                                                        **
                                                          **
                                                            **
                                                              **
                                                                **
                                                                  **
                                                                    **
                                                                      **
                                                                        **
                                                                          **
                                                                            **
                                                                              **
                                                                                **
                                                                                  **
                                                                                    **
                                                                                      **
                                                                                        **
                                                                                          **
                                                                                            **
                                                                                              **
                                                                                                **
                                                                                                  **
                                                                                                    **
                                                                                                      **
                                                                                                        **
                                                                                                          **
                                                                                                            **
                                                                                                              **
                                                                                                                **
                                                                                                                  **
                                                                                                                    **
                                                                                                                      **
                                                                                                                        **
                                                                                                                          **
                                                                                                                            **
                                                                                                                              **
                                                                                                                                **
                                                                                                                                  **
