WK Sistemas - Demonstração                                         RAZÄO N.    3              DE 01/02/23 ATÉ 28/02/23    PAG.    1
                                                                                                         Data de Emissão : 28/03/23
  DATA   HISTÓRICO                                     CONTRAPARTIDA   CHAVE            DÉBITO           CRÉDITO             SALDO


         2565  4.1.03                 RE CAT - 07                             
CONTA:   2571  4.1.03.01              RE Cat - 07                                                 
         SALDO ANTERIOR                                                                                                  19.855,33C
06/02/23 Valor  Ref.  BM 025/23 - Breno (Terraço Beira Rio) -
         RE-07                                                         12777                              995,54         20.850,87C
10/02/23 Valor  Ref.  BM 027/23 - Breno (Terraço Beira Rio) -
         RE07                                                          13528                              782,21         21.633,08C
13/02/23 Valor  Ref.  BM 020/23 - Demolição imóvel Rua Jaticy
         (RE-07)                                                       13927                            2.451,48         24.084,56C
         Valor  Ref.  BM  032/23 - Serv de Demolição (Flor de
         Santana) - RE07                                               14150                            3.893,40         27.977,96C
14/02/23 Valor Ref. BM 031/23 - Serv. BR-408 (RE-07)                   14231                            7.200,00         35.177,96C
15/02/23 Valor  Ref.  BM  035/23  -  Obra:  Praça  dos Mognos
         (RE-07)                                                       14656                              765,00         35.942,96C
16/02/23 Valor Ref. BM 034/23 - Serv. Terraço Beira Rio          276   14630                              675,00         36.617,96C
18/02/23 Valor  Ref.  BM  0038/02  Edielson  -  Elisio  - Rui
         Barbosa                                                       15491                            1.400,00         38.017,96C
24/02/23 Valor Ref. BM 0042/23 Lira Jr. Dem.Antonio Coelho             16446                            4.320,00         42.337,96C
25/02/23 Valor Ref. Receb. do Sr Regi (RE-07)                    129   17060                            1.300,00         43.637,96C
                                                                  TOTAIS =                0,00         23.782,63         43.637,96C
**
  **
    **
      **
        **
          **
            **
              **
                **
                  **
                    **
                      **
                        **
                          **
                            **
                              **
                                **
                                  **
                                    **
                                      **
                                        **
                                          **
                                            **
                                              **
                                                **
                                                  **
                                                    **
                                                      **
                                                        **
                                                          **
                                                            **
                                                              **
                                                                **
                                                                  **
                                                                    **
                                                                      **
                                                                        **
                                                                          **
                                                                            **
                                                                              **
                                                                                **
                                                                                  **
                                                                                    **
                                                                                      **
                                                                                        **
                                                                                          **
                                                                                            **
                                                                                              **
                                                                                                **
                                                                                                  **
                                                                                                    **
                                                                                                      **
                                                                                                        **
                                                                                                          **
                                                                                                            **
                                                                                                              **
                                                                                                                **
                                                                                                                  **
                                                                                                                    **
                                                                                                                      **
                                                                                                                        **
                                                                                                                          **
                                                                                                                            **
                                                                                                                              **
                                                                                                                                **
                                                                                                                                  **
