WK Sistemas - Demonstração                                              BALANCETE     PERÍODO DE 18/09/24 ATÉ 18/09/24   FOLHA    1
                                                                                                         Data de Emissão : 18/09/24
        NOME                                                    SALDO ANTERIOR          DÉBITOS         CRÉDITOS       SALDO ATUAL


PASSIVO                                                      

  CIRCULANTE                                                 

    FORNECEDORES                                             
      AGR Ambiental                                                  46.215,42             0,00             0,00         46.215,42 
      AJ Manutenção/ Adriano Sotreq                                   3.375,00             0,00             0,00          3.375,00 
      APR Combustiveis                                               15.732,26             0,00             0,00         15.732,26 
      Armazém Laje Central                                              143,31             0,00             0,00            143,31 
      BR Peças e Serviços                                             1.995,00             0,00             0,00          1.995,00 
      Bartô Hidráulica                                                4.000,00             0,00             0,00          4.000,00 
      Casa do Ar p/ Autos                                             2.015,00             0,00             0,00          2.015,00 
      Certificado Digital                                               200,00             0,00             0,00            200,00 
      Falcon Vigilância                                                 403,92             0,00             0,00            403,92 
      Gráfica Valdemir                                                    0,00             0,00           500,00            500,00 
      Kropneus                                                          995,75             0,00             0,00            995,75 
      Litoral Banheiros                                                 900,00             0,00             0,00            900,00 
      Locape                                                            120,00             0,00             0,00            120,00 
      M&J Peças                                                         860,00             0,00             0,00            860,00 
      MC Gases                                                          930,00             0,00             0,00            930,00 
      Oficina Estrela Diesel                                            645,00             0,00             0,00            645,00 
      Oficina de Molas Bom Jesus                                        716,64             0,00             0,00            716,64 
      Pneubom                                                           415,00             0,00             0,00            415,00 
      RCC Recicladora                                                15.105,58             0,00             0,00         15.105,58 
      Vertical Peças                                                    221,20             0,00             0,00            221,20 

    ** Total de FORNECEDORES                                         94.989,08             0,00           500,00         95.489,08 

    SERVIÇOS TERCEIRIZADOS                                   

      CAÇAMBEIROS                                            

        CAÇAMBAS DIVERSAS                                    
          CB Ailton                                                  10.740,00             0,00             0,00         10.740,00 
          CB Giliard                                                  1.200,00             0,00             0,00          1.200,00 
          CB Lourenço                                                 2.490,00             0,00             0,00          2.490,00 

          FLORIANO                                           
            CB HVC-1036 Nem bco                                       7.042,92             0,00             0,00          7.042,92 
            CB JQR-2H64 Nem azul                                     11.680,53             0,00             0,00         11.680,53 

          ** Total de FLORIANO                                       18.723,45             0,00             0,00         18.723,45 

          CB Santos & Lins                                   
            CB Santos Lins JJZ-2H88                                  14.830,00             0,00             0,00         14.830,00 

          ** Total de CB Santos & Lins                               14.830,00             0,00             0,00         14.830,00 

        ** Total de CAÇAMBAS DIVERSAS                                47.983,45             0,00             0,00         47.983,45 

      ** Total de CAÇAMBEIROS                                        47.983,45             0,00             0,00         47.983,45 

      OUTROS SERVIÇOS                                        
        Julione                                                       3.000,00             0,00             0,00          3.000,00 

      ** Total de OUTROS SERVIÇOS                                     3.000,00             0,00             0,00          3.000,00 

    ** Total de SERVIÇOS TERCEIRIZADOS                               50.983,45             0,00             0,00         50.983,45 

    EMPRESTIMENTOS E FINANCIAMENTOS                          

      BANCOS                                                 
        Banco DLL                                                    10.417,09             0,00             0,00         10.417,09 
        Bradesco - Iveco                                               (282,13)            0,00             0,00           (282,13)

      ** Total de BANCOS                                             10.134,96             0,00             0,00         10.134,96 

      TERCEIROS                                              
        Antonio Jr                                                  202.637,19             0,00             0,00        202.637,19 
        WR Construções                                               20.000,00             0,00             0,00         20.000,00 

      ** Total de TERCEIROS                                         222.637,19             0,00             0,00        222.637,19 

      CARTOES DE CREDITO                                     
        Cartão Nem                                                    4.719,91             0,00             0,00          4.719,91 
        Hipercard                                                       877,00             0,00             0,00            877,00 

      ** Total de CARTOES DE CREDITO                                  5.596,91             0,00             0,00          5.596,91 
WK Sistemas - Demonstração                                              BALANCETE     PERÍODO DE 18/09/24 ATÉ 18/09/24   FOLHA    2
                                                                                                         Data de Emissão : 18/09/24
        NOME                                                    SALDO ANTERIOR          DÉBITOS         CRÉDITOS       SALDO ATUAL


    ** Total de EMPRESTIMENTOS E FINANCIAMENTOS                     238.369,06             0,00             0,00        238.369,06 

    ADIANT. RECEBIDOS                                        

      CLIENTES                                               
        Açomais                                                         650,00             0,00             0,00            650,00 
        BLG Negócios                                                  3.700,00             0,00             0,00          3.700,00 
        CJ Engenharia                                                18.000,00             0,00             0,00         18.000,00 
        Const Santo Antonio                                         120.000,00             0,00             0,00        120.000,00 
        Diogo Sítio                                                  17.000,00             0,00             0,00         17.000,00 
        Domi Construtora                                            110.000,00             0,00             0,00        110.000,00 
        Eletron Watts                                                 8.000,00             0,00             0,00          8.000,00 
        JMA                                                           1.000,00             0,00             0,00          1.000,00 
        Max Aurora - Veiga                                           28.930,97             0,00             0,00         28.930,97 
        Nova Mobi                                                     1.500,00             0,00             0,00          1.500,00 
        Padaria Rosarinho                                            28.000,00             0,00             0,00         28.000,00 
        Parvi segur. Plus Imoveis                                   128.442,42             0,00             0,00        128.442,42 
        Recibom                                                      66.666,66             0,00             0,00         66.666,66 
        Supermix                                                     70.420,36             0,00             0,00         70.420,36 
        São Mateus  - passivo                                        27.628,65             0,00             0,00         27.628,65 
        Vaga Engenharia                                              15.000,00             0,00             0,00         15.000,00 

      ** Total de CLIENTES                                          644.939,06             0,00             0,00        644.939,06 

    ** Total de ADIANT. RECEBIDOS                                   644.939,06             0,00             0,00        644.939,06 

    IMPOSTOS E TRIBUTOS                                      

      MUNICIPAIS                                             
        Foro Olinda - Programação                                       367,17             0,00             0,00            367,17 
        ISS - Programação                                               973,04             0,00             0,00            973,04 

      ** Total de MUNICIPAIS                                          1.340,21             0,00             0,00          1.340,21 

      FEDERAIS                                               
        INSS - Programação                                           96.046,00             0,00             0,00         96.046,00 

      ** Total de FEDERAIS                                           96.046,00             0,00             0,00         96.046,00 

      ESTADUAIS                                              
        SEFAZ                                                        24.970,18             0,00             0,00         24.970,18 

      ** Total de ESTADUAIS                                          24.970,18             0,00             0,00         24.970,18 

      MULTAS                                                 
        Multa por Atraso                                                748,74             0,00             0,00            748,74 

      ** Total de MULTAS                                                748,74             0,00             0,00            748,74 

    ** Total de IMPOSTOS E TRIBUTOS                                 123.105,13             0,00             0,00        123.105,13 

    SALARIOS/ PROVENTOS                                      
      Pró-labore - programação                                     (157.244,47)            0,00             0,00       (157.244,47)

    ** Total de SALARIOS/ PROVENTOS                                (157.244,47)            0,00             0,00       (157.244,47)

  ** Total de CIRCULANTE                                            995.141,31             0,00           500,00        995.641,31 

** Total de PASSIVO                                                 995.141,31             0,00           500,00        995.641,31 
