WK Sistemas - Demonstração                                         RAZÄO N.    3              DE 01/09/24 ATÉ 24/09/24    PAG.    1
                                                                                                         Data de Emissão : 24/09/24
  DATA   HISTÓRICO                                     CONTRAPARTIDA   CHAVE            DÉBITO           CRÉDITO             SALDO


         6942  3.2.02.08              CB SANTOS LINS                          
CONTA:   6959  3.2.02.08.01           Combustiveis - CB Santos Lins                               
         SALDO ANTERIOR                                                                                                  16.323,27D
05/09/24 Valor Ref. Abastec.120,751 x R$ 5,79 - 186052          7315  172324            699,14                           17.022,41D
08/09/24 Valor Ref. Abastec.122,627 x R$ 5,79 - 187429          7315  173118            710,01                           17.732,42D
09/09/24 Valor Ref. Abastec.48,91 x R$ 5,79 - 187928            7315  173461            283,19                           18.015,61D
17/09/24 Valor  Ref.  Abastec.  183,671  x  R$  6,29 no Posto
         Carneiros c/ a NFCe 114221                              187  176486          1.155,29                           19.170,90D
                                                                  TOTAIS =            2.847,63              0,00         19.170,90D
WK Sistemas - Demonstração                                         RAZÄO N.    3              DE 01/09/24 ATÉ 24/09/24    PAG.    2
                                                                                                         Data de Emissão : 24/09/24
  DATA   HISTÓRICO                                     CONTRAPARTIDA   CHAVE            DÉBITO           CRÉDITO             SALDO


         6942  3.2.02.08              CB SANTOS LINS                          
CONTA:   6994  3.2.02.08.01           Manutenção - CB Santos Lins                                 
         SALDO ANTERIOR                                                                                                   8.259,76D
04/09/24 Valor  Ref.  Compra  de  2  pneus (JJZ2H88) na Drive
         Auto c/ a NF 71325 - 1/6                                767  156272            565,47                            8.825,23D
05/09/24 Valor Ref. Conserto do pneu                            4251  172405             35,00                            8.860,23D
09/09/24 Valor  Ref.  Compra  de  peças  na  Rediesel c/ a NF
         1086989 - 3/4                                          5842  140244            425,38                            9.285,61D
14/09/24 Valor  Ref. Troca de parafuso, mão de obra e serviço
         de solda - pedido: 5827 (Floriano Lins) - 1/2          5351  159085            210,00                            9.495,61D
17/09/24 Valor  Ref. Pagto do conserto na Borracharia do Leão
         (José Adeildo)                                          187  176826             30,00                            9.525,61D
18/09/24 Valor Ref. Pagto do serviço de mola (Wilton Souza)      187  176656            100,00                            9.625,61D
20/09/24 Valor Ref. Pagto da troca de grampo                     187  177539            100,00                            9.725,61D
                                                                  TOTAIS =            1.465,85              0,00          9.725,61D
WK Sistemas - Demonstração                                         RAZÄO N.    3              DE 01/09/24 ATÉ 24/09/24    PAG.    3
                                                                                                         Data de Emissão : 24/09/24
  DATA   HISTÓRICO                                     CONTRAPARTIDA   CHAVE            DÉBITO           CRÉDITO             SALDO


         6942  3.2.02.08              CB SANTOS LINS                          
CONTA:   7019  3.2.02.08.01           Serviços Prestados - CB Santos Lins                         
         SALDO ANTERIOR                                                                                                  10.575,00D
13/09/24 Valor  Ref.  Pagto  de  12  diárias x R$ 150 (Carlos
         Henrique)                                               187  174963          1.800,00                           12.375,00D
                                                                  TOTAIS =            1.800,00              0,00         12.375,00D

**
**
**
 **
   **
     **
       **
         **
           **
             **
               **
                 **
                   **
                     **
                       **
                         **
                           **
                             **
                               **
                                 **
                                   **
                                     **
                                       **
                                         **
                                           **
                                             **
                                               **
                                                 **
                                                   **
                                                     **
                                                       **
                                                         **
                                                           **
                                                             **
                                                               **
                                                                 **
                                                                   **
                                                                     **
                                                                       **
                                                                         **
                                                                           **
                                                                             **
                                                                               **
                                                                                 **
                                                                                   **
                                                                                     **
                                                                                       **
                                                                                         **
                                                                                           **
                                                                                             **
                                                                                               **
                                                                                                 **
                                                                                                   **
                                                                                                     **
                                                                                                       **
                                                                                                         **
                                                                                                           **
                                                                                                             **
                                                                                                               **
                                                                                                                 **
                                                                                                                   **
                                                                                                                     **
                                                                                                                       **
                                                                                                                         **
                                                                                                                           **
                                                                                                                             **
                                                                                                                               **
                                                                                                                                 **
                                                                                                                                   **
                                                                                                                                     **
                                                                                                                                       **
                                                                                                                                         
