WK Sistemas - Demonstração                                              BALANCETE     PERÍODO DE 10/10/24 ATÉ 10/10/24   FOLHA    1
                                                                                                         Data de Emissão : 09/10/24
        NOME                                                    SALDO ANTERIOR         MOVIMENTO       SALDO ATUAL


PASSIVO                                                      

  CIRCULANTE                                                 

    FORNECEDORES                                             
      AGR Ambiental                                                  28.801,98              0,00         28.801,98 
      AJ Manutenção/ Adriano Sotreq                                   3.375,00              0,00          3.375,00 
      APR Combustiveis                                               11.841,42              0,00         11.841,42 
      Armazém Laje Central                                            1.683,71              0,00          1.683,71 
      Falcon Vigilância                                                 403,92              0,00            403,92 
      Gráfica Valdemir                                                  500,00              0,00            500,00 
      L&G Contabil                                                        0,00          1.500,00          1.500,00 
      M&J Peças                                                           0,00            915,00            915,00 
      MC Gases                                                          130,00              0,00            130,00 
      Oficina Estrela Diesel                                            645,00              0,00            645,00 
      Oficina de Molas Bom Jesus                                        506,64              0,00            506,64 
      Pneubom                                                           575,00              0,00            575,00 
      RCC Recicladora                                                11.772,34              0,00         11.772,34 
      Rastreamento EMLURB                                                 0,00            665,47            665,47 

    ** Total de FORNECEDORES                                         60.235,01          3.080,47         63.315,48 

    SERVIÇOS TERCEIRIZADOS                                   

      CAÇAMBEIROS                                            

        CAÇAMBAS DIVERSAS                                    
          CB Ailton                                                   4.180,00              0,00          4.180,00 
          CB Gordo                                                    1.600,00              0,00          1.600,00 
          CB Lourenço                                                 2.490,00              0,00          2.490,00 

          FLORIANO                                           
            CB HVC-1036 Nem bco                                       4.767,74              0,00          4.767,74 
            CB JQR-2H64 Nem azul                                      6.011,67              0,00          6.011,67 

          ** Total de FLORIANO                                       10.779,41              0,00         10.779,41 

          CB Santos & Lins                                   
            CB Santos Lins JJZ-2H88                                  27.470,00              0,00         27.470,00 

          ** Total de CB Santos & Lins                               27.470,00              0,00         27.470,00 

        ** Total de CAÇAMBAS DIVERSAS                                46.519,41              0,00         46.519,41 

      ** Total de CAÇAMBEIROS                                        46.519,41              0,00         46.519,41 

      OUTROS SERVIÇOS                                        
        Julione                                                       3.000,00              0,00          3.000,00 

      ** Total de OUTROS SERVIÇOS                                     3.000,00              0,00          3.000,00 

    ** Total de SERVIÇOS TERCEIRIZADOS                               49.519,41              0,00         49.519,41 

    EMPRESTIMENTOS E FINANCIAMENTOS                          

      BANCOS                                                 
        Bradesco - Iveco                                               (282,13)             0,00           (282,13)

      ** Total de BANCOS                                               (282,13)             0,00           (282,13)

      TERCEIROS                                              
        Antonio Jr                                                  168.637,19              0,00        168.637,19 
        WR Construções                                               20.000,00              0,00         20.000,00 

      ** Total de TERCEIROS                                         188.637,19              0,00        188.637,19 

      CARTOES DE CREDITO                                     
        Cartão Inter - Transp                                             0,00            600,64            600,64 
        Cartão Nem                                                      514,68              0,00            514,68 
        Hipercard                                                    (3.399,08)             0,00         (3.399,08)

      ** Total de CARTOES DE CREDITO                                 (2.884,40)           600,64         (2.283,76)

    ** Total de EMPRESTIMENTOS E FINANCIAMENTOS                     185.470,66            600,64        186.071,30 

    ADIANT. RECEBIDOS                                        

      CLIENTES                                               
WK Sistemas - Demonstração                                              BALANCETE     PERÍODO DE 10/10/24 ATÉ 10/10/24   FOLHA    2
                                                                                                         Data de Emissão : 09/10/24
        NOME                                                    SALDO ANTERIOR         MOVIMENTO       SALDO ATUAL

        BCEI Brasil China                                           100.000,00              0,00        100.000,00 
        Const Santo Antonio                                          24.000,00              0,00         24.000,00 

      ** Total de CLIENTES                                          124.000,00              0,00        124.000,00 

    ** Total de ADIANT. RECEBIDOS                                   124.000,00              0,00        124.000,00 

    IMPOSTOS E TRIBUTOS                                      

      MUNICIPAIS                                             
        Foro Olinda - Programação                                       367,17              0,00            367,17 
        IPTU - Programação                                                0,00            239,37            239,37 
        ISS - Programação                                               973,04              0,00            973,04 

      ** Total de MUNICIPAIS                                          1.340,21            239,37          1.579,58 

      FEDERAIS                                               
        FGTS - Programação                                                0,00          2.548,16          2.548,16 
        INSS - Programação                                           96.046,00              0,00         96.046,00 

      ** Total de FEDERAIS                                           96.046,00          2.548,16         98.594,16 

      ESTADUAIS                                              
        DETRAN - PE                                                       0,00            298,51            298,51 
        SEFAZ                                                        24.970,18              0,00         24.970,18 

      ** Total de ESTADUAIS                                          24.970,18            298,51         25.268,69 

      MULTAS                                                 
        Multa por Atraso                                                  0,00            702,86            702,86 

      ** Total de MULTAS                                                  0,00            702,86            702,86 

    ** Total de IMPOSTOS E TRIBUTOS                                 122.356,39          3.788,90        126.145,29 

    SALARIOS/ PROVENTOS                                      
      Pró-labore - programação                                     (164.744,47)             0,00       (164.744,47)

    ** Total de SALARIOS/ PROVENTOS                                (164.744,47)             0,00       (164.744,47)

  ** Total de CIRCULANTE                                            376.837,00          7.470,01        384.307,01 

** Total de PASSIVO                                                 376.837,00          7.470,01        384.307,01 
