WK Sistemas - Demonstração                                         RAZÄO N.    3              DE 01/01/23 ATÉ 27/01/23    PAG.    1
                                                                                                         Data de Emissão : 27/01/23
  DATA   HISTÓRICO                                     CONTRAPARTIDA   CHAVE            DÉBITO           CRÉDITO             SALDO


         3151  2.1.02.01              CAÇAMBEIROS                             
CONTA:   1034  2.1.02.01.01           CB Fofinho                                                  
24/01/23 Valor  Ref.  1  V  BF (Fofinho) - Praça dos Mognos -
         24/01/23                                               2341   10057                              180,00            180,00C
                                                                  TOTAIS =                0,00            180,00            180,00C
WK Sistemas - Demonstração                                         RAZÄO N.    3              DE 01/01/23 ATÉ 27/01/23    PAG.    2
                                                                                                         Data de Emissão : 27/01/23
  DATA   HISTÓRICO                                     CONTRAPARTIDA   CHAVE            DÉBITO           CRÉDITO             SALDO


         3151  2.1.02.01              CAÇAMBEIROS                             
CONTA:   1086  2.1.02.01.01           CB Jogador                                                  
24/01/23 Valor  Ref.  2  V  BF (Jogador) - Praça dos Mognos -
         24/01/23                                               2341   10049                              400,00            400,00C
25/01/23 Valor Ref. 3 V BF (Jogador) - Várzea - 25/01/23        2341   10235                              900,00          1.300,00C
                                                                  TOTAIS =                0,00          1.300,00          1.300,00C

**
**
**
**
**
**
**
  **
    **
      **
        **
          **
            **
              **
                **
                  **
                    **
                      **
                        **
                          **
                            **
                              **
                                **
                                  **
                                    **
                                      **
                                        **
                                          **
                                            **
                                              **
                                                **
                                                  **
                                                    **
                                                      **
                                                        **
                                                          **
                                                            **
                                                              **
                                                                **
                                                                  **
                                                                    **
                                                                      **
                                                                        **
                                                                          **
                                                                            **
                                                                              **
                                                                                **
                                                                                  **
                                                                                    **
                                                                                      **
                                                                                        **
                                                                                          **
                                                                                            **
                                                                                              **
                                                                                                **
                                                                                                  **
                                                                                                    **
                                                                                                      **
                                                                                                        **
                                                                                                          **
                                                                                                            **
                                                                                                              **
                                                                                                                **
                                                                                                                  **
                                                                                                                    **
                                                                                                                      **
                                                                                                                        **
                                                                                                                          **
                                                                                                                            **
                                                                                                                              **
                                                                                                                                **
                                                                                                                                  **
                                                                                                                                    **
                                                                                                                                      **
                                                                                                                                        **
                                                                                                                                          **
                                                                                                                                            **
                                                                                                                                              **
                                                                                                                                                
