WK Sistemas - Demonstração                                              BALANCETE     PERÍODO DE 18/02/23 ATÉ 18/02/23   FOLHA    1
                                                                                                         Data de Emissão : 18/02/23
        NOME                                                    SALDO ANTERIOR          DÉBITOS         CRÉDITOS       SALDO ATUAL


ATIVO                                                        

  CIRCULANTE                                                 

    DISPONIVEL                                               

      CAIXA                                                  
        Caixa Elza                                                       55,91             0,00             0,00             55,91 
        Caixa Junior                                                  6.874,95             0,00             0,00          6.874,95 

      ** Total de CAIXA                                               6.930,86             0,00             0,00          6.930,86 

      BANCOS                                                 
        Banco Bradesco                                               19.941,39             0,00             0,00         19.941,39 
        Banco Itau - Junior                                             696,97             0,00             0,00            696,97 

      ** Total de BANCOS                                             20.638,36             0,00             0,00         20.638,36 

    ** Total de DISPONIVEL                                           27.569,22             0,00             0,00         27.569,22 

  ** Total de CIRCULANTE                                             27.569,22             0,00             0,00         27.569,22 

  REALIZADO A CURTO PRAZO                                    

    DUPLICATAS A RECEBER                                     
      AB Corte Real                                                   1.500,00             0,00             0,00          1.500,00 
      AGR Ambiental                                                   4.900,00             0,00             0,00          4.900,00 
      Breno Campos                                                    1.350,00             0,00             0,00          1.350,00 
      Consorcio RF Eng/ WR Const/ AJR                                 6.885,85             0,00             0,00          6.885,85 
      Coqueiral Park                                                  1.200,00             0,00             0,00          1.200,00 
      Edielson - Elisio Empreendimentos                              14.500,00             0,00             0,00         14.500,00 
      Igreja Adventista                                             (20.000,00)            0,00             0,00        (20.000,00)
      Lira Junior                                                     1.000,00             0,00             0,00          1.000,00 
      Rodrigo Campos                                                  2.000,00             0,00             0,00          2.000,00 

    ** Total de DUPLICATAS A RECEBER                                 13.335,85             0,00             0,00         13.335,85 

  ** Total de REALIZADO A CURTO PRAZO                                13.335,85             0,00             0,00         13.335,85 

  IMOBILIZADO                                                

    MOVEIS E UTENSILIOS                                      
      Ar Condicionados                                                1.200,00             0,00             0,00          1.200,00 

    ** Total de MOVEIS E UTENSILIOS                                   1.200,00             0,00             0,00          1.200,00 

  ** Total de IMOBILIZADO                                             1.200,00             0,00             0,00          1.200,00 

** Total de ATIVO                                                    42.105,07             0,00             0,00         42.105,07 
