WK Sistemas - Demonstração                                         RAZÄO N.    3              DE 20/08/24 ATÉ 04/09/24    PAG.    1
                                                                                                         Data de Emissão : 04/09/24
  DATA   HISTÓRICO                                     CONTRAPARTIDA   CHAVE            DÉBITO           CRÉDITO             SALDO


         1821  3.2.01.04              EH CAT - 01                             
CONTA:   1838  3.2.01.04.01           Combustiveis - EH CAT - 01                                  
         SALDO ANTERIOR                                                                                                 137.997,68D
21/08/24 Valor Ref. Abastec.200 x R$ 5,94 - S/ NF               7315  161420          1.188,00                          139.185,68D
22/08/24 Valor Ref. Abastec.100 x R$ 5,79 - 181013              7315  161802            579,00                          139.764,68D
23/08/24 Valor Ref. Abastec.140 x R$ 5,94 - 264326              7315  161900            831,60                          140.596,28D
24/08/24 Valor Ref. Abastec.200 x R$ 5,94 - 181863              7315  164267          1.158,00                          141.754,28D
27/08/24 Valor Ref. Abastec.100 x R$ 5,79 - 182011              7315  165735            579,00                          142.333,28D
28/08/24 Valor Ref. Abastec.200 x R$ 5,79 - 183335              7315  168840          1.158,00                          143.491,28D
29/08/24 Valor Ref. Abastec.70 x R$ 5,79 - 183632               7315  169161            289,50                          143.780,78D
30/08/24 Valor Ref. Abastec.100 x R$ 5,79 - 183881              7315  169706            579,00                          144.359,78D
02/09/24 Valor Ref. Abastec.300 x R$ 5,79 - xxxxx               7315  170453          1.737,00                          146.096,78D
03/09/24 Valor Ref. Abastec.40 x R$ 5,79 - 185285               7315  171638            231,60                          146.328,38D
04/09/24 Valor Ref. Abastec.191,088 x R$ 5,79 - 268715          7315  172014          1.106,40                          147.434,78D
                                                                  TOTAIS =            9.437,10              0,00        147.434,78D
****
    **
      **
        **
          **
            **
              **
                **
                  **
                    **
                      **
                        **
                          **
                            **
                              **
                                **
                                  **
                                    **
                                      **
                                        **
                                          **
                                            **
                                              **
                                                **
                                                  **
                                                    **
                                                      **
                                                        **
                                                          **
                                                            **
                                                              **
                                                                **
                                                                  **
                                                                    **
                                                                      **
                                                                        **
                                                                          **
                                                                            **
                                                                              **
                                                                                **
                                                                                  **
                                                                                    **
                                                                                      **
                                                                                        **
                                                                                          **
                                                                                            **
                                                                                              **
                                                                                                **
                                                                                                  **
                                                                                                    **
                                                                                                      **
                                                                                                        **
                                                                                                          **
                                                                                                            **
                                                                                                              **
                                                                                                                **
                                                                                                                  **
                                                                                                                    **
                                                                                                                      **
                                                                                                                        **
                                                                                                                          **
                                                                                                                            **
                                                                                                                              **
                                                                                                                                ****
