WK Sistemas - Demonstração                                         RAZÄO N.    3              DE 01/01/23 ATÉ 17/02/23    PAG.    1
                                                                                                         Data de Emissão : 18/02/23
  DATA   HISTÓRICO                                     CONTRAPARTIDA   CHAVE            DÉBITO           CRÉDITO             SALDO


          112  1.2.01                 DUPLICATAS A RECEBER                    
CONTA:   3323  1.2.01.01              Consorcio RF Eng/ WR Const/ AJR                             
14/02/23 Valor Ref. BM 031/23 - Serv. BR-408                           14222         41.885,85                           41.885,85D
15/02/23 Valor Ref. Receb. parcial BM 031/23 - Serv. BR-408      187   14516                           35.000,00          6.885,85D
                                                                  TOTAIS =           41.885,85         35.000,00          6.885,85D

**
**
**
**
**
**
**
 **
   **
     **
       **
         **
           **
             **
               **
                 **
                   **
                     **
                       **
                         **
                           **
                             **
                               **
                                 **
                                   **
                                     **
                                       **
                                         **
                                           **
                                             **
                                               **
                                                 **
                                                   **
                                                     **
                                                       **
                                                         **
                                                           **
                                                             **
                                                               **
                                                                 **
                                                                   **
                                                                     **
                                                                       **
                                                                         **
                                                                           **
                                                                             **
                                                                               **
                                                                                 **
                                                                                   **
                                                                                     **
                                                                                       **
                                                                                         **
                                                                                           **
                                                                                             **
                                                                                               **
                                                                                                 **
                                                                                                   **
                                                                                                     **
                                                                                                       **
                                                                                                         **
                                                                                                           **
                                                                                                             **
                                                                                                               **
                                                                                                                 **
                                                                                                                   **
                                                                                                                     **
                                                                                                                       **
                                                                                                                         **
                                                                                                                           **
                                                                                                                             **
                                                                                                                               **
                                                                                                                                 **
                                                                                                                                   **
                                                                                                                                     **
                                                                                                                                       **
                                                                                                                                         **
                                                                                                                                           **
                                                                                                                                             **
                                                                                                                                               **
                                                                                                                                                 
