WK Sistemas - Demonstração                                         RAZÄO N.    3              DE 01/01/23 ATÉ 28/04/23    PAG.    1
                                                                                                         Data de Emissão : 28/04/23
  DATA   HISTÓRICO                                     CONTRAPARTIDA   CHAVE            DÉBITO           CRÉDITO             SALDO


          112  1.2.01                 DUPLICATAS A RECEBER                    
CONTA:    307  1.2.01.01              Coqueiral Park                                              
26/01/23 Valor Ref. BM 018/23 - Diária (Coqueiral Park)         2571   10278          1.200,00                            1.200,00D
06/03/23 Valor Ref. BM 050/23 - Coqueiral Park                  2536   18414          1.300,00                            2.500,00D
27/03/23 Valor Ref. bm 067/23 rubens coquiral park              2536   22799          7.940,00                           10.440,00D
         Valor Ref. receb bm 067/23 rubens coquiral park               22802                            7.940,00          2.500,00D
         Valor Ref. receb. bm 018 e 050 coqueiral p.            2507   22845                            2.500,00              0,00 
10/04/23 Valor Ref. BM 085/23 - 6h (Coqueiral Park)             2559   25682            866,67                              866,67D
24/04/23 Valor Ref. BM 096/23 - 3 Diárias (Coqueiral Park)      2559   27847          3.900,00                            4.766,67D
                                                                  TOTAIS =           15.206,67         10.440,00          4.766,67D

**
**
**
**
**
  **
    **
      **
        **
          **
            **
              **
                **
                  **
                    **
                      **
                        **
                          **
                            **
                              **
                                **
                                  **
                                    **
                                      **
                                        **
                                          **
                                            **
                                              **
                                                **
                                                  **
                                                    **
                                                      **
                                                        **
                                                          **
                                                            **
                                                              **
                                                                **
                                                                  **
                                                                    **
                                                                      **
                                                                        **
                                                                          **
                                                                            **
                                                                              **
                                                                                **
                                                                                  **
                                                                                    **
                                                                                      **
                                                                                        **
                                                                                          **
                                                                                            **
                                                                                              **
                                                                                                **
                                                                                                  **
                                                                                                    **
                                                                                                      **
                                                                                                        **
                                                                                                          **
                                                                                                            **
                                                                                                              **
                                                                                                                **
                                                                                                                  **
                                                                                                                    **
                                                                                                                      **
                                                                                                                        **
                                                                                                                          **
                                                                                                                            **
                                                                                                                              **
                                                                                                                                **
                                                                                                                                  **
                                                                                                                                    **
                                                                                                                                      **
                                                                                                                                        **
                                                                                                                                          **
                                                                                                                                            
