WK Sistemas - Demonstração                                         RAZÄO N.    3              DE 01/02/23 ATÉ 24/02/23    PAG.    1
                                                                                                         Data de Emissão : 24/02/23
  DATA   HISTÓRICO                                     CONTRAPARTIDA   CHAVE            DÉBITO           CRÉDITO             SALDO


         3168  2.1.02.02              OUTROS SERVIÇOS                         
CONTA:   3317  2.1.02.02.01           Samuel Mecânico                                             
11/02/23 Valor Ref. Pagto do Serviço Prestado (Samuel)           187   13846          1.000,00                            1.000,00D
17/02/23 Valor Ref. Pagto dos serviços na RE-01 - 16/02/23       187   14931          1.300,00                            2.300,00D
                                                                  TOTAIS =            2.300,00              0,00          2.300,00D

**
**
**
**
**
**
**
 **
   **
     **
       **
         **
           **
             **
               **
                 **
                   **
                     **
                       **
                         **
                           **
                             **
                               **
                                 **
                                   **
                                     **
                                       **
                                         **
                                           **
                                             **
                                               **
                                                 **
                                                   **
                                                     **
                                                       **
                                                         **
                                                           **
                                                             **
                                                               **
                                                                 **
                                                                   **
                                                                     **
                                                                       **
                                                                         **
                                                                           **
                                                                             **
                                                                               **
                                                                                 **
                                                                                   **
                                                                                     **
                                                                                       **
                                                                                         **
                                                                                           **
                                                                                             **
                                                                                               **
                                                                                                 **
                                                                                                   **
                                                                                                     **
                                                                                                       **
                                                                                                         **
                                                                                                           **
                                                                                                             **
                                                                                                               **
                                                                                                                 **
                                                                                                                   **
                                                                                                                     **
                                                                                                                       **
                                                                                                                         **
                                                                                                                           **
                                                                                                                             **
                                                                                                                               **
                                                                                                                                 **
                                                                                                                                   **
                                                                                                                                     **
                                                                                                                                       **
                                                                                                                                         **
                                                                                                                                           **
                                                                                                                                             **
                                                                                                                                               **
                                                                                                                                                 
