WK Sistemas - Demonstração                                         RAZÄO N.    3              DE 01/01/23 ATÉ 19/08/24    PAG.    1
                                                                                                         Data de Emissão : 19/08/24
  DATA   HISTÓRICO                                     CONTRAPARTIDA   CHAVE            DÉBITO           CRÉDITO             SALDO


         2803  2.1.05.03              ESTADUAIS                               
CONTA:    796  2.1.05.03.01           DETRAN - PE                                                 
10/01/23 Valor Ref. Multa PRF - KIK7404                         3181    7030                               70,71             70,71C
         Valor Ref. Pagto de Infração - PRF (Gran Siena)         187    7676             70,71                                0,00 
08/02/23 Valor Ref. Tx. Bombeiros e Licenc. 2023 - PET5522      3205    7099                              258,74            258,74C
         Valor Ref. Tx. IPVA 2023 - 1ª parcela - PET5522        3205    7102                              545,13            803,87C
         Valor  Ref.  Pagto  Tx.  Bombeiros  e Licenc. 2023 -
         PET5522                                                 187   13111            258,74                              545,13C
         Valor  Ref.  Pagto  Tx.  IPVA  2023  -  1ª parcela -
         PET5522                                                 187   13129            545,13                                0,00 
15/02/23 Valor Ref. Tx. Bombeiros e Licenc. 2023 - KIK7404      3181    7048                              183,75            183,75C
         Valor Ref. Tx. IPVA 2023 - 1ª parcela - KIK7404        3181    7056                              359,58            543,33C
         Valor Ref. Tx. Licenc.2023 - NXW5914                   3228    7145                              126,61            669,94C
         Valor Ref. Pagto Tx. Licenc.2023 - NXW5914              187   14346            126,61                              543,33C
         Valor  Ref.  Pagto  Tx.  IPVA  2023  -  1ª parcela -
         KIK7404                                                 187   14354            359,58                              183,75C
         Valor  Ref.  Pagto  Tx.  Bombeiros  e Licenc. 2023 -
         KIK7404                                                 187   14362            183,75                                0,00 
17/02/23 Valor  Ref.  Pagto  Tx.  IPVA  2023  -  1ª parcela -
         PFA1096                                                 187   15211            543,63                              543,63D
         Valor  Ref.  Pagto  Tx.  Bombeiros  e Licenc. 2023 -
         PFA1096                                                 187   15229            258,74                              802,37D
24/02/23 Valor  Ref.  Tx.  Bombeiros e Licenc. 2023 - NXU6768
         (Montana)                                              3205   13153                              183,75            618,62D
         Valor  Ref.  Tx. IPVA 2023 - parcela única - NXU6768
         (Montana)                                              3205   13161                              706,15             87,53C
         Valor  Ref.  Pagto  Tx.  Bombeiros  e Licenc. 2023 -
         NXU6768 (Montana)                                       187   16128            183,75                               96,22D
         Valor  Ref.  Pagto  Tx.  IPVA 2023 - parcela única -
         NXU6768 (Montana)                                       187   16136            706,15                              802,37D
08/03/23 Valor Ref. Tx. IPVA 2023 - 2ª parcela - PET5522        3205    7111                              545,13            257,24D
         Valor  Ref.  Pagto  Tx.  IPVA  2023  -  2ª parcela -
         PET5522                                                 187   18783            545,13                              802,37D
14/03/23 Valor Ref. Tx. IPVA 2023 - 2ª parcela - KIK7404        3181    7064                              358,69            443,68D
         Valor  Ref.  Pagto  da  Tx. IPVA 2023 - 2ª parcela -
         KIK7404                                                 187   20087            358,69                              802,37D
17/03/23 Valor  Ref.  Pagto  Tx.  IPVA  2023  -  2ª parcela -
         PFA1096                                                 187   20991            543,63                            1.346,00D
06/04/23 Valor Ref. Tx. IPVA 2023 - 3ª parcela - PET5522        3205    7129                              545,13            800,87D
11/04/23 Valor Ref. Tx. IPVA 2023 - 3ª parcela - KIK7404        3181    7072                              358,69            442,18D
05/05/23 Valor  Ref.  Infração  DETRAN,  radar  CTTU,  PCR  e
         lombada - PET5522                                      3205    7081                              651,63            209,45C
         Valor  Ref.  Pagto  Tx.  IPVA  2023  -  3ª parcela -
         PET5522                                                       29416            545,13                              335,68D
         Valor  Ref.  Pagto  Tx.  IPVA  2023  -  3ª parcela -
         KIK7404                                                       29441            358,69                              694,37D
         Valor  Ref.  Pagto  Tx.  IPVA  2023  -  3ª parcela -
         PFA1096                                                       29475            543,63                            1.238,00D
         Valor Ref. Infração DETRAN e PCR - PET5522             3205   29505                              312,38            925,62D
         Valor  Ref. Pagto Infração DETRAN, radar CTTU, PCR e
         lombada - PET5522                                       187   29513            651,63                            1.577,25D
         Valor Ref. Pagto Infração DETRAN e PCR - PET5522        187   29521            312,38                            1.889,63D
15/05/23 Valor Ref. Infração SSP PCR Fotosensores - KIK7404     3205   29408                              234,78          1.654,85D
04/01/24 Valor Ref. Tx. Licenc.2021 a 2022 - NXW5914            3228    7137                              227,53          1.427,32D
07/02/24 Valor Ref. Tx. Bombeiros e Licenc. 2024 - PET5522      3205   95818                              270,85          1.156,47D
         Valor Ref. Tx. IPVA 2024 (PET5522) - 1/10              3205   95826                              160,78            995,69D
         Valor  Ref.  Tx.  Bombeiros e Licenc. 2024 - KGY8621
         (Vectra)                                               2721   96211                              192,35            803,34D
         Valor Ref. Tx. IPVA 2024 - KGY8621 (Vectra)            2721   96229                              120,60            682,74D
         Valor Ref. Pagto Tx. IPVA 2024 (PET5522) - 1/10         187  105082            160,78                              843,52D
         Valor  Ref.  Pagto  Tx.  Bombeiros  e Licenc. 2024 -
         PET5522                                                 187  105091            270,85                            1.114,37D
         Valor  Ref.  Pagto  Tx.  Bombeiros  e Licenc. 2024 -
         KGY8621 (Vectra)                                        187  105104            192,35                            1.306,72D
         Valor Ref. Pagto Tx. IPVA 2024 - KGY8621 (Vectra)       187  105112            120,60                            1.427,32D
15/02/24 Valor Ref. Tx. Licenc.2024 - NXW5914                   3228   95940                              132,53          1.294,79D
         Valor  Ref.  Tx.  Bombeiros e Licenc. 2024 - SNS6B74
         (Nivus)                                                5747   96237                              192,35          1.102,44D
         Valor Ref. Tx. IPVA 2024 (SNS6B74) - 1/10              5747   96245                              298,51            803,93D
         Valor   Ref.   Taxas  de  Licenc  e  Bombeiros  2024
         (Classic)                                              2721  103179                              192,35            611,58D
         Valor Ref. Taxa IPVA 2024 (Classic) - Parc Unica       2721  103187                              431,82            179,76D
         Valor  Ref.  Pagto  Taxa  IPVA 2024 (Classic) - Parc
         Unica                                                   187  106488            431,82                              611,58D
         Valor Ref. Pagto Tx. IPVA 2024 (SNS6B74) - 1/10         187  106496            298,51                              910,09D
         Valor  Ref.  Pagto  Tx.  Bombeiros  e Licenc. 2024 -
         SNS6B74 (Nivus)                                         187  106500            192,35                            1.102,44D
WK Sistemas - Demonstração                                         RAZÄO N.    3              DE 01/01/23 ATÉ 19/08/24    PAG.    2
                                                                                                         Data de Emissão : 19/08/24
  DATA   HISTÓRICO                                     CONTRAPARTIDA   CHAVE            DÉBITO           CRÉDITO             SALDO

         2803  2.1.05.03              ESTADUAIS                               
CONTA:    796  2.1.05.03.01           DETRAN - PE                                                  - continuação
15/02/24 Valor  Ref.  Pagto  Taxas de Licenc e Bombeiros 2024
         (Classic)                                               187  106518            192,35                            1.294,79D
         Valor Ref. Pagto Tx. Bombeiros 2024 - PFA1096           187  106526            138,32                            1.433,11D
         Valor Ref. Pagto Tx. IPVA 2024 (PFA1096) - 1/10         187  106534            170,14                            1.603,25D
         Valor Ref. Pagto Tx. Licenc.2024 - NXW5914              187  106542            132,53                            1.735,78D
         Valor Ref. Pagto Tx. Licenc. 2024 - PFA1096             187  106551            132,53                            1.868,31D
21/02/24 Valor Ref. Tx. Bombeiros e Licenc. 2024 - NXU6768      3197   95958                              192,35          1.675,96D
         Valor Ref. Tx. IPVA 2024 (NXU6768) - 1/10              3197   95966                               66,24          1.609,72D
         Valor Ref. Pagto Tx. IPVA 2024 (NXU6768) - 1/10         187  108537             66,24                            1.675,96D
         Valor  Ref.  Pagto  Tx.  Bombeiros  e Licenc. 2024 -
         NXU6768                                                 187  108545            192,35                            1.868,31D
05/03/24 Valor Ref. Tx. IPVA 2024 (PET5522) - 2/10              3205   95834                              159,99          1.708,32D
         Valor Ref. Pagto Tx. IPVA 2024 (PET5522) - 2/10         187  112399            159,99                            1.868,31D
11/03/24 Valor Ref. Tx. IPVA 2024 (SNS6B74) - 2/10              5747   96253                              298,51          1.569,80D
14/03/24 Valor Ref. Pagto Tx. IPVA 2024 (SNS6B74) - 2/10              114618            298,51                            1.868,31D
15/03/24 Valor Ref. Pagto Tx. IPVA 2024 (PFA1096) - 2/10         187  114812            170,14                            2.038,45D
20/03/24 Valor Ref. Tx. IPVA 2024 (NXU6768) - 2/10              3197   95974                               66,08          1.972,37D
         Valor Ref. Pagto Tx. IPVA 2024 (NXU6768) - 2/10         187  116386             66,08                            2.038,45D
05/04/24 Valor Ref. Tx. IPVA 2024 (PET5522) - 3/10              3205   95842                              159,99          1.878,46D
         Valor  Ref. Compra de pino haste giro na MJ Peças c/
         a NF 1039                                               187  120863            159,99                            2.038,45D
10/04/24 Valor Ref. Tx. IPVA 2024 (SNS6B74) - 3/10              5747   96261                              298,51          1.739,94D
         Valor Ref. Pagto Tx. IPVA 2024 (SNS6B74) - 3/10         187  122670            298,51                            2.038,45D
15/04/24 Valor Ref. Pagto Tx. IPVA 2024 (PFA1096) - 3/10         187  124192            170,14                            2.208,59D
22/04/24 Valor Ref. Tx. IPVA 2024 (NXU6768) - 3/10              3197   95982                               66,08          2.142,51D
         Valor Ref. Pagto Tx. IPVA 2024 (NXU6768) - 3/10         187  126454             66,08                            2.208,59D
06/05/24 Valor Ref. Tx. IPVA 2024 (PET5522) - 4/10              3205   95851                              159,99          2.048,60D
         Valor Ref. Pagto Tx. IPVA 2024 (PET5522) - 4/10         171  130150            159,99                            2.208,59D
10/05/24 Valor Ref. Tx. IPVA 2024 (SNS6B74) - 4/10              5747   96270                              298,51          1.910,08D
         Valor Ref. Pagto Tx. IPVA 2024 (SNS6B74) - 4/10         187  131148            298,51                            2.208,59D
15/05/24 Valor Ref. Pagto Tx. IPVA 2024 (PFA1096) - 4/10         187  132608            170,14                            2.378,73D
20/05/24 Valor Ref. Tx. IPVA 2024 (NXU6768) - 4/10              3197   95991                               66,08          2.312,65D
21/05/24 Valor Ref. Pagto Tx. IPVA 2024 (NXU6768) - 4/10         187  133884             66,08                            2.378,73D
31/05/24 Valor Ref. Tx. IPVA 2024 (NXU6768) - 5/10              3197   96008                               66,08          2.312,65D
         Valor Ref. Tx. IPVA 2024 (NXU6768) - 6/10              3197   96016                               66,08          2.246,57D
         Valor Ref. Tx. IPVA 2024 (NXU6768) - 7/10              3197   96024                               66,08          2.180,49D
         Valor Ref. Tx. IPVA 2024 (NXU6768) - 8/10              3197   96032                               66,08          2.114,41D
         Valor Ref. Tx. IPVA 2024 (NXU6768) - 9/10              3197   96041                               66,08          2.048,33D
         Valor Ref. Tx. IPVA 2024 (NXU6768) - 10/10             3197   96059                               66,08          1.982,25D
         Valor Ref. Pagto Tx. IPVA 2024 (NXU6768) - 5/10         187  138231             66,08                            2.048,33D
         Valor Ref. Pagto Tx. IPVA 2024 (NXU6768) - 6/10         187  138240             66,08                            2.114,41D
         Valor Ref. Pagto Tx. IPVA 2024 (NXU6768) - 7/10         187  138258             66,08                            2.180,49D
         Valor Ref. Pagto Tx. IPVA 2024 (NXU6768) - 8/10         187  138266             66,08                            2.246,57D
         Valor Ref. Pagto Tx. IPVA 2024 (NXU6768) - 9/10         187  138274             66,08                            2.312,65D
         Valor Ref. Pagto Tx. IPVA 2024 (NXU6768) - 10/10        187  138282             66,08                            2.378,73D
05/06/24 Valor Ref. Tx. IPVA 2024 (PET5522) - 5/10              3205   95869                              159,99          2.218,74D
         Valor Ref. Pagto Tx. IPVA 2024 (PET5522) - 5/10         187  139149            159,99                            2.378,73D
10/06/24 Valor Ref. Tx. IPVA 2024 (SNS6B74) - 5/10              5747   96288                              298,51          2.080,22D
         Valor Ref. Pagto Tx. IPVA 2024 (SNS6B74) - 5/10         187  140384            298,51                            2.378,73D
17/06/24 Valor Ref. Pagto Tx. IPVA 2024 (PFA1096) - 5/10         187  143111            170,14                            2.548,87D
05/07/24 Valor Ref. Tx. IPVA 2024 (PET5522) - 6/10              3205   95877                              159,99          2.388,88D
         Valor Ref. Pagto Tx. IPVA 2024 (PET5522) - 6/10         187  147940            159,99                            2.548,87D
10/07/24 Valor Ref. Tx. IPVA 2024 (SNS6B74) - 6/10              5747   96296                              298,51          2.250,36D
         Valor Ref. Pagto Tx. IPVA 2024 (SNS6B74) - 6/10         187  149462            298,51                            2.548,87D
15/07/24 Valor Ref. Pagto Tx. IPVA 2024 (PFA1096) - 6/10         187  150738            170,14                            2.719,01D
05/08/24 Valor Ref. Tx. IPVA 2024 (PET5522) - 7/10              3205   95885                              159,99          2.559,02D
         Valor Ref. Pagto Tx. IPVA 2024 (PET5522) - 7/10         187  155896            159,99                            2.719,01D
12/08/24 Valor Ref. Tx. IPVA 2024 (SNS6B74) - 7/10              5747   96300                              298,51          2.420,50D
         Valor Ref. Pagto Tx. IPVA 2024 (SNS6B74) - 7/10         187  158071            298,51                            2.719,01D
                                                                  TOTAIS =           13.983,84         11.264,83          2.719,01D
**************************************************
                                                  **
                                                    **
                                                      **
                                                        **
                                                          **
                                                            **
                                                              **
                                                                **
                                                                  **
                                                                    **
                                                                      **
                                                                        **
                                                                          **
                                                                            **
                                                                              **
                                                                                **
                                                                                  **************************************************
