WK Sistemas - Demonstração                                         RAZÄO N.    3              DE 10/08/24 ATÉ 19/08/24    PAG.    1
                                                                                                         Data de Emissão : 19/08/24
  DATA   HISTÓRICO                                     CONTRAPARTIDA   CHAVE            DÉBITO           CRÉDITO             SALDO


         1554  3.2.01.01              RE CAT - 01                             
CONTA:   1561  3.2.01.01.01           Combustiveis - RE CAT - 01                                  
         SALDO ANTERIOR                                                                                                  33.583,83D
15/08/24 Valor Ref. Abastec.40 x R$ 5,79 - 178318               7315  159239            231,60                           33.815,43D
17/08/24 Valor Ref. Abastec.40 x R$ 5,79 - 179154 (RE01)        7315  160385            237,60                           34.053,03D
                                                                  TOTAIS =              469,20              0,00         34.053,03D
WK Sistemas - Demonstração                                         RAZÄO N.    3              DE 10/08/24 ATÉ 19/08/24    PAG.    2
                                                                                                         Data de Emissão : 19/08/24
  DATA   HISTÓRICO                                     CONTRAPARTIDA   CHAVE            DÉBITO           CRÉDITO             SALDO


         1732  3.2.01.03              RE CAT - 03                             
CONTA:   1749  3.2.01.03.01           Combustiveis - RE CAT - 03                                  
         SALDO ANTERIOR                                                                                                  66.602,82D
10/08/24 Valor Ref. Abastec.45,45 x R$ 5,79 - 176427            7315  157457            263,15                           66.865,97D
12/08/24 Valor Ref. Abastec.53,805 x R$ 5,79 - 177175           7315  157759            311,53                           67.177,50D
13/08/24 Valor Ref. Abastec.46,529 x R$ 5,79 - 177583           7315  158003            269,40                           67.446,90D
14/08/24 Valor Ref. Abastec.60 x R$ 5,79 - 177969               7315  158780            347,40                           67.794,30D
16/08/24 Valor Ref. Abastec.56,275 x R$ 5,79 - 261867           7315  159646            325,83                           68.120,13D
19/08/24 Valor Ref. Abastec.78,136 x R$ 5,94 - 179961           7315  160458            464,13                           68.584,26D
                                                                  TOTAIS =            1.981,44              0,00         68.584,26D
WK Sistemas - Demonstração                                         RAZÄO N.    3              DE 10/08/24 ATÉ 19/08/24    PAG.    3
                                                                                                         Data de Emissão : 19/08/24
  DATA   HISTÓRICO                                     CONTRAPARTIDA   CHAVE            DÉBITO           CRÉDITO             SALDO


         1821  3.2.01.04              EH CAT - 01                             
CONTA:   1838  3.2.01.04.01           Combustiveis - EH CAT - 01                                  
         SALDO ANTERIOR                                                                                                 132.640,84D
12/08/24 Valor Ref. Abastec.160,004 x R$ 5,79 - 177177          7315  157783            926,42                          133.567,26D
13/08/24 Valor Ref. Abastec.160 x R$ 5,79 - 260664              7315  158364            926,40                          134.493,66D
14/08/24 Valor Ref. Abastec.200 x R$ 5,79 - 177986              7315  158810          1.158,02                          135.651,68D
16/08/24 Valor Ref. Abastec.200 x R$ 5,79 - 178741              7315  159662          1.158,00                          136.809,68D
19/08/24 Valor Ref. Abastec.200 x R$ 5,94 - 179967              7315  160415          1.188,00                          137.997,68D
                                                                  TOTAIS =            5.356,84              0,00        137.997,68D
WK Sistemas - Demonstração                                         RAZÄO N.    3              DE 10/08/24 ATÉ 19/08/24    PAG.    4
                                                                                                         Data de Emissão : 19/08/24
  DATA   HISTÓRICO                                     CONTRAPARTIDA   CHAVE            DÉBITO           CRÉDITO             SALDO


         4819  3.2.01.06              RE JCB 04                               
CONTA:   4825  3.2.01.06.01           Combustíveis - RE JCB - 04                                  
         SALDO ANTERIOR                                                                                                  86.737,47D
10/08/24 Valor Ref. Abastec.113,753 x R$ 5,79 - 176464          7315  157465            658,63                           87.396,10D
12/08/24 Valor Ref. Abastec.53,558 x R$ 5,79 - 177172           7315  157741            310,10                           87.706,20D
13/08/24 Valor Ref. Abastec.33,625 x R$ 5,79 - 260625           7315  157970            194,69                           87.900,89D
15/08/24 Valor Ref. Abastec.60 x R$ 5,79 - 178318               7315  159271            347,40                           88.248,29D
17/08/24 Valor Ref. Abastec.60 x R$ 5,79 - 179149               7315  160342            347,40                           88.595,69D
19/08/24 Valor Ref. Abastec.41,428 x R$ 5,94 - 179975           7315  160440            246,08                           88.841,77D
                                                                  TOTAIS =            2.104,30              0,00         88.841,77D
WK Sistemas - Demonstração                                         RAZÄO N.    3              DE 10/08/24 ATÉ 19/08/24    PAG.    5
                                                                                                         Data de Emissão : 19/08/24
  DATA   HISTÓRICO                                     CONTRAPARTIDA   CHAVE            DÉBITO           CRÉDITO             SALDO


         6787  3.2.01.07              RE JCB 05                               
CONTA:   6793  3.2.01.07.01           Combustiveis - RE JCB - 05                                  
         SALDO ANTERIOR                                                                                                  25.915,30D
10/08/24 Valor Ref. Abastec.58,889 x R$ 5,79 - 176445           7315  157473            340,97                           26.256,27D
12/08/24 Valor Ref. Abastec.79,313 x R$ 5,79 - 177179           7315  157775            459,22                           26.715,49D
13/08/24 Valor Ref. Abastec.42,796 x R$ 5,79 - 177581           7315  157988            247,79                           26.963,28D
14/08/24 Valor Ref. Abastec.80,465 x R$ 5,79 - 178005           7315  158836            465,89                           27.429,17D
15/08/24 Valor Ref. Abastec.75,173 x R$ 5,79 - 178304           7315  159204            435,25                           27.864,42D
16/08/24 Valor Ref. Abastec.63,983 x R$ 5,79 - 178726           7315  159620            370,46                           28.234,88D
17/08/24 Valor Ref. Abastec.67,335 x R$ 5,94 - 179157           7315  160351            399,97                           28.634,85D
         Valor Ref. Abastec.74,811 x R$ 5,94 - 179509           7315  160407            444,38                           29.079,23D
                                                                  TOTAIS =            3.163,93              0,00         29.079,23D
WK Sistemas - Demonstração                                         RAZÄO N.    3              DE 10/08/24 ATÉ 19/08/24    PAG.    6
                                                                                                         Data de Emissão : 19/08/24
  DATA   HISTÓRICO                                     CONTRAPARTIDA   CHAVE            DÉBITO           CRÉDITO             SALDO


         6942  3.2.02.08              CB SANTOS LINS                          
CONTA:   6959  3.2.02.08.01           Combustiveis - CB Santos Lins                               
         SALDO ANTERIOR                                                                                                  12.033,94D
13/08/24 Valor Ref. Abastec.161,024 x R$ 5,79 - 177582          7315  157996            932,33                           12.966,27D
16/08/24 Valor Ref. Abastec.137,727 x R$ 5,79 - 178732          7315  159654            797,43                           13.763,70D
                                                                  TOTAIS =            1.729,76              0,00         13.763,70D

**
**
**
 **
   **
     **
       **
         **
           **
             **
               **
                 **
                   **
                     **
                       **
                         **
                           **
                             **
                               **
                                 **
                                   **
                                     **
                                       **
                                         **
                                           **
                                             **
                                               **
                                                 **
                                                   **
                                                     **
                                                       **
                                                         **
                                                           **
                                                             **
                                                               **
                                                                 **
                                                                   **
                                                                     **
                                                                       **
                                                                         **
                                                                           **
                                                                             **
                                                                               **
                                                                                 **
                                                                                   **
                                                                                     **
                                                                                       **
                                                                                         **
                                                                                           **
                                                                                             **
                                                                                               **
                                                                                                 **
                                                                                                   **
                                                                                                     **
                                                                                                       **
                                                                                                         **
                                                                                                           **
                                                                                                             **
                                                                                                               **
                                                                                                                 **
                                                                                                                   **
                                                                                                                     **
                                                                                                                       **
                                                                                                                         **
                                                                                                                           **
                                                                                                                             **
                                                                                                                               **
                                                                                                                                 **
                                                                                                                                   **
                                                                                                                                     **
                                                                                                                                       **
                                                                                                                                         
