WK Sistemas - Demonstração                                              BALANCETE     PERÍODO DE 14/06/24 ATÉ 14/06/24   FOLHA    1
                                                                                                         Data de Emissão : 14/06/24
        NOME                                                    SALDO ANTERIOR          DÉBITOS         CRÉDITOS       SALDO ATUAL


PASSIVO                                                      

  CIRCULANTE                                                 

    FORNECEDORES                                             
      AGR Ambiental                                                  39.359,88             0,00             0,00         39.359,88 
      BR Peças e Serviços                                             1.995,00             0,00             0,00          1.995,00 
      Bartô Hidráulica                                                4.000,00             0,00             0,00          4.000,00 
      Casa do Ar p/ Autos                                             2.015,00             0,00             0,00          2.015,00 
      Falcon Vigilância                                                 403,92             0,00             0,00            403,92 
      HS da Silva Com. e Serv. ME                                       610,00             0,00             0,00            610,00 
      JBM Auto Car                                                     (255,00)            0,00             0,00           (255,00)
      Locape                                                             64,00             0,00             0,00             64,00 
      M&J Peças                                                       2.225,00             0,00             0,00          2.225,00 
      MC Gases                                                          350,00             0,00             0,00            350,00 
      Oficina Estrela Diesel                                              0,00             0,00         2.401,00          2.401,00 
      Oficina de Molas Bom Jesus                                      1.606,00             0,00             0,00          1.606,00 
      Oi Fibra                                                           99,85             0,00             0,00             99,85 
      Pneubom                                                          (765,00)            0,00             0,00           (765,00)
      RCC Recicladora                                                 7.000,00             0,00             0,00          7.000,00 
      Silvia Fardamentos                                              1.000,00             0,00             0,00          1.000,00 
      São João Auto Peças                                                 0,00             0,00           863,00            863,00 
      Vertical Peças                                                    194,18             0,00             0,00            194,18 

    ** Total de FORNECEDORES                                         59.902,83             0,00         3.264,00         63.166,83 

    SERVIÇOS TERCEIRIZADOS                                   

      CAÇAMBEIROS                                            

        CAÇAMBAS DIVERSAS                                    
          CB Ailton                                                  10.780,00             0,00             0,00         10.780,00 
          CB Lourenço                                                 4.690,00             0,00             0,00          4.690,00 

          FLORIANO                                           
            CB HVC-1036 Jean                                          7.704,08             0,00             0,00          7.704,08 
            CB JQR-2H64 Nem                                          12.370,36             0,00             0,00         12.370,36 

          ** Total de FLORIANO                                       20.074,44             0,00             0,00         20.074,44 

          CB Santos & Lins                                   
            CB Santos Lins JJZ-2H88                                   1.000,00             0,00             0,00          1.000,00 

          ** Total de CB Santos & Lins                                1.000,00             0,00             0,00          1.000,00 

        ** Total de CAÇAMBAS DIVERSAS                                36.544,44             0,00             0,00         36.544,44 

      ** Total de CAÇAMBEIROS                                        36.544,44             0,00             0,00         36.544,44 

      OUTROS SERVIÇOS                                        
        Diogo Alves                                                   1.000,00             0,00             0,00          1.000,00 
        João Aprigio                                                 12.500,00             0,00             0,00         12.500,00 
        Regi Demolição                                              (14.374,00)            0,00             0,00        (14.374,00)
        Roberto Pedreiro                                               (680,00)            0,00             0,00           (680,00)
        Samuel Mecânico                                               1.500,00             0,00             0,00          1.500,00 

      ** Total de OUTROS SERVIÇOS                                       (54,00)            0,00             0,00            (54,00)

    ** Total de SERVIÇOS TERCEIRIZADOS                               36.490,44             0,00             0,00         36.490,44 

    EMPRESTIMENTOS E FINANCIAMENTOS                          

      BANCOS                                                 
        Banco Volks                                                   2.398,96             0,00             0,00          2.398,96 
        Bradesco - Iveco                                               (232,97)            0,00             0,00           (232,97)

      ** Total de BANCOS                                              2.165,99             0,00             0,00          2.165,99 

      TERCEIROS                                              
        Antonio Jr                                                  123.438,14             0,00             0,00        123.438,14 

      ** Total de TERCEIROS                                         123.438,14             0,00             0,00        123.438,14 

      CARTOES DE CREDITO                                     
        Cartão Inter Jr                                                  82,00             0,00             0,00             82,00 
        Cartão Magalu                                                (1.114,58)            0,00             0,00         (1.114,58)
        Hipercard                                                   (17.520,37)            0,00             0,00        (17.520,37)

      ** Total de CARTOES DE CREDITO                                (18.552,95)            0,00             0,00        (18.552,95)

    ** Total de EMPRESTIMENTOS E FINANCIAMENTOS                     107.051,18             0,00             0,00        107.051,18 

    ADIANT. RECEBIDOS                                        

      CLIENTES                                               
WK Sistemas - Demonstração                                              BALANCETE     PERÍODO DE 14/06/24 ATÉ 14/06/24   FOLHA    2
                                                                                                         Data de Emissão : 14/06/24
        NOME                                                    SALDO ANTERIOR          DÉBITOS         CRÉDITOS       SALDO ATUAL

        Açomais                                                         650,00             0,00             0,00            650,00 
        BLG Negócios                                                  3.700,00             0,00             0,00          3.700,00 
        CJ Engenharia                                                18.000,00             0,00             0,00         18.000,00 
        Const Santo Antonio                                         120.000,00             0,00             0,00        120.000,00 
        Diogo Sítio                                                  17.000,00             0,00             0,00         17.000,00 
        Domi Construtora                                            110.000,00             0,00             0,00        110.000,00 
        Eletron Watts                                                 8.000,00             0,00             0,00          8.000,00 
        JMA                                                           1.000,00             0,00             0,00          1.000,00 
        Max Aurora - Veiga                                           28.930,97             0,00             0,00         28.930,97 
        Nova Mobi                                                     1.500,00             0,00             0,00          1.500,00 
        Padaria Rosarinho                                            28.000,00             0,00             0,00         28.000,00 
        Parvi segur. Plus Imoveis                                    38.532,88             0,00             0,00         38.532,88 
        Recibom                                                      66.666,66             0,00             0,00         66.666,66 
        Vaga Engenharia                                              15.000,00             0,00             0,00         15.000,00 

      ** Total de CLIENTES                                          456.980,51             0,00             0,00        456.980,51 

    ** Total de ADIANT. RECEBIDOS                                   456.980,51             0,00             0,00        456.980,51 

    IMPOSTOS E TRIBUTOS                                      

      MUNICIPAIS                                             
        Foro Olinda - Programação                                       367,17             0,00             0,00            367,17 
        ISS - Programação                                               973,04             0,00             0,00            973,04 

      ** Total de MUNICIPAIS                                          1.340,21             0,00             0,00          1.340,21 

      FEDERAIS                                               
        CSLL - Programação                                            6.947,63             0,00             0,00          6.947,63 
        INSS - Programação                                           96.046,00             0,00             0,00         96.046,00 
        IRPJ - Programação                                            1.327,90             0,00             0,00          1.327,90 

      ** Total de FEDERAIS                                          104.321,53             0,00             0,00        104.321,53 

      ESTADUAIS                                              
        DETRAN - PE                                                   4.508,19             0,00             0,00          4.508,19 
        SEFAZ                                                        24.970,18             0,00             0,00         24.970,18 

      ** Total de ESTADUAIS                                          29.478,37             0,00             0,00         29.478,37 

    ** Total de IMPOSTOS E TRIBUTOS                                 135.140,11             0,00             0,00        135.140,11 

    SALARIOS/ PROVENTOS                                      
      Pró-labore - programação                                     (125.394,91)            0,00             0,00       (125.394,91)

    ** Total de SALARIOS/ PROVENTOS                                (125.394,91)            0,00             0,00       (125.394,91)

  ** Total de CIRCULANTE                                            670.170,16             0,00         3.264,00        673.434,16 

** Total de PASSIVO                                                 670.170,16             0,00         3.264,00        673.434,16 
