WK Sistemas - Demonstração                                         RAZÄO N.    3              DE 01/10/23 ATÉ 18/01/24    PAG.    1
                                                                                                         Data de Emissão : 19/01/24
  DATA   HISTÓRICO                                     CONTRAPARTIDA   CHAVE            DÉBITO           CRÉDITO             SALDO


          709  2.1.01                 FORNECEDORES                            
CONTA:    922  2.1.01.01              Rastreamento EMLURB                                         
         SALDO ANTERIOR                                                                                                   5.208,00C
06/10/23 Valor  Ref.  Pagto  do sinal do acordo (abril, maio,
         junho/2023)                                             187   68357          5.208,00                                0,00 
25/10/23 Valor  Ref.  BM  20 e NFSe 1357 - Rastream. EMLURB -
         Vencto 20/10/23                                        2721   68365                            1.340,00          1.340,00C
         Valor  Ref.  BM  20  e  Recibo  2450  - Rastreamento
         EMLURB - Vencto 20/10/23                               2721   68373                              396,00          1.736,00C
         Valor  Ref.  Pagto  BM  20  e  NFSe 1357 - Rastream.
         EMLURB - Vencto 20/10/23                                187   72711          1.340,00                              396,00C
         Valor  Ref. Pagto BM 20 e Recibo 2450 - Rastreamento
         EMLURB - Vencto 20/10/23                                187   72729            396,00                                0,00 
                                                                  TOTAIS =            6.944,00          1.736,00              0,00 
06/11/23 Valor  Ref.  Acordo  1/3  BM  17 e NFSe  - Rastream.
         EMLURB - Vencto 20/07/23                               2721   56596                            1.736,00          1.736,00C
         Valor  Ref.  Pagto  Acordo  1/3  BM  17  e  NFSe   -
         Rastream. EMLURB - Vencto 20/07/23                      187   75175          1.736,00                                0,00 
28/11/23 Valor  Ref.  BM  21 e NFSe 1397 - Rastream. EMLURB -
         Vencto 20/11/23                                        2721   75728                            1.340,00          1.340,00C
         Valor  Ref.  BM  21  e  Recibo  2490  - Rastreamento
         EMLURB - Vencto 20/11/23                               2721   75736                              396,00          1.736,00C
         Valor  Ref.  Pagto  BM  21  e  NFSe 1397 - Rastream.
         EMLURB - Vencto 20/11/23                                187   82171          1.340,00                              396,00C
         Valor  Ref. Pagto BM 21 e Recibo 2490 - Rastreamento
         EMLURB - Vencto 20/11/23                                187   82180            396,00                                0,00 
                                                                  TOTAIS =            3.472,00          3.472,00              0,00 
06/12/23 Valor  Ref.  Acordo  2/3  BM  18 e NFSe  - Rastream.
         EMLURB - Vencto 20/08/23                               2721   56618                            1.736,00          1.736,00C
         Valor  Ref.  Pagto  Acordo  2/3  BM  18  e  NFSe   -
         Rastream. EMLURB - Vencto 20/08/23                      187   84042          1.736,00                                0,00 
                                                                  TOTAIS =            1.736,00          1.736,00              0,00 
06/01/24 Valor  Ref.  Acordo  3/3  BM  19 e NFSe  - Rastream.
         EMLURB - Vencto 20/09/23                               2721   66931                            1.736,00          1.736,00C
08/01/24 Valor  Ref.  Pagto  Acordo  3/3  BM  19  e  NFSe   -
         Rastream. EMLURB - Vencto 20/09/23                      187   96521          1.736,00                                0,00 
10/01/24 Valor  Ref.  BM  22 e NFSe 1407 - Rastream. EMLURB -
         Vencto 28/12/23                                        2721   84611                            1.352,50          1.352,50C
         Valor  Ref.  BM  22  e  Recibo  2540  - Rastreamento
         EMLURB - Vencto 28/12/23                               2721   84620                              495,00          1.847,50C
                                                                  TOTAIS =            1.736,00          3.583,50          1.847,50C
******************************
                              **
                                **
                                  **
                                    **
                                      **
                                        **
                                          **
                                            **
                                              **
                                                **
                                                  **
                                                    **
                                                      **
                                                        **
                                                          **
                                                            **
                                                              **
                                                                **
                                                                  **
                                                                    **
                                                                      **
                                                                        **
                                                                          **
                                                                            **
                                                                              **
                                                                                **
                                                                                  **
                                                                                    **
                                                                                      **
                                                                                        **
                                                                                          **
                                                                                            **
                                                                                              **
                                                                                                **
                                                                                                  **
                                                                                                    **
                                                                                                      ******************************
