WK Sistemas - Demonstração                                         RAZÄO N.    3              DE 15/03/25 ATÉ 17/03/25    PAG.    1
                                                                                                         Data de Emissão : 18/03/25
  DATA   HISTÓRICO                                     CONTRAPARTIDA   CHAVE            DÉBITO           CRÉDITO             SALDO


           81  1.1.01.02              BANCOS                                  
CONTA:    187  1.1.01.02.01           Banco Itau - Junior                                         
         SALDO ANTERIOR                                                                                                  23.873,16D
15/03/25 Valor Ref. prolabore                                   2507  229920                               50,00         23.823,16D
         Valor Ref. prolabore                                   2507  229938                              250,00         23.573,16D
         Valor Ref. prolabore                                   2507  229946                               50,00         23.523,16D
         Valor Ref. adm div                                     2507  229962                               95,00         23.428,16D
         Valor   Ref.  Abastec.  73,743  x  R$  6,19  na  APR
         Combust. c/ a NFCe 262790                              1749  230049                              456,46         22.971,70D
         Valor Ref. Pagto do serviço de mecânica (Madson)             230383                              600,00         22.371,70D
         Valor Ref. Pagto do cartão Nem                         4794  230413                            9.293,73         13.077,97D
         Valor   Ref.   Pagto   do   aluguel  da  Retro  (JMA
         Camaragibe) - Leonardo                                 3241  230421                            5.000,00          8.077,97D
         Valor Ref. Compra de mangueira na Mangoflex            1695  230448                              170,00          7.907,97D
17/03/25 Valor Ref. Pagto do adiant. produção (CB Ailton)        974  230031                              500,00          7.407,97D
         Valor   Ref.   Pagto   Contribuição   Previdenciaria
         (Kabbaz)                                               5405  230111                              150,00          7.257,97D
         Valor  Ref.  Pagto  de  Uber  (Marcio)  -  MJ Peças/
         Garagem                                                1666  230219                               22,15          7.235,82D
         Valor Ref. Compra de mantimentos                       1494  230227                               33,96          7.201,86D
         Valor Ref. Compra de mantimentos                       1494  230235                              472,76          6.729,10D
         Valor Ref. Compra de carne                             1494  230243                              456,00          6.273,10D
         Valor  Ref. Abastec. 44,625 x R$ 6,51 na APR Combust
         c/ a NFCe 263606                                       5724  230251                              290,51          5.982,59D
         Valor  Ref.  Abastec.  127,879  x R$ 6,19 (RE05), 60
         (RE02) e 240 (EH01) na APR Combust c/ a NFCe 263604          230260                            2.648,57          3.334,02D
         Valor Ref. Almoço (Antonio e Nem)                      3241  230456                              143,00          3.191,02D
         Valor  Ref.  Abastec.  20,431  x  R$  4,84 (Kombi) e
         165,367  x  R$  6,19  (JJZ2H88)  na APR Combust c/ a
         NFCe 8436                                                    230561                            1.118,42          2.072,60D
         Valor Ref. Desp ADM (Tiago)                            2721  230642                               30,00          2.042,60D
                                                                  TOTAIS =                0,00         21.830,56          2.042,60D
*********************
                     **
                       **
                         **
                           **
                             **
                               **
                                 **
                                   **
                                     **
                                       **
                                         **
                                           **
                                             **
                                               **
                                                 **
                                                   **
                                                     **
                                                       **
                                                         **
                                                           **
                                                             **
                                                               **
                                                                 **
                                                                   **
                                                                     **
                                                                       **
                                                                         **
                                                                           **
                                                                             **
                                                                               **
                                                                                 **
                                                                                   **
                                                                                     **
                                                                                       **
                                                                                         **
                                                                                           **
                                                                                             **
                                                                                               **
                                                                                                 **
                                                                                                   **
                                                                                                     **
                                                                                                       **
                                                                                                         **
                                                                                                           **
                                                                                                             **
                                                                                                               *********************
