WK Sistemas - Demonstração                                         RAZÄO N.    3              DE 12/03/24 ATÉ 12/03/24    PAG.    1
                                                                                                         Data de Emissão : 16/05/24
  DATA   HISTÓRICO                                     CONTRAPARTIDA   CHAVE            DÉBITO           CRÉDITO             SALDO


           81  1.1.01.02              BANCOS                                  
CONTA:    187  1.1.01.02.01           Banco Itau - Junior                                         
         SALDO ANTERIOR                                                                                                   4.164,66D
12/03/24 Valor Ref. Pagto de 6 Almoços (demolição)              5552  114201                               90,00          4.074,66D
         Valor Ref. Mantimentos                                 1494  114219                               24,40          4.050,26D
         Valor Ref. Mantimentos                                 1494  114235                              112,62          3.937,64D
         Valor Ref. Mantimentos (verduras)                      1494  114243                               74,30          3.863,34D
         Valor   Ref.  Pagto  do  Exame  ASO  Admissional  na
         UltraMed   Saúde   (Equipe  de  Demolição  Manual  -
         Jardeilson)                                            2721  114251                               49,00          3.814,34D
         Valor Ref. Mantimentos (farinha de trigo)              1494  114260                                4,69          3.809,65D
         Valor Ref. Mantimentos (fermento e açúcar)             1494  114278                               10,93          3.798,72D
         Valor Ref. Mantimentos (carne)                         1494  114294                               99,66          3.699,06D
         Valor  Ref.  Compra  de cabeçote de filtro na Trator
         Parts c/ a NF 37674                                    1784  114332                              250,00          3.449,06D
         Valor Ref. Pagto NF RCC 1023 - Partemp                 3910  114359                            6.831,31          3.382,25C
         Valor Ref. Pagto de Uber (Otacílio)                    2721  114375                               13,54          3.395,79C
         Valor Ref. Pagto dos serviços (RE03)                   1755  114391                              120,00          3.515,79C
         Valor  Ref.  Pagto  do  serviço  do conserto do pneu
         (RE04) em Borracharia Recife                           4861  114405                               80,00          3.595,79C
         Valor Ref. Receb. bm40 Dalla Nora  Flor de Santana      320  115061         12.476,67                            8.880,88D
                                                                  TOTAIS =           12.476,67          7.760,45          8.880,88D
****
    **
      **
        **
          **
            **
              **
                **
                  **
                    **
                      **
                        **
                          **
                            **
                              **
                                **
                                  **
                                    **
                                      **
                                        **
                                          **
                                            **
                                              **
                                                **
                                                  **
                                                    **
                                                      **
                                                        **
                                                          **
                                                            **
                                                              **
                                                                **
                                                                  **
                                                                    **
                                                                      **
                                                                        **
                                                                          **
                                                                            **
                                                                              **
                                                                                **
                                                                                  **
                                                                                    **
                                                                                      **
                                                                                        **
                                                                                          **
                                                                                            **
                                                                                              **
                                                                                                **
                                                                                                  **
                                                                                                    **
                                                                                                      **
                                                                                                        **
                                                                                                          **
                                                                                                            **
                                                                                                              **
                                                                                                                **
                                                                                                                  **
                                                                                                                    **
                                                                                                                      **
                                                                                                                        **
                                                                                                                          **
                                                                                                                            **
                                                                                                                              **
                                                                                                                                ****
